Component: ARM Compiler 5.06 update 6 (build 750) Tool: armlink [4d35ed]

==============================================================================

Section Cross References

    startup_stm32f40xx.o(RESET) refers to startup_stm32f40xx.o(STACK) for __initial_sp
    startup_stm32f40xx.o(RESET) refers to startup_stm32f40xx.o(.text) for Reset_Handler
    startup_stm32f40xx.o(RESET) refers to stm32f4xx_it.o(i.NMI_Handler) for NMI_Handler
    startup_stm32f40xx.o(RESET) refers to stm32f4xx_it.o(i.HardFault_Handler) for HardFault_Handler
    startup_stm32f40xx.o(RESET) refers to stm32f4xx_it.o(i.MemManage_Handler) for MemManage_Handler
    startup_stm32f40xx.o(RESET) refers to stm32f4xx_it.o(i.BusFault_Handler) for BusFault_Handler
    startup_stm32f40xx.o(RESET) refers to stm32f4xx_it.o(i.UsageFault_Handler) for UsageFault_Handler
    startup_stm32f40xx.o(RESET) refers to stm32f4xx_it.o(i.SVC_Handler) for SVC_Handler
    startup_stm32f40xx.o(RESET) refers to stm32f4xx_it.o(i.DebugMon_Handler) for DebugMon_Handler
    startup_stm32f40xx.o(RESET) refers to os_cpu_a.o(CODE) for OS_CPU_PendSVHandler
    startup_stm32f40xx.o(RESET) refers to os_cpu_c.o(i.OS_CPU_SysTickHandler) for OS_CPU_SysTickHandler
    startup_stm32f40xx.o(RESET) refers to stm32f4xx_it.o(i.USART1_IRQHandler) for USART1_IRQHandler
    startup_stm32f40xx.o(.text) refers to system_stm32f4xx.o(i.SystemInit) for SystemInit
    startup_stm32f40xx.o(.text) refers to entry.o(.ARM.Collect$$$$00000000) for __main
    system_stm32f4xx.o(i.SystemCoreClockUpdate) refers to system_stm32f4xx.o(.data) for SystemCoreClock
    system_stm32f4xx.o(i.SystemInit) refers to system_stm32f4xx.o(i.SetSysClock) for SetSysClock
    stm32f4xx_adc.o(i.ADC_DeInit) refers to stm32f4xx_rcc.o(i.RCC_APB2PeriphResetCmd) for RCC_APB2PeriphResetCmd
    stm32f4xx_can.o(i.CAN_DeInit) refers to stm32f4xx_rcc.o(i.RCC_APB1PeriphResetCmd) for RCC_APB1PeriphResetCmd
    stm32f4xx_can.o(i.CAN_GetITStatus) refers to stm32f4xx_can.o(i.CheckITStatus) for CheckITStatus
    stm32f4xx_cryp.o(i.CRYP_DeInit) refers to stm32f4xx_rcc.o(i.RCC_AHB2PeriphResetCmd) for RCC_AHB2PeriphResetCmd
    stm32f4xx_cryp_aes.o(i.CRYP_AES_CBC) refers to stm32f4xx_cryp.o(i.CRYP_KeyStructInit) for CRYP_KeyStructInit
    stm32f4xx_cryp_aes.o(i.CRYP_AES_CBC) refers to stm32f4xx_cryp.o(i.CRYP_FIFOFlush) for CRYP_FIFOFlush
    stm32f4xx_cryp_aes.o(i.CRYP_AES_CBC) refers to stm32f4xx_cryp.o(i.CRYP_Init) for CRYP_Init
    stm32f4xx_cryp_aes.o(i.CRYP_AES_CBC) refers to stm32f4xx_cryp.o(i.CRYP_KeyInit) for CRYP_KeyInit
    stm32f4xx_cryp_aes.o(i.CRYP_AES_CBC) refers to stm32f4xx_cryp.o(i.CRYP_Cmd) for CRYP_Cmd
    stm32f4xx_cryp_aes.o(i.CRYP_AES_CBC) refers to stm32f4xx_cryp.o(i.CRYP_GetFlagStatus) for CRYP_GetFlagStatus
    stm32f4xx_cryp_aes.o(i.CRYP_AES_CBC) refers to stm32f4xx_cryp.o(i.CRYP_IVInit) for CRYP_IVInit
    stm32f4xx_cryp_aes.o(i.CRYP_AES_CBC) refers to stm32f4xx_cryp.o(i.CRYP_GetCmdStatus) for CRYP_GetCmdStatus
    stm32f4xx_cryp_aes.o(i.CRYP_AES_CBC) refers to stm32f4xx_cryp.o(i.CRYP_DataIn) for CRYP_DataIn
    stm32f4xx_cryp_aes.o(i.CRYP_AES_CBC) refers to stm32f4xx_cryp.o(i.CRYP_DataOut) for CRYP_DataOut
    stm32f4xx_cryp_aes.o(i.CRYP_AES_CCM) refers to stm32f4xx_cryp.o(i.CRYP_KeyStructInit) for CRYP_KeyStructInit
    stm32f4xx_cryp_aes.o(i.CRYP_AES_CCM) refers to stm32f4xx_cryp.o(i.CRYP_FIFOFlush) for CRYP_FIFOFlush
    stm32f4xx_cryp_aes.o(i.CRYP_AES_CCM) refers to stm32f4xx_cryp.o(i.CRYP_KeyInit) for CRYP_KeyInit
    stm32f4xx_cryp_aes.o(i.CRYP_AES_CCM) refers to stm32f4xx_cryp.o(i.CRYP_IVInit) for CRYP_IVInit
    stm32f4xx_cryp_aes.o(i.CRYP_AES_CCM) refers to stm32f4xx_cryp.o(i.CRYP_Init) for CRYP_Init
    stm32f4xx_cryp_aes.o(i.CRYP_AES_CCM) refers to stm32f4xx_cryp.o(i.CRYP_PhaseConfig) for CRYP_PhaseConfig
    stm32f4xx_cryp_aes.o(i.CRYP_AES_CCM) refers to stm32f4xx_cryp.o(i.CRYP_DataIn) for CRYP_DataIn
    stm32f4xx_cryp_aes.o(i.CRYP_AES_CCM) refers to stm32f4xx_cryp.o(i.CRYP_Cmd) for CRYP_Cmd
    stm32f4xx_cryp_aes.o(i.CRYP_AES_CCM) refers to stm32f4xx_cryp.o(i.CRYP_GetCmdStatus) for CRYP_GetCmdStatus
    stm32f4xx_cryp_aes.o(i.CRYP_AES_CCM) refers to stm32f4xx_cryp.o(i.CRYP_GetFlagStatus) for CRYP_GetFlagStatus
    stm32f4xx_cryp_aes.o(i.CRYP_AES_CCM) refers to stm32f4xx_cryp.o(i.CRYP_DataOut) for CRYP_DataOut
    stm32f4xx_cryp_aes.o(i.CRYP_AES_CTR) refers to stm32f4xx_cryp.o(i.CRYP_KeyStructInit) for CRYP_KeyStructInit
    stm32f4xx_cryp_aes.o(i.CRYP_AES_CTR) refers to stm32f4xx_cryp.o(i.CRYP_KeyInit) for CRYP_KeyInit
    stm32f4xx_cryp_aes.o(i.CRYP_AES_CTR) refers to stm32f4xx_cryp.o(i.CRYP_Init) for CRYP_Init
    stm32f4xx_cryp_aes.o(i.CRYP_AES_CTR) refers to stm32f4xx_cryp.o(i.CRYP_IVInit) for CRYP_IVInit
    stm32f4xx_cryp_aes.o(i.CRYP_AES_CTR) refers to stm32f4xx_cryp.o(i.CRYP_FIFOFlush) for CRYP_FIFOFlush
    stm32f4xx_cryp_aes.o(i.CRYP_AES_CTR) refers to stm32f4xx_cryp.o(i.CRYP_Cmd) for CRYP_Cmd
[...]
    __Vectors_End                            0x08000188   Data           0  startup_stm32f40xx.o(RESET)
    __main                                   0x08000189   Thumb Code     0  entry.o(.ARM.Collect$$$$00000000)
    _main_stk                                0x08000189   Thumb Code     0  entry2.o(.ARM.Collect$$$$00000001)
    _main_scatterload                        0x0800018d   Thumb Code     0  entry5.o(.ARM.Collect$$$$00000004)
    __main_after_scatterload                 0x08000191   Thumb Code     0  entry5.o(.ARM.Collect$$$$00000004)
    _main_clock                              0x08000191   Thumb Code     0  entry7b.o(.ARM.Collect$$$$00000008)
    _main_cpp_init                           0x08000191   Thumb Code     0  entry8b.o(.ARM.Collect$$$$0000000A)
    _main_init                               0x08000191   Thumb Code     0  entry9a.o(.ARM.Collect$$$$0000000B)
    __rt_final_cpp                           0x08000199   Thumb Code     0  entry10a.o(.ARM.Collect$$$$0000000D)
    __rt_final_exit                          0x08000199   Thumb Code     0  entry11a.o(.ARM.Collect$$$$0000000F)
    Reset_Handler                            0x0800019d   Thumb Code    40  startup_stm32f40xx.o(.text)
    ADC_IRQHandler                           0x080001d7   Thumb Code     0  startup_stm32f40xx.o(.text)
    CAN1_RX0_IRQHandler                      0x080001d7   Thumb Code     0  startup_stm32f40xx.o(.text)
    CAN1_RX1_IRQHandler                      0x080001d7   Thumb Code     0  startup_stm32f40xx.o(.text)
    CAN1_SCE_IRQHandler                      0x080001d7   Thumb Code     0  startup_stm32f40xx.o(.text)
    CAN1_TX_IRQHandler                       0x080001d7   Thumb Code     0  startup_stm32f40xx.o(.text)
    CAN2_RX0_IRQHandler                      0x080001d7   Thumb Code     0  startup_stm32f40xx.o(.text)
    CAN2_RX1_IRQHandler                      0x080001d7   Thumb Code     0  startup_stm32f40xx.o(.text)
    CAN2_SCE_IRQHandler                      0x080001d7   Thumb Code     0  startup_stm32f40xx.o(.text)
    CAN2_TX_IRQHandler                       0x080001d7   Thumb Code     0  startup_stm32f40xx.o(.text)
    CRYP_IRQHandler                          0x080001d7   Thumb Code     0  startup_stm32f40xx.o(.text)
    DCMI_IRQHandler                          0x080001d7   Thumb Code     0  startup_stm32f40xx.o(.text)
    DMA1_Stream0_IRQHandler                  0x080001d7   Thumb Code     0  startup_stm32f40xx.o(.text)
    DMA1_Stream1_IRQHandler                  0x080001d7   Thumb Code     0  startup_stm32f40xx.o(.text)
    DMA1_Stream2_IRQHandler                  0x080001d7   Thumb Code     0  startup_stm32f40xx.o(.text)
    DMA1_Stream3_IRQHandler                  0x080001d7   Thumb Code     0  startup_stm32f40xx.o(.text)
    DMA1_Stream4_IRQHandler                  0x080001d7   Thumb Code     0  startup_stm32f40xx.o(.text)
    DMA1_Stream5_IRQHandler                  0x080001d7   Thumb Code     0  startup_stm32f40xx.o(.text)
    DMA1_Stream6_IRQHandler                  0x080001d7   Thumb Code     0  startup_stm32f40xx.o(.text)
    DMA1_Stream7_IRQHandler                  0x080001d7   Thumb Code     0  startup_stm32f40xx.o(.text)
    DMA2_Stream0_IRQHandler                  0x080001d7   Thumb Code     0  startup_stm32f40xx.o(.text)
    DMA2_Stream1_IRQHandler                  0x080001d7   Thumb Code     0  startup_stm32f40xx.o(.text)
    DMA2_Stream2_IRQHandler                  0x080001d7   Thumb Code     0  startup_stm32f40xx.o(.text)
    DMA2_Stream3_IRQHandler                  0x080001d7   Thumb Code     0  startup_stm32f40xx.o(.text)
    DMA2_Stream4_IRQHandler                  0x080001d7   Thumb Code     0  startup_stm32f40xx.o(.text)
    DMA2_Stream5_IRQHandler                  0x080001d7   Thumb Code     0  startup_stm32f40xx.o(.text)
    DMA2_Stream6_IRQHandler                  0x080001d7   Thumb Code     0  startup_stm32f40xx.o(.text)
    DMA2_Stream7_IRQHandler                  0x080001d7   Thumb Code     0  startup_stm32f40xx.o(.text)
    ETH_IRQHandler                           0x080001d7   Thumb Code     0  startup_stm32f40xx.o(.text)
    ETH_WKUP_IRQHandler                      0x080001d7   Thumb Code     0  startup_stm32f40xx.o(.text)
    EXTI0_IRQHandler                         0x080001d7   Thumb Code     0  startup_stm32f40xx.o(.text)
    EXTI15_10_IRQHandler                     0x080001d7   Thumb Code     0  startup_stm32f40xx.o(.text)
    EXTI1_IRQHandler                         0x080001d7   Thumb Code     0  startup_stm32f40xx.o(.text)
    EXTI2_IRQHandler                         0x080001d7   Thumb Code     0  startup_stm32f40xx.o(.text)
    EXTI3_IRQHandler                         0x080001d7   Thumb Code     0  startup_stm32f40xx.o(.text)
    EXTI4_IRQHandler                         0x080001d7   Thumb Code     0  startup_stm32f40xx.o(.text)
    EXTI9_5_IRQHandler                       0x080001d7   Thumb Code     0  startup_stm32f40xx.o(.text)
    FLASH_IRQHandler                         0x080001d7   Thumb Code     0  startup_stm32f40xx.o(.text)
    FPU_IRQHandler                           0x080001d7   Thumb Code     0  startup_stm32f40xx.o(.text)
    FSMC_IRQHandler                          0x080001d7   Thumb Code     0  startup_stm32f40xx.o(.text)
    HASH_RNG_IRQHandler                      0x080001d7   Thumb Code     0  startup_stm32f40xx.o(.text)
    I2C1_ER_IRQHandler                       0x080001d7   Thumb Code     0  startup_stm32f40xx.o(.text)
    I2C1_EV_IRQHandler                       0x080001d7   Thumb Code     0  startup_stm32f40xx.o(.text)
    I2C2_ER_IRQHandler                       0x080001d7   Thumb Code     0  startup_stm32f40xx.o(.text)
    I2C2_EV_IRQHandler                       0x080001d7   Thumb Code     0  startup_stm32f40xx.o(.text)
    I2C3_ER_IRQHandler                       0x080001d7   Thumb Code     0  startup_stm32f40xx.o(.text)
    I2C3_EV_IRQHandler                       0x080001d7   Thumb Code     0  startup_stm32f40xx.o(.text)
    OTG_FS_IRQHandler                        0x080001d7   Thumb Code     0  startup_stm32f40xx.o(.text)
    OTG_FS_WKUP_IRQHandler                   0x080001d7   Thumb Code     0  startup_stm32f40xx.o(.text)
    OTG_HS_EP1_IN_IRQHandler                 0x080001d7   Thumb Code     0  startup_stm32f40xx.o(.text)
    OTG_HS_EP1_OUT_IRQHandler                0x080001d7   Thumb Code     0  startup_stm32f40xx.o(.text)
    OTG_HS_IRQHandler                        0x080001d7   Thumb Code     0  startup_stm32f40xx.o(.text)
    OTG_HS_WKUP_IRQHandler                   0x080001d7   Thumb Code     0  startup_stm32f40xx.o(.text)
    PVD_IRQHandler                           0x080001d7   Thumb Code     0  startup_stm32f40xx.o(.text)
    RCC_IRQHandler                           0x080001d7   Thumb Code     0  startup_stm32f40xx.o(.text)
    RTC_Alarm_IRQHandler                     0x080001d7   Thumb Code     0  startup_stm32f40xx.o(.text)
    RTC_WKUP_IRQHandler                      0x080001d7   Thumb Code     0  startup_stm32f40xx.o(.text)
    SDIO_IRQHandler                          0x080001d7   Thumb Code     0  startup_stm32f40xx.o(.text)
    SPI1_IRQHandler                          0x080001d7   Thumb Code     0  startup_stm32f40xx.o(.text)
    SPI2_IRQHandler                          0x080001d7   Thumb Code     0  startup_stm32f40xx.o(.text)
    SPI3_IRQHandler                          0x080001d7   Thumb Code     0  startup_stm32f40xx.o(.text)
    TAMP_STAMP_IRQHandler                    0x080001d7   Thumb Code     0  startup_stm32f40xx.o(.text)
    TIM1_BRK_TIM9_IRQHandler                 0x080001d7   Thumb Code     0  startup_stm32f40xx.o(.text)
    TIM1_CC_IRQHandler                       0x080001d7   Thumb Code     0  startup_stm32f40xx.o(.text)
    TIM1_TRG_COM_TIM11_IRQHandler            0x080001d7   Thumb Code     0  startup_stm32f40xx.o(.text)
    TIM1_UP_TIM10_IRQHandler                 0x080001d7   Thumb Code     0  startup_stm32f40xx.o(.text)
    TIM2_IRQHandler                          0x080001d7   Thumb Code     0  startup_stm32f40xx.o(.text)
    TIM3_IRQHandler                          0x080001d7   Thumb Code     0  startup_stm32f40xx.o(.text)
    TIM4_IRQHandler                          0x080001d7   Thumb Code     0  startup_stm32f40xx.o(.text)
    TIM5_IRQHandler                          0x080001d7   Thumb Code     0  startup_stm32f40xx.o(.text)
    TIM6_DAC_IRQHandler                      0x080001d7   Thumb Code     0  startup_stm32f40xx.o(.text)
    TIM7_IRQHandler                          0x080001d7   Thumb Code     0  startup_stm32f40xx.o(.text)
    TIM8_BRK_TIM12_IRQHandler                0x080001d7   Thumb Code     0  startup_stm32f40xx.o(.text)
    TIM8_CC_IRQHandler                       0x080001d7   Thumb Code     0  startup_stm32f40xx.o(.text)
    TIM8_TRG_COM_TIM14_IRQHandler            0x080001d7   Thumb Code     0  startup_stm32f40xx.o(.text)
    TIM8_UP_TIM13_IRQHandler                 0x080001d7   Thumb Code     0  startup_stm32f40xx.o(.text)
    UART4_IRQHandler                         0x080001d7   Thumb Code     0  startup_stm32f40xx.o(.text)
    UART5_IRQHandler                         0x080001d7   Thumb Code     0  startup_stm32f40xx.o(.text)
    USART2_IRQHandler                        0x080001d7   Thumb Code     0  startup_stm32f40xx.o(.text)
    USART3_IRQHandler                        0x080001d7   Thumb Code     0  startup_stm32f40xx.o(.text)
    USART6_IRQHandler                        0x080001d7   Thumb Code     0  startup_stm32f40xx.o(.text)
    WWDG_IRQHandler                          0x080001d7   Thumb Code     0  startup_stm32f40xx.o(.text)
    CPU_IntDis                               0x080001e9   Thumb Code     0  cpu_a.o(.text)
    CPU_IntEn                                0x080001ed   Thumb Code     0  cpu_a.o(.text)
    CPU_SR_Save                              0x080001f1   Thumb Code     0  cpu_a.o(.text)
    CPU_SR_Restore                           0x080001f9   Thumb Code     0  cpu_a.o(.text)
    CPU_WaitForInt                           0x080001ff   Thumb Code     0  cpu_a.o(.text)
    CPU_WaitForExcept                        0x08000203   Thumb Code     0  cpu_a.o(.text)
    CPU_CntLeadZeros                         0x08000207   Thumb Code     0  cpu_a.o(.text)
    CPU_CntTrailZeros                        0x0800020d   Thumb Code     0  cpu_a.o(.text)
    CPU_RevBits                              0x08000217   Thumb Code     0  cpu_a.o(.text)
    __aeabi_uldivmod                         0x0800021d   Thumb Code    98  uldiv.o(.text)
    __aeabi_memcpy                           0x0800027f   Thumb Code    36  memcpya.o(.text)
    __aeabi_memcpy4                          0x0800027f   Thumb Code     0  memcpya.o(.text)
    __aeabi_memcpy8                          0x0800027f   Thumb Code     0  memcpya.o(.text)
    __aeabi_memset                           0x080002a3   Thumb Code    14  memseta.o(.text)
    __aeabi_memset4                          0x080002a3   Thumb Code     0  memseta.o(.text)
    __aeabi_memset8                          0x080002a3   Thumb Code     0  memseta.o(.text)
    __aeabi_memclr                           0x080002b1   Thumb Code     4  memseta.o(.text)
    __aeabi_memclr4                          0x080002b1   Thumb Code     0  memseta.o(.text)
    __aeabi_memclr8                          0x080002b1   Thumb Code     0  memseta.o(.text)
    _memset$wrapper                          0x080002b5   Thumb Code    18  memseta.o(.text)
    __aeabi_llsl                             0x080002c7   Thumb Code    30  llshl.o(.text)
    _ll_shift_l                              0x080002c7   Thumb Code     0  llshl.o(.text)
    __aeabi_llsr                             0x080002e5   Thumb Code    32  llushr.o(.text)
    _ll_ushift_r                             0x080002e5   Thumb Code     0  llushr.o(.text)
    __scatterload                            0x08000305   Thumb Code    28  init.o(.text)
    __scatterload_rt2                        0x08000305   Thumb Code     0  init.o(.text)
    __decompress                             0x08000329   Thumb Code     0  __dczerorl2.o(.text)
    __decompress1                            0x08000329   Thumb Code    86  __dczerorl2.o(.text)
    OS_CPU_FP_Reg_Push                       0x08000381   Thumb Code     0  os_cpu_a.o(CODE)
    OS_CPU_FP_Reg_Pop                        0x0800039b   Thumb Code     0  os_cpu_a.o(CODE)
    OSStartHighRdy                           0x080003ad   Thumb Code     0  os_cpu_a.o(CODE)
    OSCtxSw                                  0x0800041d   Thumb Code     0  os_cpu_a.o(CODE)
    OSIntCtxSw                               0x08000427   Thumb Code     0  os_cpu_a.o(CODE)
    OS_CPU_PendSVHandler                     0x08000431   Thumb Code     0  os_cpu_a.o(CODE)
    BSP_CPU_ClkFreq                          0x080009e9   Thumb Code    14  bsp.o(i.BSP_CPU_ClkFreq)
    BSP_Init                                 0x080009f7   Thumb Code    24  bsp.o(i.BSP_Init)
    BusFault_Handler                         0x08000a0f   Thumb Code     4  stm32f4xx_it.o(i.BusFault_Handler)
    CPU_Init                                 0x08000a13   Thumb Code    16  cpu_core.o(i.CPU_Init)
    CPU_IntDisMeasMaxCurGet                  0x08000ac5   Thumb Code    40  cpu_core.o(i.CPU_IntDisMeasMaxCurGet)
    CPU_IntDisMeasMaxCurReset                0x08000af1   Thumb Code    40  cpu_core.o(i.CPU_IntDisMeasMaxCurReset)
    CPU_IntDisMeasMaxGet                     0x08000b1d   Thumb Code    40  cpu_core.o(i.CPU_IntDisMeasMaxGet)
    CPU_IntDisMeasStart                      0x08000b49   Thumb Code    38  cpu_core.o(i.CPU_IntDisMeasStart)
    CPU_IntDisMeasStop                       0x08000b7d   Thumb Code    62  cpu_core.o(i.CPU_IntDisMeasStop)
    CPU_NameClr                              0x08000bd1   Thumb Code    50  cpu_core.o(i.CPU_NameClr)
    CPU_SW_Exception                         0x08000c11   Thumb Code     4  cpu_core.o(i.CPU_SW_Exception)
    CPU_TS_TmrFreqSet                        0x08000c29   Thumb Code     6  cpu_core.o(i.CPU_TS_TmrFreqSet)
    CPU_TS_TmrInit                           0x08000c35   Thumb Code    44  bsp.o(i.CPU_TS_TmrInit)
    CPU_TS_TmrRd                             0x08000c69   Thumb Code     6  bsp.o(i.CPU_TS_TmrRd)
    DebugMon_Handler                         0x08000c75   Thumb Code     2  stm32f4xx_it.o(i.DebugMon_Handler)
    Debug_USART_Config                       0x08000c79   Thumb Code   158  bsp_debug_usart.o(i.Debug_USART_Config)
    FLASH_DataCacheCmd                       0x08000d21   Thumb Code    30  stm32f4xx_flash.o(i.FLASH_DataCacheCmd)
    FLASH_EraseSector                        0x08000d45   Thumb Code   130  stm32f4xx_flash.o(i.FLASH_EraseSector)
    FLASH_GetStatus                          0x08000dcd   Thumb Code    80  stm32f4xx_flash.o(i.FLASH_GetStatus)
    FLASH_Lock                               0x08000e21   Thumb Code    14  stm32f4xx_flash.o(i.FLASH_Lock)
    FLASH_ProgramWord                        0x08000e35   Thumb Code    74  stm32f4xx_flash.o(i.FLASH_ProgramWord)
    FLASH_Unlock                             0x08000e85   Thumb Code    24  stm32f4xx_flash.o(i.FLASH_Unlock)
    FLASH_WaitForLastOperation               0x08000ea9   Thumb Code    34  stm32f4xx_flash.o(i.FLASH_WaitForLastOperation)
    GPIO_Init                                0x08000ecb   Thumb Code   144  stm32f4xx_gpio.o(i.GPIO_Init)
    GPIO_PinAFConfig                         0x08000f5b   Thumb Code    70  stm32f4xx_gpio.o(i.GPIO_PinAFConfig)
    GPIO_ReadInputDataBit                    0x08000fa1   Thumb Code    18  stm32f4xx_gpio.o(i.GPIO_ReadInputDataBit)
    GPIO_ResetBits                           0x08000fb3   Thumb Code     4  stm32f4xx_gpio.o(i.GPIO_ResetBits)
    GPIO_SetBits                             0x08000fb7   Thumb Code     4  stm32f4xx_gpio.o(i.GPIO_SetBits)
    HardFault_Handler                        0x08000fbb   Thumb Code     4  stm32f4xx_it.o(i.HardFault_Handler)
    I2C2_Init                                0x08000fc1   Thumb Code   132  bsp_i2c.o(i.I2C2_Init)
    I2C2_Write                               0x08001051   Thumb Code   128  bsp_i2c.o(i.I2C2_Write)
    I2C_CheckEvent                           0x080010dd   Thumb Code    42  stm32f4xx_i2c.o(i.I2C_CheckEvent)
    I2C_Cmd                                  0x08001107   Thumb Code    24  stm32f4xx_i2c.o(i.I2C_Cmd)
    I2C_GenerateSTART                        0x0800111f   Thumb Code    24  stm32f4xx_i2c.o(i.I2C_GenerateSTART)
    I2C_GenerateSTOP                         0x08001137   Thumb Code    24  stm32f4xx_i2c.o(i.I2C_GenerateSTOP)
    I2C_GetFlagStatus                        0x0800114f   Thumb Code    58  stm32f4xx_i2c.o(i.I2C_GetFlagStatus)
    I2C_Init                                 0x08001189   Thumb Code   218  stm32f4xx_i2c.o(i.I2C_Init)
    I2C_Send7bitAddress                      0x08001271   Thumb Code    16  stm32f4xx_i2c.o(i.I2C_Send7bitAddress)
    I2C_SendData                             0x08001281   Thumb Code     4  stm32f4xx_i2c.o(i.I2C_SendData)
    Key_Delay                                0x08001285   Thumb Code    18  bsp_key.o(i.Key_Delay)
    Key_GPIO_Config                          0x08001299   Thumb Code    54  bsp_key.o(i.Key_GPIO_Config)
    Key_Scan                                 0x080012d5   Thumb Code    60  bsp_key.o(i.Key_Scan)
    LED_GPIO_Config                          0x08001311   Thumb Code    76  bsp_led.o(i.LED_GPIO_Config)
    MemManage_Handler                        0x08001361   Thumb Code     4  stm32f4xx_it.o(i.MemManage_Handler)
    Mem_Clr                                  0x08001365   Thumb Code    18  lib_mem.o(i.Mem_Clr)
    Mem_Init                                 0x08001379   Thumb Code    54  lib_mem.o(i.Mem_Init)
    Mem_SegCreate                            0x080013c5   Thumb Code    82  lib_mem.o(i.Mem_SegCreate)
    Mem_Set                                  0x08001439   Thumb Code    84  lib_mem.o(i.Mem_Set)
    NMI_Handler                              0x0800148d   Thumb Code     2  stm32f4xx_it.o(i.NMI_Handler)
    NVIC_Init                                0x080014b9   Thumb Code   106  misc.o(i.NVIC_Init)
    NVIC_PriorityGroupConfig                 0x08001531   Thumb Code    10  misc.o(i.NVIC_PriorityGroupConfig)
    OLED_Clear                               0x08001545   Thumb Code    56  bsp_oled.o(i.OLED_Clear)
    OLED_Display_On                          0x0800157d   Thumb Code    22  bsp_oled.o(i.OLED_Display_On)
    OLED_Init                                0x08001595   Thumb Code    32  bsp_oled.o(i.OLED_Init)
    OLED_Key_GPIO_Config                     0x080015b9   Thumb Code    42  bsp_oled.o(i.OLED_Key_GPIO_Config)
    OLED_Set_Pos                             0x080015e9   Thumb Code    36  bsp_oled.o(i.OLED_Set_Pos)
    OLED_ShowChar                            0x0800160d   Thumb Code   148  bsp_oled.o(i.OLED_ShowChar)
    OLED_ShowNum                             0x080016a9   Thumb Code   136  bsp_oled.o(i.OLED_ShowNum)
    OLED_ShowString                          0x08001731   Thumb Code    58  bsp_oled.o(i.OLED_ShowString)
    OLED_WR_CMD                              0x0800176b   Thumb Code    16  bsp_oled.o(i.OLED_WR_CMD)
    OLED_WR_DATA                             0x0800177b   Thumb Code    16  bsp_oled.o(i.OLED_WR_DATA)
    OSCfg_Init                               0x0800178b   Thumb Code     2  os_cfg_app.o(i.OSCfg_Init)
    OSFlagCreate                             0x0800178d   Thumb Code   210  os_flag.o(i.OSFlagCreate)
    OSFlagPend                               0x08001871   Thumb Code  1670  os_flag.o(i.OSFlagPend)
    OSFlagPost                               0x08001f01   Thumb Code   146  os_flag.o(i.OSFlagPost)
    OSIdleTaskHook                           0x08001f9d   Thumb Code    16  os_cpu_c.o(i.OSIdleTaskHook)
    OSInit                                   0x08001fb1   Thumb Code   300  os_core.o(i.OSInit)
    OSInitHook                               0x0800213d   Thumb Code    28  os_cpu_c.o(i.OSInitHook)
    OSIntExit                                0x08002165   Thumb Code   188  os_core.o(i.OSIntExit)
    OSMutexCreate                            0x08002241   Thumb Code   212  os_mutex.o(i.OSMutexCreate)
    OSMutexPend                              0x08002325   Thumb Code   584  os_mutex.o(i.OSMutexPend)
    OSMutexPost                              0x0800257d   Thumb Code   692  os_mutex.o(i.OSMutexPost)
    OSSched                                  0x08002849   Thumb Code   134  os_core.o(i.OSSched)
    OSSchedLock                              0x080028ed   Thumb Code   112  os_core.o(i.OSSchedLock)
    OSSchedRoundRobinCfg                     0x08002969   Thumb Code    96  os_core.o(i.OSSchedRoundRobinCfg)
    OSSchedUnlock                            0x080029d5   Thumb Code   148  os_core.o(i.OSSchedUnlock)
    OSStart                                  0x08002a75   Thumb Code    78  os_core.o(i.OSStart)
    OSStatReset                              0x08002add   Thumb Code   316  os_stat.o(i.OSStatReset)
    OSStatTaskCPUUsageInit                   0x08002c45   Thumb Code   228  os_stat.o(i.OSStatTaskCPUUsageInit)
    OSStatTaskHook                           0x08002d45   Thumb Code    16  os_cpu_c.o(i.OSStatTaskHook)
    OSTaskCreate                             0x08002d59   Thumb Code   624  os_task.o(i.OSTaskCreate)
    OSTaskCreateHook                         0x08002fed   Thumb Code    20  os_cpu_c.o(i.OSTaskCreateHook)
    OSTaskDel                                0x08003005   Thumb Code   608  os_task.o(i.OSTaskDel)
    OSTaskDelHook                            0x08003281   Thumb Code    20  os_cpu_c.o(i.OSTaskDelHook)
    OSTaskRegGet                             0x08003299   Thumb Code    86  os_task.o(i.OSTaskRegGet)
    OSTaskRegSet                             0x080032f5   Thumb Code    86  os_task.o(i.OSTaskRegSet)
    OSTaskResume                             0x08003351   Thumb Code   124  os_task.o(i.OSTaskResume)
    OSTaskReturnHook                         0x080033d9   Thumb Code    20  os_cpu_c.o(i.OSTaskReturnHook)
    OSTaskSemPend                            0x080033f1   Thumb Code   578  os_task.o(i.OSTaskSemPend)
    OSTaskStkChk                             0x08003641   Thumb Code   220  os_task.o(i.OSTaskStkChk)
    OSTaskStkInit                            0x08003725   Thumb Code   600  os_cpu_c.o(i.OSTaskStkInit)
    OSTaskSuspend                            0x080039e9   Thumb Code    78  os_task.o(i.OSTaskSuspend)
    OSTaskSwHook                             0x08003a49   Thumb Code   194  os_cpu_c.o(i.OSTaskSwHook)
    OSTimeDly                                0x08003b1d   Thumb Code   312  os_time.o(i.OSTimeDly)
    OSTimeDlyHMSM                            0x08003c61   Thumb Code   540  os_time.o(i.OSTimeDlyHMSM)
    OSTimeTick                               0x08003e8d   Thumb Code    54  os_time.o(i.OSTimeTick)
    OSTimeTickHook                           0x08003ed1   Thumb Code    16  os_cpu_c.o(i.OSTimeTickHook)
    OS_CPU_SysTickHandler                    0x08003ee5   Thumb Code    60  os_cpu_c.o(i.OS_CPU_SysTickHandler)
    OS_CPU_SysTickInit                       0x08003f25   Thumb Code    44  os_cpu_c.o(i.OS_CPU_SysTickInit)
    OS_Dbg_Init                              0x08003f55   Thumb Code   148  os_dbg.o(i.OS_Dbg_Init)
    OS_FlagBlock                             0x08004101   Thumb Code    58  os_flag.o(i.OS_FlagBlock)
    OS_FlagDbgListAdd                        0x08004141   Thumb Code    38  os_flag.o(i.OS_FlagDbgListAdd)
    OS_FlagInit                              0x08004171   Thumb Code    14  os_flag.o(i.OS_FlagInit)
    OS_FlagPost                              0x08004189   Thumb Code   626  os_flag.o(i.OS_FlagPost)
    OS_FlagTaskRdy                           0x08004405   Thumb Code   100  os_flag.o(i.OS_FlagTaskRdy)
    OS_IdleTask                              0x08004469   Thumb Code    66  os_core.o(i.OS_IdleTask)
    OS_IdleTaskInit                          0x080044b5   Thumb Code    66  os_core.o(i.OS_IdleTaskInit)
    OS_IntQPost                              0x08004525   Thumb Code   224  os_int.o(i.OS_IntQPost)
    OS_IntQRePost                            0x08004629   Thumb Code   360  os_int.o(i.OS_IntQRePost)
    OS_IntQTask                              0x080047cd   Thumb Code   180  os_int.o(i.OS_IntQTask)
    OS_IntQTaskInit                          0x08004891   Thumb Code   206  os_int.o(i.OS_IntQTaskInit)
    OS_MemInit                               0x080049b9   Thumb Code    14  os_mem.o(i.OS_MemInit)
    OS_MsgPoolInit                           0x080049d1   Thumb Code   110  os_msg.o(i.OS_MsgPoolInit)
    OS_MsgQFreeAll                           0x08004a4d   Thumb Code    62  os_msg.o(i.OS_MsgQFreeAll)
    OS_MsgQInit                              0x08004a91   Thumb Code    14  os_msg.o(i.OS_MsgQInit)
    OS_MsgQPut                               0x08004aa1   Thumb Code   254  os_msg.o(i.OS_MsgQPut)
    OS_MutexDbgListAdd                       0x08004ba5   Thumb Code    38  os_mutex.o(i.OS_MutexDbgListAdd)
    OS_MutexGrpAdd                           0x08004bd5   Thumb Code     8  os_mutex.o(i.OS_MutexGrpAdd)
    OS_MutexGrpPostAll                       0x08004bdd   Thumb Code    96  os_mutex.o(i.OS_MutexGrpPostAll)
    OS_MutexGrpPrioFindHighest               0x08004c3d   Thumb Code    44  os_mutex.o(i.OS_MutexGrpPrioFindHighest)
    OS_MutexGrpRemove                        0x08004c69   Thumb Code    28  os_mutex.o(i.OS_MutexGrpRemove)
    OS_MutexInit                             0x08004c85   Thumb Code    14  os_mutex.o(i.OS_MutexInit)
    OS_Pend                                  0x08004c9d   Thumb Code   100  os_core.o(i.OS_Pend)
    OS_PendDataInit                          0x08004d05   Thumb Code    40  os_core.o(i.OS_PendDataInit)
    OS_PendDbgNameAdd                        0x08004d2d   Thumb Code    66  os_core.o(i.OS_PendDbgNameAdd)
    OS_PendDbgNameRemove                     0x08004d89   Thumb Code    30  os_core.o(i.OS_PendDbgNameRemove)
    OS_PendListChangePrio                    0x08004dad   Thumb Code    58  os_core.o(i.OS_PendListChangePrio)
    OS_PendListInit                          0x08004de7   Thumb Code    10  os_core.o(i.OS_PendListInit)
    OS_PendListInsertPrio                    0x08004df1   Thumb Code   102  os_core.o(i.OS_PendListInsertPrio)
    OS_PendListRemove                        0x08004e57   Thumb Code    52  os_core.o(i.OS_PendListRemove)
    OS_PendListRemove1                       0x08004e8b   Thumb Code    66  os_core.o(i.OS_PendListRemove1)
    OS_Post                                  0x08004ecd   Thumb Code   214  os_core.o(i.OS_Post)
    OS_Post1                                 0x08004fa3   Thumb Code    44  os_core.o(i.OS_Post1)
    OS_PrioGetHighest                        0x08004fd1   Thumb Code    36  os_prio.o(i.OS_PrioGetHighest)
    OS_PrioInit                              0x08004ff9   Thumb Code    20  os_prio.o(i.OS_PrioInit)
    OS_PrioInsert                            0x08005011   Thumb Code    32  os_prio.o(i.OS_PrioInsert)
    OS_PrioRemove                            0x08005035   Thumb Code    32  os_prio.o(i.OS_PrioRemove)
    OS_QInit                                 0x08005059   Thumb Code    14  os_q.o(i.OS_QInit)
    OS_QPost                                 0x08005071   Thumb Code   382  os_q.o(i.OS_QPost)
    OS_RdyListInit                           0x080051f9   Thumb Code    32  os_core.o(i.OS_RdyListInit)
    OS_RdyListInsert                         0x0800521d   Thumb Code    40  os_core.o(i.OS_RdyListInsert)
    OS_RdyListInsertHead                     0x08005249   Thumb Code    58  os_core.o(i.OS_RdyListInsertHead)
    OS_RdyListInsertTail                     0x08005289   Thumb Code    56  os_core.o(i.OS_RdyListInsertTail)
    OS_RdyListMoveHeadToTail                 0x080052c5   Thumb Code    68  os_core.o(i.OS_RdyListMoveHeadToTail)
    OS_RdyListRemove                         0x08005309   Thumb Code    86  os_core.o(i.OS_RdyListRemove)
    OS_Sched0                                0x08005365   Thumb Code    68  os_core.o(i.OS_Sched0)
    OS_SchedLockTimeMeasStart                0x080053b9   Thumb Code    20  os_core.o(i.OS_SchedLockTimeMeasStart)
    OS_SchedLockTimeMeasStop                 0x080053d5   Thumb Code    44  os_core.o(i.OS_SchedLockTimeMeasStop)
    OS_SchedRoundRobin                       0x08005411   Thumb Code   218  os_core.o(i.OS_SchedRoundRobin)
    OS_SemInit                               0x080054fd   Thumb Code    14  os_sem.o(i.OS_SemInit)
    OS_SemPost                               0x08005515   Thumb Code   404  os_sem.o(i.OS_SemPost)
    OS_StatTask                              0x080056ad   Thumb Code   876  os_stat.o(i.OS_StatTask)
    OS_StatTaskInit                          0x08005a61   Thumb Code   136  os_stat.o(i.OS_StatTaskInit)
    OS_TaskBlock                             0x08005b2d   Thumb Code    40  os_core.o(i.OS_TaskBlock)
    OS_TaskChangePrio                        0x08005b59   Thumb Code   232  os_task.o(i.OS_TaskChangePrio)
    OS_TaskDbgListAdd                        0x08005c45   Thumb Code    42  os_task.o(i.OS_TaskDbgListAdd)
    OS_TaskDbgListRemove                     0x08005c75   Thumb Code    64  os_task.o(i.OS_TaskDbgListRemove)
    OS_TaskInit                              0x08005cb9   Thumb Code    18  os_task.o(i.OS_TaskInit)
    OS_TaskInitTCB                           0x08005cd9   Thumb Code   194  os_task.o(i.OS_TaskInitTCB)
    OS_TaskQPost                             0x08005da9   Thumb Code   606  os_task.o(i.OS_TaskQPost)
    OS_TaskResume                            0x08006015   Thumb Code   374  os_task.o(i.OS_TaskResume)
    OS_TaskReturn                            0x08006191   Thumb Code    20  os_task.o(i.OS_TaskReturn)
    OS_TaskSemPost                           0x080061a9   Thumb Code  1438  os_task.o(i.OS_TaskSemPost)
    OS_TaskSuspend                           0x08006751   Thumb Code   392  os_task.o(i.OS_TaskSuspend)
    OS_TickListInsert                        0x080068e1   Thumb Code   134  os_tick.o(i.OS_TickListInsert)
    OS_TickListInsertDly                     0x08006969   Thumb Code   180  os_tick.o(i.OS_TickListInsertDly)
    OS_TickListRemove                        0x08006a25   Thumb Code    88  os_tick.o(i.OS_TickListRemove)
    OS_TickListResetPeak                     0x08006a7d   Thumb Code     2  os_tick.o(i.OS_TickListResetPeak)
    OS_TickTask                              0x08006d5d   Thumb Code   236  os_tick.o(i.OS_TickTask)
    OS_TickTaskInit                          0x08006e59   Thumb Code   140  os_tick.o(i.OS_TickTaskInit)
    OS_TmrInit                               0x08006f21   Thumb Code   200  os_tmr.o(i.OS_TmrInit)
    OS_TmrResetPeak                          0x0800706d   Thumb Code     2  os_tmr.o(i.OS_TmrResetPeak)
    OS_TmrTask                               0x08007071   Thumb Code   134  os_tmr.o(i.OS_TmrTask)
    OS_TmrUnlink                             0x08007105   Thumb Code    58  os_tmr.o(i.OS_TmrUnlink)
    RCC_AHB1PeriphClockCmd                   0x0800715d   Thumb Code    26  stm32f4xx_rcc.o(i.RCC_AHB1PeriphClockCmd)
    RCC_APB1PeriphClockCmd                   0x0800717d   Thumb Code    26  stm32f4xx_rcc.o(i.RCC_APB1PeriphClockCmd)
    RCC_APB2PeriphClockCmd                   0x0800719d   Thumb Code    26  stm32f4xx_rcc.o(i.RCC_APB2PeriphClockCmd)
    RCC_GetClocksFreq                        0x080071bd   Thumb Code   214  stm32f4xx_rcc.o(i.RCC_GetClocksFreq)
    SPI1_Init                                0x080072a5   Thumb Code   188  bsp_spi.o(i.SPI1_Init)
    SPI1_ReadWriteByte                       0x08007369   Thumb Code    50  bsp_spi.o(i.SPI1_ReadWriteByte)
    SPI1_SetSpeed                            0x080073a1   Thumb Code    36  bsp_spi.o(i.SPI1_SetSpeed)
    SPI_Cmd                                  0x080073c9   Thumb Code    24  stm32f4xx_spi.o(i.SPI_Cmd)
    SPI_I2S_GetFlagStatus                    0x080073e1   Thumb Code    18  stm32f4xx_spi.o(i.SPI_I2S_GetFlagStatus)
    SPI_I2S_ReceiveData                      0x080073f3   Thumb Code     6  stm32f4xx_spi.o(i.SPI_I2S_ReceiveData)
    SPI_I2S_SendData                         0x080073f9   Thumb Code     4  stm32f4xx_spi.o(i.SPI_I2S_SendData)
    SPI_Init                                 0x080073fd   Thumb Code    60  stm32f4xx_spi.o(i.SPI_Init)
    STMFLASH_GetFlashSector                  0x08007439   Thumb Code   116  bsp_stmflash.o(i.STMFLASH_GetFlashSector)
    STMFLASH_Read                            0x080074d9   Thumb Code    32  bsp_stmflash.o(i.STMFLASH_Read)
    STMFLASH_ReadWord                        0x080074f9   Thumb Code     6  bsp_stmflash.o(i.STMFLASH_ReadWord)
    STMFLASH_Write                           0x08007501   Thumb Code   146  bsp_stmflash.o(i.STMFLASH_Write)
    SVC_Handler                              0x08007599   Thumb Code     2  stm32f4xx_it.o(i.SVC_Handler)
    SystemInit                               0x08007689   Thumb Code    88  system_stm32f4xx.o(i.SystemInit)
    USART1_IRQHandler                        0x080076f1   Thumb Code    32  stm32f4xx_it.o(i.USART1_IRQHandler)
    USART_Cmd                                0x08007715   Thumb Code    24  stm32f4xx_usart.o(i.USART_Cmd)
    USART_GetFlagStatus                      0x0800772d   Thumb Code    26  stm32f4xx_usart.o(i.USART_GetFlagStatus)
    USART_GetITStatus                        0x08007747   Thumb Code    84  stm32f4xx_usart.o(i.USART_GetITStatus)
    USART_ITConfig                           0x0800779b   Thumb Code    74  stm32f4xx_usart.o(i.USART_ITConfig)
    USART_Init                               0x080077e5   Thumb Code   204  stm32f4xx_usart.o(i.USART_Init)
    USART_ReceiveData                        0x080078b9   Thumb Code    10  stm32f4xx_usart.o(i.USART_ReceiveData)
    USART_SendData                           0x080078c3   Thumb Code     8  stm32f4xx_usart.o(i.USART_SendData)
    UsageFault_Handler                       0x080078cb   Thumb Code     4  stm32f4xx_it.o(i.UsageFault_Handler)
    W25QXX_Erase_Sector                      0x080078d1   Thumb Code    64  w25qxx.o(i.W25QXX_Erase_Sector)
    W25QXX_Init                              0x08007915   Thumb Code    22  w25qxx.o(i.W25QXX_Init)
    W25QXX_Read                              0x0800792d   Thumb Code    78  w25qxx.o(i.W25QXX_Read)
    W25QXX_ReadID                            0x08007981   Thumb Code    66  w25qxx.o(i.W25QXX_ReadID)
    W25QXX_ReadSR                            0x080079c9   Thumb Code    38  w25qxx.o(i.W25QXX_ReadSR)
    W25QXX_Wait_Busy                         0x080079f5   Thumb Code    18  w25qxx.o(i.W25QXX_Wait_Busy)
    W25QXX_Write                             0x08007a09   Thumb Code   180  w25qxx.o(i.W25QXX_Write)
    W25QXX_Write_Disable                     0x08007ac1   Thumb Code    26  w25qxx.o(i.W25QXX_Write_Disable)
    W25QXX_Write_Enable                      0x08007ae1   Thumb Code    26  w25qxx.o(i.W25QXX_Write_Enable)
    W25QXX_Write_NoCheck                     0x08007b01   Thumb Code    70  w25qxx.o(i.W25QXX_Write_NoCheck)
    W25QXX_Write_Page                        0x08007b49   Thumb Code    84  w25qxx.o(i.W25QXX_Write_Page)
    __0printf$8                              0x08007ba1   Thumb Code    22  printf8.o(i.__0printf$8)
    __1printf$8                              0x08007ba1   Thumb Code     0  printf8.o(i.__0printf$8)
    __2printf                                0x08007ba1   Thumb Code     0  printf8.o(i.__0printf$8)
    __0sprintf$8                             0x08007bc1   Thumb Code    34  printf8.o(i.__0sprintf$8)
    __1sprintf$8                             0x08007bc1   Thumb Code     0  printf8.o(i.__0sprintf$8)
    __2sprintf                               0x08007bc1   Thumb Code     0  printf8.o(i.__0sprintf$8)
    __scatterload_copy                       0x08007be9   Thumb Code    14  handlers.o(i.__scatterload_copy)
    __scatterload_null                       0x08007bf7   Thumb Code     2  handlers.o(i.__scatterload_null)
    __scatterload_zeroinit                   0x08007bf9   Thumb Code    14  handlers.o(i.__scatterload_zeroinit)
    fputc                                    0x08008075   Thumb Code    32  bsp_debug_usart.o(i.fputc)
    main                                     0x08008099   Thumb Code    68  app.o(i.main)
    oled_pow                                 0x080080f9   Thumb Code    22  bsp_oled.o(i.oled_pow)
    TEXT_Buffer                              0x0800810e   Data          28  app.o(.constdata)
    F6x8                                     0x0800812a   Data         552  bsp_oled.o(.constdata)
    F8x16                                    0x08008352   Data        1520  bsp_oled.o(.constdata)
    OSCfg_IdleTaskStkBasePtr                 0x08008944   Data           4  os_cfg_app.o(.constdata)
    OSCfg_IdleTaskStkLimit                   0x08008948   Data           4  os_cfg_app.o(.constdata)
    OSCfg_IdleTaskStkSize                    0x0800894c   Data           4  os_cfg_app.o(.constdata)
    OSCfg_IdleTaskStkSizeRAM                 0x08008950   Data           4  os_cfg_app.o(.constdata)
    OSCfg_IntQBasePtr                        0x08008954   Data           4  os_cfg_app.o(.constdata)
    OSCfg_IntQSize                           0x08008958   Data           2  os_cfg_app.o(.constdata)
    OSCfg_IntQSizeRAM                        0x0800895c   Data           4  os_cfg_app.o(.constdata)
    OSCfg_IntQTaskStkBasePtr                 0x08008960   Data           4  os_cfg_app.o(.constdata)
    OSCfg_IntQTaskStkLimit                   0x08008964   Data           4  os_cfg_app.o(.constdata)
    OSCfg_IntQTaskStkSize                    0x08008968   Data           4  os_cfg_app.o(.constdata)
    OSCfg_IntQTaskStkSizeRAM                 0x0800896c   Data           4  os_cfg_app.o(.constdata)
    OSCfg_ISRStkBasePtr                      0x08008970   Data           4  os_cfg_app.o(.constdata)
    OSCfg_ISRStkSize                         0x08008974   Data           4  os_cfg_app.o(.constdata)
    OSCfg_ISRStkSizeRAM                      0x08008978   Data           4  os_cfg_app.o(.constdata)
    OSCfg_MsgPoolSize                        0x0800897c   Data           2  os_cfg_app.o(.constdata)
    OSCfg_MsgPoolSizeRAM                     0x08008980   Data           4  os_cfg_app.o(.constdata)
    OSCfg_MsgPoolBasePtr                     0x08008984   Data           4  os_cfg_app.o(.constdata)
    OSCfg_StatTaskPrio                       0x08008988   Data           1  os_cfg_app.o(.constdata)
    OSCfg_StatTaskRate_Hz                    0x0800898c   Data           4  os_cfg_app.o(.constdata)
    OSCfg_StatTaskStkBasePtr                 0x08008990   Data           4  os_cfg_app.o(.constdata)
    OSCfg_StatTaskStkLimit                   0x08008994   Data           4  os_cfg_app.o(.constdata)
    OSCfg_StatTaskStkSize                    0x08008998   Data           4  os_cfg_app.o(.constdata)
    OSCfg_StatTaskStkSizeRAM                 0x0800899c   Data           4  os_cfg_app.o(.constdata)
    OSCfg_StkSizeMin                         0x080089a0   Data           4  os_cfg_app.o(.constdata)
    OSCfg_TickRate_Hz                        0x080089a4   Data           4  os_cfg_app.o(.constdata)
    OSCfg_TickTaskPrio                       0x080089a8   Data           1  os_cfg_app.o(.constdata)
    OSCfg_TickTaskStkBasePtr                 0x080089ac   Data           4  os_cfg_app.o(.constdata)
    OSCfg_TickTaskStkLimit                   0x080089b0   Data           4  os_cfg_app.o(.constdata)
    OSCfg_TickTaskStkSize                    0x080089b4   Data           4  os_cfg_app.o(.constdata)
    OSCfg_TickTaskStkSizeRAM                 0x080089b8   Data           4  os_cfg_app.o(.constdata)
    OSCfg_TmrTaskPrio                        0x080089bc   Data           1  os_cfg_app.o(.constdata)
    OSCfg_TmrTaskRate_Hz                     0x080089c0   Data           4  os_cfg_app.o(.constdata)
    OSCfg_TmrTaskStkBasePtr                  0x080089c4   Data           4  os_cfg_app.o(.constdata)
    OSCfg_TmrTaskStkLimit                    0x080089c8   Data           4  os_cfg_app.o(.constdata)
    OSCfg_TmrTaskStkSize                     0x080089cc   Data           4  os_cfg_app.o(.constdata)
    OSCfg_TmrTaskStkSizeRAM                  0x080089d0   Data           4  os_cfg_app.o(.constdata)
    OSCfg_DataSizeRAM                        0x080089d4   Data           4  os_cfg_app.o(.constdata)
    OSDbg_DbgEn                              0x080089d8   Data           1  os_dbg.o(.constdata)
    OSDbg_ArgChkEn                           0x080089d9   Data           1  os_dbg.o(.constdata)
    OSDbg_AppHooksEn                         0x080089da   Data           1  os_dbg.o(.constdata)
    OSDbg_EndiannessTest                     0x080089dc   Data           4  os_dbg.o(.constdata)
    OSDbg_CalledFromISRChkEn                 0x080089e0   Data           1  os_dbg.o(.constdata)
    OSDbg_FlagEn                             0x080089e1   Data           1  os_dbg.o(.constdata)
    OSDbg_FlagGrp                            0x080089e4   Data          40  os_dbg.o(.constdata)
    OSDbg_FlagDelEn                          0x08008a0c   Data           1  os_dbg.o(.constdata)
    OSDbg_FlagModeClrEn                      0x08008a0d   Data           1  os_dbg.o(.constdata)
    OSDbg_FlagPendAbortEn                    0x08008a0e   Data           1  os_dbg.o(.constdata)
    OSDbg_FlagGrpSize                        0x08008a10   Data           2  os_dbg.o(.constdata)
    OSDbg_FlagWidth                          0x08008a12   Data           2  os_dbg.o(.constdata)
    OSDbg_IntQ                               0x08008a14   Data           2  os_dbg.o(.constdata)
    OSDbg_ISRPostDeferredEn                  0x08008a16   Data           1  os_dbg.o(.constdata)
    OSDbg_Mem                                0x08008a18   Data          32  os_dbg.o(.constdata)
    OSDbg_MemEn                              0x08008a38   Data           1  os_dbg.o(.constdata)
    OSDbg_MemSize                            0x08008a3a   Data           2  os_dbg.o(.constdata)
    OSDbg_MsgEn                              0x08008a3c   Data           1  os_dbg.o(.constdata)
    OSDbg_MsgSize                            0x08008a3e   Data           2  os_dbg.o(.constdata)
    OSDbg_MsgPoolSize                        0x08008a40   Data           2  os_dbg.o(.constdata)
    OSDbg_MsgQSize                           0x08008a42   Data           2  os_dbg.o(.constdata)
    OSDbg_Mutex                              0x08008a44   Data          48  os_dbg.o(.constdata)
    OSDbg_MutexEn                            0x08008a74   Data           1  os_dbg.o(.constdata)
    OSDbg_MutexDelEn                         0x08008a75   Data           1  os_dbg.o(.constdata)
    OSDbg_MutexPendAbortEn                   0x08008a76   Data           1  os_dbg.o(.constdata)
    OSDbg_MutexSize                          0x08008a78   Data           2  os_dbg.o(.constdata)
    OSDbg_ObjTypeChkEn                       0x08008a7a   Data           1  os_dbg.o(.constdata)
    OSDbg_PendMultiEn                        0x08008a7b   Data           1  os_dbg.o(.constdata)
    OSDbg_PendDataSize                       0x08008a7c   Data           2  os_dbg.o(.constdata)
    OSDbg_PendListSize                       0x08008a7e   Data           2  os_dbg.o(.constdata)
    OSDbg_PendObjSize                        0x08008a80   Data           2  os_dbg.o(.constdata)
    OSDbg_PrioMax                            0x08008a82   Data           2  os_dbg.o(.constdata)
    OSDbg_PrioTblSize                        0x08008a84   Data           2  os_dbg.o(.constdata)
    OSDbg_PtrSize                            0x08008a86   Data           2  os_dbg.o(.constdata)
    OSDbg_Q                                  0x08008a88   Data          48  os_dbg.o(.constdata)
    OSDbg_QEn                                0x08008ab8   Data           1  os_dbg.o(.constdata)
    OSDbg_QDelEn                             0x08008ab9   Data           1  os_dbg.o(.constdata)
    OSDbg_QFlushEn                           0x08008aba   Data           1  os_dbg.o(.constdata)
    OSDbg_QPendAbortEn                       0x08008abb   Data           1  os_dbg.o(.constdata)
    OSDbg_QSize                              0x08008abc   Data           2  os_dbg.o(.constdata)
    OSDbg_SchedRoundRobinEn                  0x08008abe   Data           1  os_dbg.o(.constdata)
    OSDbg_Sem                                0x08008ac0   Data          40  os_dbg.o(.constdata)
    OSDbg_SemEn                              0x08008ae8   Data           1  os_dbg.o(.constdata)
    OSDbg_SemDelEn                           0x08008ae9   Data           1  os_dbg.o(.constdata)
    OSDbg_SemPendAbortEn                     0x08008aea   Data           1  os_dbg.o(.constdata)
    OSDbg_SemSetEn                           0x08008aeb   Data           1  os_dbg.o(.constdata)
    OSDbg_SemSize                            0x08008aec   Data           2  os_dbg.o(.constdata)
    OSDbg_RdyList                            0x08008aee   Data           2  os_dbg.o(.constdata)
    OSDbg_RdyListSize                        0x08008af0   Data           4  os_dbg.o(.constdata)
    OSDbg_StkWidth                           0x08008af4   Data           1  os_dbg.o(.constdata)
    OSDbg_StatTaskEn                         0x08008af5   Data           1  os_dbg.o(.constdata)
    OSDbg_StatTaskStkChkEn                   0x08008af6   Data           1  os_dbg.o(.constdata)
    OSDbg_TaskChangePrioEn                   0x08008af7   Data           1  os_dbg.o(.constdata)
    OSDbg_TaskDelEn                          0x08008af8   Data           1  os_dbg.o(.constdata)
    OSDbg_TaskQEn                            0x08008af9   Data           1  os_dbg.o(.constdata)
    OSDbg_TaskQPendAbortEn                   0x08008afa   Data           1  os_dbg.o(.constdata)
    OSDbg_TaskProfileEn                      0x08008afb   Data           1  os_dbg.o(.constdata)
    OSDbg_TaskRegTblSize                     0x08008afc   Data           2  os_dbg.o(.constdata)
    OSDbg_TaskSemPendAbortEn                 0x08008afe   Data           1  os_dbg.o(.constdata)
    OSDbg_TaskSuspendEn                      0x08008aff   Data           1  os_dbg.o(.constdata)
    OSDbg_TCBSize                            0x08008b00   Data           2  os_dbg.o(.constdata)
    OSDbg_TickListSize                       0x08008b02   Data           2  os_dbg.o(.constdata)
    OSDbg_TimeDlyHMSMEn                      0x08008b04   Data           1  os_dbg.o(.constdata)
    OSDbg_TimeDlyResumeEn                    0x08008b05   Data           1  os_dbg.o(.constdata)
    OSDbg_TLS_TblSize                        0x08008b06   Data           2  os_dbg.o(.constdata)
    OSDbg_Tmr                                0x08008b08   Data          48  os_dbg.o(.constdata)
    OSDbg_TmrEn                              0x08008b38   Data           1  os_dbg.o(.constdata)
    OSDbg_TmrDelEn                           0x08008b39   Data           1  os_dbg.o(.constdata)
    OSDbg_TmrSize                            0x08008b3a   Data           2  os_dbg.o(.constdata)
    OSDbg_VersionNbr                         0x08008b3c   Data           2  os_dbg.o(.constdata)
    OSDbg_DataSize                           0x08008b40   Data           4  os_dbg.o(.constdata)
    Region$$Table$$Base                      0x08008b44   Number         0  anon$$obj.o(Region$$Table)
    Region$$Table$$Limit                     0x08008b64   Number         0  anon$$obj.o(Region$$Table)
    TimeStart                                0x20000010   Data           4  app.o(.data)
    TimeEnd                                  0x20000014   Data           4  app.o(.data)
    TimeUse                                  0x20000018   Data           4  app.o(.data)
    W25Q16ID                                 0x2000001c   Data           4  app.o(.data)
    Hzk                                      0x20000021   Data          64  bsp_oled.o(.data)
    CMD_Data                                 0x20000061   Data          27  bsp_oled.o(.data)
    W25QXX_TYPE                              0x2000007c   Data           2  w25qxx.o(.data)
    CPU_TS_TmrFreq_Hz                        0x20000080   Data           4  cpu_core.o(.data)
    CPU_IntDisMeasCtr                        0x20000084   Data           2  cpu_core.o(.data)
    CPU_IntDisNestCtr                        0x20000086   Data           2  cpu_core.o(.data)
    CPU_IntDisMeasStart_cnts                 0x20000088   Data           4  cpu_core.o(.data)
    CPU_IntDisMeasStop_cnts                  0x2000008c   Data           4  cpu_core.o(.data)
    CPU_IntDisMeasOvrhd_cnts                 0x20000090   Data           4  cpu_core.o(.data)
    CPU_IntDisMeasMaxCur_cnts                0x20000094   Data           4  cpu_core.o(.data)
    CPU_IntDisMeasMax_cnts                   0x20000098   Data           4  cpu_core.o(.data)
    Mem_SegHeadPtr                           0x2000009c   Data           4  lib_mem.o(.data)
    OSPrioTbl                                0x200000a0   Data           4  os_prio.o(.data)
    OS_AppTaskCreateHookPtr                  0x200000a4   Data           4  os_var.o(.data)
    OS_AppTaskDelHookPtr                     0x200000a8   Data           4  os_var.o(.data)
    OS_AppTaskReturnHookPtr                  0x200000ac   Data           4  os_var.o(.data)
    OS_AppIdleTaskHookPtr                    0x200000b0   Data           4  os_var.o(.data)
    OS_AppStatTaskHookPtr                    0x200000b4   Data           4  os_var.o(.data)
    OS_AppTaskSwHookPtr                      0x200000b8   Data           4  os_var.o(.data)
    OS_AppTimeTickHookPtr                    0x200000bc   Data           4  os_var.o(.data)
    OSIdleTaskCtr                            0x200000c0   Data           4  os_var.o(.data)
    OSIntNestingCtr                          0x200000c4   Data           1  os_var.o(.data)
    OSIntDisTimeMax                          0x200000c8   Data           4  os_var.o(.data)
    OSRunning                                0x200000cc   Data           1  os_var.o(.data)
    OSIntQInPtr                              0x200000d0   Data           4  os_var.o(.data)
    OSIntQOutPtr                             0x200000d4   Data           4  os_var.o(.data)
    OSIntQNbrEntries                         0x200000d8   Data           2  os_var.o(.data)
    OSIntQNbrEntriesMax                      0x200000da   Data           2  os_var.o(.data)
    OSIntQOvfCtr                             0x200000dc   Data           2  os_var.o(.data)
    OSIntQTaskTimeMax                        0x200000e0   Data           4  os_var.o(.data)
    OSFlagDbgListPtr                         0x200000e4   Data           4  os_var.o(.data)
    OSFlagQty                                0x200000e8   Data           2  os_var.o(.data)
    OSMemDbgListPtr                          0x200000ec   Data           4  os_var.o(.data)
    OSMemQty                                 0x200000f0   Data           2  os_var.o(.data)
    OSMutexDbgListPtr                        0x200000f4   Data           4  os_var.o(.data)
    OSMutexQty                               0x200000f8   Data           2  os_var.o(.data)
    OSPrioCur                                0x200000fa   Data           1  os_var.o(.data)
    OSPrioHighRdy                            0x200000fb   Data           1  os_var.o(.data)
    OSPrioSaved                              0x200000fc   Data           1  os_var.o(.data)
    OSQDbgListPtr                            0x20000100   Data           4  os_var.o(.data)
    OSQQty                                   0x20000104   Data           2  os_var.o(.data)
    OSSchedLockTimeBegin                     0x20000108   Data           4  os_var.o(.data)
    OSSchedLockTimeMax                       0x2000010c   Data           4  os_var.o(.data)
    OSSchedLockTimeMaxCur                    0x20000110   Data           4  os_var.o(.data)
    OSSchedLockNestingCtr                    0x20000114   Data           1  os_var.o(.data)
    OSSchedRoundRobinDfltTimeQuanta          0x20000118   Data           4  os_var.o(.data)
    OSSchedRoundRobinEn                      0x2000011c   Data           1  os_var.o(.data)
    OSSemDbgListPtr                          0x20000120   Data           4  os_var.o(.data)
    OSSemQty                                 0x20000124   Data           2  os_var.o(.data)
    OSStatResetFlag                          0x20000126   Data           1  os_var.o(.data)
    OSStatTaskCPUUsage                       0x20000128   Data           2  os_var.o(.data)
    OSStatTaskCPUUsageMax                    0x2000012a   Data           2  os_var.o(.data)
    OSStatTaskCtr                            0x2000012c   Data           4  os_var.o(.data)
    OSStatTaskCtrMax                         0x20000130   Data           4  os_var.o(.data)
    OSStatTaskCtrRun                         0x20000134   Data           4  os_var.o(.data)
    OSStatTaskRdy                            0x20000138   Data           1  os_var.o(.data)
    OSStatTaskTimeMax                        0x2000013c   Data           4  os_var.o(.data)
    OSTaskCtxSwCtr                           0x20000140   Data           4  os_var.o(.data)
    OSTaskDbgListPtr                         0x20000144   Data           4  os_var.o(.data)
    OSTaskQty                                0x20000148   Data           2  os_var.o(.data)
    OSTaskRegNextAvailID                     0x2000014a   Data           1  os_var.o(.data)
    OSTickCtr                                0x2000014c   Data           4  os_var.o(.data)
    OSTickTaskTimeMax                        0x20000150   Data           4  os_var.o(.data)
    OSTickListDly                            0x20000154   Data           8  os_var.o(.data)
    OSTickListTimeout                        0x2000015c   Data           8  os_var.o(.data)
    OSTmrDbgListPtr                          0x20000164   Data           4  os_var.o(.data)
    OSTmrListEntries                         0x20000168   Data           2  os_var.o(.data)
    OSTmrListPtr                             0x2000016c   Data           4  os_var.o(.data)
    OSTmrQty                                 0x20000170   Data           2  os_var.o(.data)
    OSTmrTaskTimeMax                         0x20000174   Data           4  os_var.o(.data)
    OSTmrTickCtr                             0x20000178   Data           4  os_var.o(.data)
    OSTmrUpdateCnt                           0x2000017c   Data           4  os_var.o(.data)
    OSTmrUpdateCtr                           0x20000180   Data           4  os_var.o(.data)
    OSTCBCurPtr                              0x20000184   Data           4  os_var.o(.data)
    OSTCBHighRdyPtr                          0x20000188   Data           4  os_var.o(.data)
    OS_CPU_ExceptStkBase                     0x2000018c   Data           4  os_cpu_c.o(.data)
    __stdout                                 0x20000190   Data           4  stdout.o(.data)
    flag_grp                                 0x20002790   Data          40  app.o(.bss)
    datatemp                                 0x200027b8   Data          28  app.o(.bss)
    FLASH_WRITE_BUFFER                       0x200027d4   Data          20  app.o(.bss)
    flash_read_buffer                        0x200027e8   Data          20  app.o(.bss)
    W25QXX_BUFFER                            0x200027fc   Data        4096  w25qxx.o(.bss)
    CPU_Name                                 0x200037fc   Data          16  cpu_core.o(.bss)
    Mem_Heap                                 0x2000380c   Data        3072  lib_mem.o(.bss)
    Mem_SegHeap                              0x2000440c   Data          20  lib_mem.o(.bss)
    OSCfg_IdleTaskStk                        0x20004420   Data         256  os_cfg_app.o(.bss)
    OSCfg_IntQ                               0x20004520   Data         320  os_cfg_app.o(.bss)
    OSCfg_IntQTaskStk                        0x20004660   Data         400  os_cfg_app.o(.bss)
    OSCfg_ISRStk                             0x200047f0   Data         400  os_cfg_app.o(.bss)
    OSCfg_MsgPool                            0x20004980   Data        1600  os_cfg_app.o(.bss)
    OSCfg_StatTaskStk                        0x20004fc0   Data         400  os_cfg_app.o(.bss)
    OSCfg_TickTaskStk                        0x20005150   Data         400  os_cfg_app.o(.bss)
    OSCfg_TmrTaskStk                         0x200052e0   Data         400  os_cfg_app.o(.bss)
    OSIdleTaskTCB                            0x20005470   Data         204  os_var.o(.bss)
    OSIntQTaskTCB                            0x2000553c   Data         204  os_var.o(.bss)
    OSMsgPool                                0x20005608   Data          12  os_var.o(.bss)
    OSRdyList                                0x20005614   Data         384  os_var.o(.bss)
    OSStatTaskTCB                            0x20005794   Data         204  os_var.o(.bss)
    OSTickTaskTCB                            0x20005860   Data         204  os_var.o(.bss)
    OSTmrMutex                               0x2000592c   Data          48  os_var.o(.bss)
    OSTmrTaskTCB                             0x2000595c   Data         204  os_var.o(.bss)
    __initial_sp                             0x20005e28   Data           0  startup_stm32f40xx.o(STACK)



==============================================================================

Memory Map of the image

  Image Entry point : 0x08000189

  Load Region LR_IROM1 (Base: 0x08000000, Size: 0x00008cf8, Max: 0x00080000, ABSOLUTE, COMPRESSED[0x00008bc8])

    Execution Region ER_IROM1 (Exec base: 0x08000000, Load base: 0x08000000, Size: 0x00008b64, Max: 0x00080000, ABSOLUTE)

    Exec Addr    Load Addr    Size         Type   Attr      Idx    E Section Name        Object

    0x08000000   0x08000000   0x00000188   Data   RO            3    RESET               startup_stm32f40xx.o
    0x08000188   0x08000188   0x00000000   Code   RO         7582  * .ARM.Collect$$$$00000000  mc_w.l(entry.o)
    0x08000188   0x08000188   0x00000004   Code   RO         7854    .ARM.Collect$$$$00000001  mc_w.l(entry2.o)
    0x0800018c   0x0800018c   0x00000004   Code   RO         7857    .ARM.Collect$$$$00000004  mc_w.l(entry5.o)
    0x08000190   0x08000190   0x00000000   Code   RO         7859    .ARM.Collect$$$$00000008  mc_w.l(entry7b.o)
    0x08000190   0x08000190   0x00000000   Code   RO         7861    .ARM.Collect$$$$0000000A  mc_w.l(entry8b.o)
    0x08000190   0x08000190   0x00000008   Code   RO         7862    .ARM.Collect$$$$0000000B  mc_w.l(entry9a.o)
    0x08000198   0x08000198   0x00000000   Code   RO         7864    .ARM.Collect$$$$0000000D  mc_w.l(entry10a.o)
    0x08000198   0x08000198   0x00000000   Code   RO         7866    .ARM.Collect$$$$0000000F  mc_w.l(entry11a.o)
    0x08000198   0x08000198   0x00000004   Code   RO         7855    .ARM.Collect$$$$00002712  mc_w.l(entry2.o)
    0x0800019c   0x0800019c   0x0000004c   Code   RO            4    .text               startup_stm32f40xx.o
    0x080001e8   0x080001e8   0x00000034   Code   RO         5792    .text               cpu_a.o
    0x0800021c   0x0800021c   0x00000062   Code   RO         7585    .text               mc_w.l(uldiv.o)
    0x0800027e   0x0800027e   0x00000024   Code   RO         7587    .text               mc_w.l(memcpya.o)
    0x080002a2   0x080002a2   0x00000024   Code   RO         7589    .text               mc_w.l(memseta.o)
    0x080002c6   0x080002c6   0x0000001e   Code   RO         7871    .text               mc_w.l(llshl.o)
    0x080002e4   0x080002e4   0x00000020   Code   RO         7873    .text               mc_w.l(llushr.o)
    0x08000304   0x08000304   0x00000024   Code   RO         7886    .text               mc_w.l(init.o)
    0x08000328   0x08000328   0x00000056   Code   RO         7900    .text               mc_w.l(__dczerorl2.o)
    0x0800037e   0x0800037e   0x00000002   PAD
    0x08000380   0x08000380   0x0000010c   Code   RO         7494    CODE                os_cpu_a.o
    0x0800048c   0x0800048c   0x000001e8   Code   RO         4853    i.AppTaskKey        app.o
    0x08000674   0x08000674   0x000000c0   Code   RO         4854    i.AppTaskLed2       app.o
    0x08000734   0x08000734   0x00000058   Code   RO         4855    i.AppTaskLed3       app.o
    0x0800078c   0x0800078c   0x00000048   Code   RO         4856    i.AppTaskPend       app.o
    0x080007d4   0x080007d4   0x00000214   Code   RO         4857    i.AppTaskStart      app.o
    0x080009e8   0x080009e8   0x0000000e   Code   RO         5123    i.BSP_CPU_ClkFreq   bsp.o
    0x080009f6   0x080009f6   0x00000018   Code   RO         5124    i.BSP_Init          bsp.o
    0x08000a0e   0x08000a0e   0x00000004   Code   RO         4765    i.BusFault_Handler  stm32f4xx_it.o
    0x08000a12   0x08000a12   0x00000010   Code   RO         5634    i.CPU_Init          cpu_core.o
    0x08000a22   0x08000a22   0x00000002   PAD
    0x08000a24   0x08000a24   0x00000084   Code   RO         5635    i.CPU_IntDisMeasInit  cpu_core.o
    0x08000aa8   0x08000aa8   0x0000001c   Code   RO         5636    i.CPU_IntDisMeasMaxCalc  cpu_core.o
    0x08000ac4   0x08000ac4   0x0000002c   Code   RO         5637    i.CPU_IntDisMeasMaxCurGet  cpu_core.o
    0x08000af0   0x08000af0   0x0000002c   Code   RO         5638    i.CPU_IntDisMeasMaxCurReset  cpu_core.o
    0x08000b1c   0x08000b1c   0x0000002c   Code   RO         5639    i.CPU_IntDisMeasMaxGet  cpu_core.o
    0x08000b48   0x08000b48   0x00000034   Code   RO         5640    i.CPU_IntDisMeasStart  cpu_core.o
    0x08000b7c   0x08000b7c   0x00000054   Code   RO         5641    i.CPU_IntDisMeasStop  cpu_core.o
    0x08000bd0   0x08000bd0   0x00000038   Code   RO         5642    i.CPU_NameClr       cpu_core.o
    0x08000c08   0x08000c08   0x00000008   Code   RO         5644    i.CPU_NameInit      cpu_core.o
    0x08000c10   0x08000c10   0x00000004   Code   RO         5646    i.CPU_SW_Exception  cpu_core.o
    0x08000c14   0x08000c14   0x00000014   Code   RO         5648    i.CPU_TS_Init       cpu_core.o
    0x08000c28   0x08000c28   0x0000000c   Code   RO         5650    i.CPU_TS_TmrFreqSet  cpu_core.o
    0x08000c34   0x08000c34   0x00000034   Code   RO         5127    i.CPU_TS_TmrInit    bsp.o
    0x08000c68   0x08000c68   0x0000000c   Code   RO         5128    i.CPU_TS_TmrRd      bsp.o
    0x08000c74   0x08000c74   0x00000002   Code   RO         4766    i.DebugMon_Handler  stm32f4xx_it.o
    0x08000c76   0x08000c76   0x00000002   PAD
    0x08000c78   0x08000c78   0x000000a8   Code   RO         5190    i.Debug_USART_Config  bsp_debug_usart.o
    0x08000d20   0x08000d20   0x00000024   Code   RO         1410    i.FLASH_DataCacheCmd  stm32f4xx_flash.o
    0x08000d44   0x08000d44   0x00000088   Code   RO         1415    i.FLASH_EraseSector  stm32f4xx_flash.o
    0x08000dcc   0x08000dcc   0x00000054   Code   RO         1417    i.FLASH_GetStatus   stm32f4xx_flash.o
    0x08000e20   0x08000e20   0x00000014   Code   RO         1421    i.FLASH_Lock        stm32f4xx_flash.o
    0x08000e34   0x08000e34   0x00000050   Code   RO         1445    i.FLASH_ProgramWord  stm32f4xx_flash.o
    0x08000e84   0x08000e84   0x00000024   Code   RO         1447    i.FLASH_Unlock      stm32f4xx_flash.o
    0x08000ea8   0x08000ea8   0x00000022   Code   RO         1448    i.FLASH_WaitForLastOperation  stm32f4xx_flash.o
    0x08000eca   0x08000eca   0x00000090   Code   RO         1857    i.GPIO_Init         stm32f4xx_gpio.o
    0x08000f5a   0x08000f5a   0x00000046   Code   RO         1858    i.GPIO_PinAFConfig  stm32f4xx_gpio.o
    0x08000fa0   0x08000fa0   0x00000012   Code   RO         1861    i.GPIO_ReadInputDataBit  stm32f4xx_gpio.o
    0x08000fb2   0x08000fb2   0x00000004   Code   RO         1864    i.GPIO_ResetBits    stm32f4xx_gpio.o
    0x08000fb6   0x08000fb6   0x00000004   Code   RO         1865    i.GPIO_SetBits      stm32f4xx_gpio.o
    0x08000fba   0x08000fba   0x00000004   Code   RO         4767    i.HardFault_Handler  stm32f4xx_it.o
    0x08000fbe   0x08000fbe   0x00000002   PAD
    0x08000fc0   0x08000fc0   0x00000090   Code   RO         5285    i.I2C2_Init         bsp_i2c.o
    0x08001050   0x08001050   0x0000008c   Code   RO         5286    i.I2C2_Write        bsp_i2c.o
    0x080010dc   0x080010dc   0x0000002a   Code   RO         2148    i.I2C_CheckEvent    stm32f4xx_i2c.o
    0x08001106   0x08001106   0x00000018   Code   RO         2151    i.I2C_Cmd           stm32f4xx_i2c.o
    0x0800111e   0x0800111e   0x00000018   Code   RO         2159    i.I2C_GenerateSTART  stm32f4xx_i2c.o
    0x08001136   0x08001136   0x00000018   Code   RO         2160    i.I2C_GenerateSTOP  stm32f4xx_i2c.o
    0x0800114e   0x0800114e   0x0000003a   Code   RO         2161    i.I2C_GetFlagStatus  stm32f4xx_i2c.o
    0x08001188   0x08001188   0x000000e8   Code   RO         2166    i.I2C_Init          stm32f4xx_i2c.o
    0x08001270   0x08001270   0x00000010   Code   RO         2173    i.I2C_Send7bitAddress  stm32f4xx_i2c.o
    0x08001280   0x08001280   0x00000004   Code   RO         2174    i.I2C_SendData      stm32f4xx_i2c.o
    0x08001284   0x08001284   0x00000012   Code   RO         5249    i.Key_Delay         bsp_key.o
    0x08001296   0x08001296   0x00000002   PAD
    0x08001298   0x08001298   0x0000003c   Code   RO         5250    i.Key_GPIO_Config   bsp_key.o
    0x080012d4   0x080012d4   0x0000003c   Code   RO         5251    i.Key_Scan          bsp_key.o
    0x08001310   0x08001310   0x00000050   Code   RO         5099    i.LED_GPIO_Config   bsp_led.o
    0x08001360   0x08001360   0x00000004   Code   RO         4768    i.MemManage_Handler  stm32f4xx_it.o
    0x08001364   0x08001364   0x00000012   Code   RO         5994    i.Mem_Clr           lib_mem.o
    0x08001376   0x08001376   0x00000002   PAD
    0x08001378   0x08001378   0x0000004c   Code   RO         6004    i.Mem_Init          lib_mem.o
    0x080013c4   0x080013c4   0x00000052   Code   RO         6017    i.Mem_SegCreate     lib_mem.o
    0x08001416   0x08001416   0x00000002   PAD
    0x08001418   0x08001418   0x00000020   Code   RO         6018    i.Mem_SegCreateCritical  lib_mem.o
    0x08001438   0x08001438   0x00000054   Code   RO         6021    i.Mem_Set           lib_mem.o
    0x0800148c   0x0800148c   0x00000002   Code   RO         4769    i.NMI_Handler       stm32f4xx_it.o
    0x0800148e   0x0800148e   0x0000002a   Code   RO         5191    i.NVIC_Configuration  bsp_debug_usart.o
    0x080014b8   0x080014b8   0x00000078   Code   RO          155    i.NVIC_Init         misc.o
    0x08001530   0x08001530   0x00000014   Code   RO          156    i.NVIC_PriorityGroupConfig  misc.o
    0x08001544   0x08001544   0x00000038   Code   RO         5316    i.OLED_Clear        bsp_oled.o
    0x0800157c   0x0800157c   0x00000016   Code   RO         5318    i.OLED_Display_On   bsp_oled.o
    0x08001592   0x08001592   0x00000002   PAD
    0x08001594   0x08001594   0x00000024   Code   RO         5319    i.OLED_Init         bsp_oled.o
    0x080015b8   0x080015b8   0x00000030   Code   RO         5320    i.OLED_Key_GPIO_Config  bsp_oled.o
    0x080015e8   0x080015e8   0x00000024   Code   RO         5322    i.OLED_Set_Pos      bsp_oled.o
    0x0800160c   0x0800160c   0x0000009c   Code   RO         5324    i.OLED_ShowChar     bsp_oled.o
    0x080016a8   0x080016a8   0x00000088   Code   RO         5325    i.OLED_ShowNum      bsp_oled.o
    0x08001730   0x08001730   0x0000003a   Code   RO         5326    i.OLED_ShowString   bsp_oled.o
    0x0800176a   0x0800176a   0x00000010   Code   RO         5327    i.OLED_WR_CMD       bsp_oled.o
    0x0800177a   0x0800177a   0x00000010   Code   RO         5328    i.OLED_WR_DATA      bsp_oled.o
    0x0800178a   0x0800178a   0x00000002   Code   RO         6329    i.OSCfg_Init        os_cfg_app.o
    0x0800178c   0x0800178c   0x000000e4   Code   RO         6607    i.OSFlagCreate      os_flag.o
    0x08001870   0x08001870   0x00000690   Code   RO         6609    i.OSFlagPend        os_flag.o
    0x08001f00   0x08001f00   0x0000009c   Code   RO         6612    i.OSFlagPost        os_flag.o
    0x08001f9c   0x08001f9c   0x00000014   Code   RO         7497    i.OSIdleTaskHook    os_cpu_c.o
    0x08001fb0   0x08001fb0   0x0000018c   Code   RO         6352    i.OSInit            os_core.o
    0x0800213c   0x0800213c   0x00000028   Code   RO         7498    i.OSInitHook        os_cpu_c.o
    0x08002164   0x08002164   0x000000dc   Code   RO         6354    i.OSIntExit         os_core.o
    0x08002240   0x08002240   0x000000e4   Code   RO         6793    i.OSMutexCreate     os_mutex.o
    0x08002324   0x08002324   0x00000258   Code   RO         6795    i.OSMutexPend       os_mutex.o
    0x0800257c   0x0800257c   0x000002cc   Code   RO         6797    i.OSMutexPost       os_mutex.o
    0x08002848   0x08002848   0x000000a4   Code   RO         6355    i.OSSched           os_core.o
    0x080028ec   0x080028ec   0x0000007c   Code   RO         6356    i.OSSchedLock       os_core.o
    0x08002968   0x08002968   0x0000006c   Code   RO         6357    i.OSSchedRoundRobinCfg  os_core.o
    0x080029d4   0x080029d4   0x000000a0   Code   RO         6359    i.OSSchedUnlock     os_core.o
    0x08002a74   0x08002a74   0x00000068   Code   RO         6360    i.OSStart           os_core.o
    0x08002adc   0x08002adc   0x00000168   Code   RO         7088    i.OSStatReset       os_stat.o
    0x08002c44   0x08002c44   0x00000100   Code   RO         7089    i.OSStatTaskCPUUsageInit  os_stat.o
    0x08002d44   0x08002d44   0x00000014   Code   RO         7499    i.OSStatTaskHook    os_cpu_c.o
    0x08002d58   0x08002d58   0x00000294   Code   RO         7119    i.OSTaskCreate      os_task.o
    0x08002fec   0x08002fec   0x00000018   Code   RO         7500    i.OSTaskCreateHook  os_cpu_c.o
    0x08003004   0x08003004   0x0000027c   Code   RO         7120    i.OSTaskDel         os_task.o
    0x08003280   0x08003280   0x00000018   Code   RO         7501    i.OSTaskDelHook     os_cpu_c.o
    0x08003298   0x08003298   0x0000005c   Code   RO         7125    i.OSTaskRegGet      os_task.o
    0x080032f4   0x080032f4   0x0000005c   Code   RO         7127    i.OSTaskRegSet      os_task.o
    0x08003350   0x08003350   0x00000088   Code   RO         7128    i.OSTaskResume      os_task.o
    0x080033d8   0x080033d8   0x00000018   Code   RO         7502    i.OSTaskReturnHook  os_cpu_c.o
    0x080033f0   0x080033f0   0x00000250   Code   RO         7129    i.OSTaskSemPend     os_task.o
    0x08003640   0x08003640   0x000000e4   Code   RO         7133    i.OSTaskStkChk      os_task.o
    0x08003724   0x08003724   0x000002c4   Code   RO         7503    i.OSTaskStkInit     os_cpu_c.o
    0x080039e8   0x080039e8   0x00000060   Code   RO         7134    i.OSTaskSuspend     os_task.o
    0x08003a48   0x08003a48   0x000000d4   Code   RO         7504    i.OSTaskSwHook      os_cpu_c.o
    0x08003b1c   0x08003b1c   0x00000144   Code   RO         7344    i.OSTimeDly         os_time.o
    0x08003c60   0x08003c60   0x0000022c   Code   RO         7345    i.OSTimeDlyHMSM     os_time.o
    0x08003e8c   0x08003e8c   0x00000044   Code   RO         7349    i.OSTimeTick        os_time.o
    0x08003ed0   0x08003ed0   0x00000014   Code   RO         7505    i.OSTimeTickHook    os_cpu_c.o
    0x08003ee4   0x08003ee4   0x00000040   Code   RO         7506    i.OS_CPU_SysTickHandler  os_cpu_c.o
    0x08003f24   0x08003f24   0x00000030   Code   RO         7507    i.OS_CPU_SysTickInit  os_cpu_c.o
    0x08003f54   0x08003f54   0x000001ac   Code   RO         6592    i.OS_Dbg_Init       os_dbg.o
    0x08004100   0x08004100   0x00000040   Code   RO         6613    i.OS_FlagBlock      os_flag.o
    0x08004140   0x08004140   0x00000030   Code   RO         6615    i.OS_FlagDbgListAdd  os_flag.o
    0x08004170   0x08004170   0x00000018   Code   RO         6617    i.OS_FlagInit       os_flag.o
    0x08004188   0x08004188   0x0000027c   Code   RO         6618    i.OS_FlagPost       os_flag.o
    0x08004404   0x08004404   0x00000064   Code   RO         6619    i.OS_FlagTaskRdy    os_flag.o
    0x08004468   0x08004468   0x0000004c   Code   RO         6362    i.OS_IdleTask       os_core.o
    0x080044b4   0x080044b4   0x00000070   Code   RO         6363    i.OS_IdleTaskInit   os_core.o
    0x08004524   0x08004524   0x00000104   Code   RO         6691    i.OS_IntQPost       os_int.o
    0x08004628   0x08004628   0x000001a4   Code   RO         6692    i.OS_IntQRePost     os_int.o
    0x080047cc   0x080047cc   0x000000c4   Code   RO         6693    i.OS_IntQTask       os_int.o
    0x08004890   0x08004890   0x00000128   Code   RO         6694    i.OS_IntQTaskInit   os_int.o
    0x080049b8   0x080049b8   0x00000018   Code   RO         6725    i.OS_MemInit        os_mem.o
    0x080049d0   0x080049d0   0x0000007c   Code   RO         6757    i.OS_MsgPoolInit    os_msg.o
    0x08004a4c   0x08004a4c   0x00000044   Code   RO         6758    i.OS_MsgQFreeAll    os_msg.o
    0x08004a90   0x08004a90   0x0000000e   Code   RO         6760    i.OS_MsgQInit       os_msg.o
    0x08004a9e   0x08004a9e   0x00000002   PAD
    0x08004aa0   0x08004aa0   0x00000104   Code   RO         6761    i.OS_MsgQPut        os_msg.o
    0x08004ba4   0x08004ba4   0x00000030   Code   RO         6799    i.OS_MutexDbgListAdd  os_mutex.o
    0x08004bd4   0x08004bd4   0x00000008   Code   RO         6801    i.OS_MutexGrpAdd    os_mutex.o
    0x08004bdc   0x08004bdc   0x00000060   Code   RO         6802    i.OS_MutexGrpPostAll  os_mutex.o
    0x08004c3c   0x08004c3c   0x0000002c   Code   RO         6803    i.OS_MutexGrpPrioFindHighest  os_mutex.o
    0x08004c68   0x08004c68   0x0000001c   Code   RO         6804    i.OS_MutexGrpRemove  os_mutex.o
    0x08004c84   0x08004c84   0x00000018   Code   RO         6805    i.OS_MutexInit      os_mutex.o
    0x08004c9c   0x08004c9c   0x00000068   Code   RO         6364    i.OS_Pend           os_core.o
    0x08004d04   0x08004d04   0x00000028   Code   RO         6367    i.OS_PendDataInit   os_core.o
    0x08004d2c   0x08004d2c   0x0000005c   Code   RO         6368    i.OS_PendDbgNameAdd  os_core.o
    0x08004d88   0x08004d88   0x00000024   Code   RO         6369    i.OS_PendDbgNameRemove  os_core.o
    0x08004dac   0x08004dac   0x0000003a   Code   RO         6370    i.OS_PendListChangePrio  os_core.o
    0x08004de6   0x08004de6   0x0000000a   Code   RO         6371    i.OS_PendListInit   os_core.o
    0x08004df0   0x08004df0   0x00000066   Code   RO         6373    i.OS_PendListInsertPrio  os_core.o
    0x08004e56   0x08004e56   0x00000034   Code   RO         6374    i.OS_PendListRemove  os_core.o
    0x08004e8a   0x08004e8a   0x00000042   Code   RO         6375    i.OS_PendListRemove1  os_core.o
    0x08004ecc   0x08004ecc   0x000000d6   Code   RO         6378    i.OS_Post           os_core.o
    0x08004fa2   0x08004fa2   0x0000002c   Code   RO         6379    i.OS_Post1          os_core.o
    0x08004fce   0x08004fce   0x00000002   PAD
    0x08004fd0   0x08004fd0   0x00000028   Code   RO         6907    i.OS_PrioGetHighest  os_prio.o
    0x08004ff8   0x08004ff8   0x00000018   Code   RO         6908    i.OS_PrioInit       os_prio.o
    0x08005010   0x08005010   0x00000024   Code   RO         6909    i.OS_PrioInsert     os_prio.o
    0x08005034   0x08005034   0x00000024   Code   RO         6910    i.OS_PrioRemove     os_prio.o
    0x08005058   0x08005058   0x00000018   Code   RO         6953    i.OS_QInit          os_q.o
    0x08005070   0x08005070   0x00000188   Code   RO         6954    i.OS_QPost          os_q.o
    0x080051f8   0x080051f8   0x00000024   Code   RO         6380    i.OS_RdyListInit    os_core.o
    0x0800521c   0x0800521c   0x0000002c   Code   RO         6381    i.OS_RdyListInsert  os_core.o
    0x08005248   0x08005248   0x00000040   Code   RO         6382    i.OS_RdyListInsertHead  os_core.o
    0x08005288   0x08005288   0x0000003c   Code   RO         6383    i.OS_RdyListInsertTail  os_core.o
    0x080052c4   0x080052c4   0x00000044   Code   RO         6384    i.OS_RdyListMoveHeadToTail  os_core.o
    0x08005308   0x08005308   0x0000005c   Code   RO         6385    i.OS_RdyListRemove  os_core.o
    0x08005364   0x08005364   0x00000054   Code   RO         6386    i.OS_Sched0         os_core.o
    0x080053b8   0x080053b8   0x0000001c   Code   RO         6387    i.OS_SchedLockTimeMeasStart  os_core.o
    0x080053d4   0x080053d4   0x0000003c   Code   RO         6388    i.OS_SchedLockTimeMeasStop  os_core.o
    0x08005410   0x08005410   0x000000ec   Code   RO         6389    i.OS_SchedRoundRobin  os_core.o
    0x080054fc   0x080054fc   0x00000018   Code   RO         7025    i.OS_SemInit        os_sem.o
    0x08005514   0x08005514   0x00000198   Code   RO         7026    i.OS_SemPost        os_sem.o
    0x080056ac   0x080056ac   0x000003b4   Code   RO         7090    i.OS_StatTask       os_stat.o
    0x08005a60   0x08005a60   0x000000cc   Code   RO         7091    i.OS_StatTaskInit   os_stat.o
    0x08005b2c   0x08005b2c   0x0000002c   Code   RO         6390    i.OS_TaskBlock      os_core.o
    0x08005b58   0x08005b58   0x000000ec   Code   RO         7136    i.OS_TaskChangePrio  os_task.o
    0x08005c44   0x08005c44   0x00000030   Code   RO         7137    i.OS_TaskDbgListAdd  os_task.o
    0x08005c74   0x08005c74   0x00000044   Code   RO         7138    i.OS_TaskDbgListRemove  os_task.o
    0x08005cb8   0x08005cb8   0x00000020   Code   RO         7139    i.OS_TaskInit       os_task.o
    0x08005cd8   0x08005cd8   0x000000d0   Code   RO         7140    i.OS_TaskInitTCB    os_task.o
    0x08005da8   0x08005da8   0x0000026c   Code   RO         7141    i.OS_TaskQPost      os_task.o
    0x08006014   0x08006014   0x0000017c   Code   RO         7142    i.OS_TaskResume     os_task.o
    0x08006190   0x08006190   0x00000018   Code   RO         7143    i.OS_TaskReturn     os_task.o
    0x080061a8   0x080061a8   0x000005a8   Code   RO         7144    i.OS_TaskSemPost    os_task.o
    0x08006750   0x08006750   0x00000190   Code   RO         7145    i.OS_TaskSuspend    os_task.o
    0x080068e0   0x080068e0   0x00000086   Code   RO         7292    i.OS_TickListInsert  os_tick.o
    0x08006966   0x08006966   0x00000002   PAD
    0x08006968   0x08006968   0x000000bc   Code   RO         7293    i.OS_TickListInsertDly  os_tick.o
    0x08006a24   0x08006a24   0x00000058   Code   RO         7294    i.OS_TickListRemove  os_tick.o
    0x08006a7c   0x08006a7c   0x00000002   Code   RO         7295    i.OS_TickListResetPeak  os_tick.o
    0x08006a7e   0x08006a7e   0x00000002   PAD
    0x08006a80   0x08006a80   0x00000130   Code   RO         7296    i.OS_TickListUpdateDly  os_tick.o
    0x08006bb0   0x08006bb0   0x000001ac   Code   RO         7297    i.OS_TickListUpdateTimeout  os_tick.o
    0x08006d5c   0x08006d5c   0x000000fc   Code   RO         7298    i.OS_TickTask       os_tick.o
    0x08006e58   0x08006e58   0x000000c8   Code   RO         7299    i.OS_TickTaskInit   os_tick.o
    0x08006f20   0x08006f20   0x00000134   Code   RO         7395    i.OS_TmrInit        os_tmr.o
    0x08007054   0x08007054   0x00000018   Code   RO         7396    i.OS_TmrLock        os_tmr.o
    0x0800706c   0x0800706c   0x00000002   Code   RO         7397    i.OS_TmrResetPeak   os_tmr.o
    0x0800706e   0x0800706e   0x00000002   PAD
    0x08007070   0x08007070   0x00000094   Code   RO         7398    i.OS_TmrTask        os_tmr.o
    0x08007104   0x08007104   0x00000044   Code   RO         7399    i.OS_TmrUnlink      os_tmr.o
    0x08007148   0x08007148   0x00000014   Code   RO         7400    i.OS_TmrUnlock      os_tmr.o
    0x0800715c   0x0800715c   0x00000020   Code   RO         2561    i.RCC_AHB1PeriphClockCmd  stm32f4xx_rcc.o
    0x0800717c   0x0800717c   0x00000020   Code   RO         2570    i.RCC_APB1PeriphClockCmd  stm32f4xx_rcc.o
    0x0800719c   0x0800719c   0x00000020   Code   RO         2573    i.RCC_APB2PeriphClockCmd  stm32f4xx_rcc.o
    0x080071bc   0x080071bc   0x000000e8   Code   RO         2582    i.RCC_GetClocksFreq  stm32f4xx_rcc.o
    0x080072a4   0x080072a4   0x000000c4   Code   RO         5472    i.SPI1_Init         bsp_spi.o
    0x08007368   0x08007368   0x00000038   Code   RO         5473    i.SPI1_ReadWriteByte  bsp_spi.o
    0x080073a0   0x080073a0   0x00000028   Code   RO         5474    i.SPI1_SetSpeed     bsp_spi.o
    0x080073c8   0x080073c8   0x00000018   Code   RO         3719    i.SPI_Cmd           stm32f4xx_spi.o
    0x080073e0   0x080073e0   0x00000012   Code   RO         3727    i.SPI_I2S_GetFlagStatus  stm32f4xx_spi.o
    0x080073f2   0x080073f2   0x00000006   Code   RO         3730    i.SPI_I2S_ReceiveData  stm32f4xx_spi.o
    0x080073f8   0x080073f8   0x00000004   Code   RO         3731    i.SPI_I2S_SendData  stm32f4xx_spi.o
    0x080073fc   0x080073fc   0x0000003c   Code   RO         3732    i.SPI_Init          stm32f4xx_spi.o
    0x08007438   0x08007438   0x000000a0   Code   RO         5430    i.STMFLASH_GetFlashSector  bsp_stmflash.o
    0x080074d8   0x080074d8   0x00000020   Code   RO         5431    i.STMFLASH_Read     bsp_stmflash.o
    0x080074f8   0x080074f8   0x00000006   Code   RO         5432    i.STMFLASH_ReadWord  bsp_stmflash.o
    0x080074fe   0x080074fe   0x00000002   PAD
    0x08007500   0x08007500   0x00000098   Code   RO         5433    i.STMFLASH_Write    bsp_stmflash.o
    0x08007598   0x08007598   0x00000002   Code   RO         4771    i.SVC_Handler       stm32f4xx_it.o
    0x0800759a   0x0800759a   0x00000002   PAD
    0x0800759c   0x0800759c   0x000000ec   Code   RO           13    i.SetSysClock       system_stm32f4xx.o
    0x08007688   0x08007688   0x00000068   Code   RO           15    i.SystemInit        system_stm32f4xx.o
    0x080076f0   0x080076f0   0x00000024   Code   RO         4773    i.USART1_IRQHandler  stm32f4xx_it.o
    0x08007714   0x08007714   0x00000018   Code   RO         4511    i.USART_Cmd         stm32f4xx_usart.o
    0x0800772c   0x0800772c   0x0000001a   Code   RO         4514    i.USART_GetFlagStatus  stm32f4xx_usart.o
    0x08007746   0x08007746   0x00000054   Code   RO         4515    i.USART_GetITStatus  stm32f4xx_usart.o
    0x0800779a   0x0800779a   0x0000004a   Code   RO         4517    i.USART_ITConfig    stm32f4xx_usart.o
    0x080077e4   0x080077e4   0x000000d4   Code   RO         4518    i.USART_Init        stm32f4xx_usart.o
    0x080078b8   0x080078b8   0x0000000a   Code   RO         4525    i.USART_ReceiveData  stm32f4xx_usart.o
    0x080078c2   0x080078c2   0x00000008   Code   RO         4528    i.USART_SendData    stm32f4xx_usart.o
    0x080078ca   0x080078ca   0x00000004   Code   RO         4774    i.UsageFault_Handler  stm32f4xx_it.o
    0x080078ce   0x080078ce   0x00000002   PAD
    0x080078d0   0x080078d0   0x00000044   Code   RO         5509    i.W25QXX_Erase_Sector  w25qxx.o
    0x08007914   0x08007914   0x00000016   Code   RO         5510    i.W25QXX_Init       w25qxx.o
    0x0800792a   0x0800792a   0x00000002   PAD
    0x0800792c   0x0800792c   0x00000054   Code   RO         5512    i.W25QXX_Read       w25qxx.o
    0x08007980   0x08007980   0x00000048   Code   RO         5513    i.W25QXX_ReadID     w25qxx.o
    0x080079c8   0x080079c8   0x0000002c   Code   RO         5514    i.W25QXX_ReadSR     w25qxx.o
    0x080079f4   0x080079f4   0x00000012   Code   RO         5516    i.W25QXX_Wait_Busy  w25qxx.o
    0x08007a06   0x08007a06   0x00000002   PAD
    0x08007a08   0x08007a08   0x000000b8   Code   RO         5517    i.W25QXX_Write      w25qxx.o
    0x08007ac0   0x08007ac0   0x00000020   Code   RO         5518    i.W25QXX_Write_Disable  w25qxx.o
    0x08007ae0   0x08007ae0   0x00000020   Code   RO         5519    i.W25QXX_Write_Enable  w25qxx.o
    0x08007b00   0x08007b00   0x00000046   Code   RO         5520    i.W25QXX_Write_NoCheck  w25qxx.o
    0x08007b46   0x08007b46   0x00000002   PAD
    0x08007b48   0x08007b48   0x00000058   Code   RO         5521    i.W25QXX_Write_Page  w25qxx.o
    0x08007ba0   0x08007ba0   0x00000020   Code   RO         7800    i.__0printf$8       mc_w.l(printf8.o)
    0x08007bc0   0x08007bc0   0x00000028   Code   RO         7802    i.__0sprintf$8      mc_w.l(printf8.o)
    0x08007be8   0x08007be8   0x0000000e   Code   RO         7894    i.__scatterload_copy  mc_w.l(handlers.o)
    0x08007bf6   0x08007bf6   0x00000002   Code   RO         7895    i.__scatterload_null  mc_w.l(handlers.o)
    0x08007bf8   0x08007bf8   0x0000000e   Code   RO         7896    i.__scatterload_zeroinit  mc_w.l(handlers.o)
    0x08007c06   0x08007c06   0x00000002   PAD
    0x08007c08   0x08007c08   0x00000410   Code   RO         7807    i._printf_core      mc_w.l(printf8.o)
    0x08008018   0x08008018   0x00000024   Code   RO         7808    i._printf_post_padding  mc_w.l(printf8.o)
    0x0800803c   0x0800803c   0x0000002e   Code   RO         7809    i._printf_pre_padding  mc_w.l(printf8.o)
    0x0800806a   0x0800806a   0x0000000a   Code   RO         7811    i._sputc            mc_w.l(printf8.o)
    0x08008074   0x08008074   0x00000024   Code   RO         5196    i.fputc             bsp_debug_usart.o
    0x08008098   0x08008098   0x00000060   Code   RO         4858    i.main              app.o
    0x080080f8   0x080080f8   0x00000016   Code   RO         5329    i.oled_pow          bsp_oled.o
    0x0800810e   0x0800810e   0x0000001c   Data   RO         4860    .constdata          app.o
    0x0800812a   0x0800812a   0x00000818   Data   RO         5330    .constdata          bsp_oled.o
    0x08008942   0x08008942   0x00000002   PAD
    0x08008944   0x08008944   0x00000094   Data   RO         6331    .constdata          os_cfg_app.o
    0x080089d8   0x080089d8   0x0000016c   Data   RO         6593    .constdata          os_dbg.o
    0x08008b44   0x08008b44   0x00000020   Data   RO         7892    Region$$Table       anon$$obj.o


    Execution Region RW_IRAM1 (Exec base: 0x20000000, Load base: 0x08008b64, Size: 0x00005e28, Max: 0x00020000, ABSOLUTE, COMPRESSED[0x00000064])

    Exec Addr    Load Addr    Size         Type   Attr      Idx    E Section Name        Object

    0x20000000   COMPRESSED   0x00000010   Data   RW         2614    .data               stm32f4xx_rcc.o
    0x20000010   COMPRESSED   0x00000011   Data   RW         4861    .data               app.o
    0x20000021   COMPRESSED   0x0000005b   Data   RW         5331    .data               bsp_oled.o
    0x2000007c   COMPRESSED   0x00000002   Data   RW         5525    .data               w25qxx.o
    0x2000007e   COMPRESSED   0x00000002   PAD
    0x20000080   COMPRESSED   0x0000001c   Data   RW         5654    .data               cpu_core.o
    0x2000009c   COMPRESSED   0x00000004   Data   RW         6023    .data               lib_mem.o
    0x200000a0   COMPRESSED   0x00000004   Data   RW         6911    .data               os_prio.o
    0x200000a4   COMPRESSED   0x000000e8   Data   RW         7481    .data               os_var.o
    0x2000018c   COMPRESSED   0x00000004   Data   RW         7508    .data               os_cpu_c.o
    0x20000190   COMPRESSED   0x00000004   Data   RW         7868    .data               mc_w.l(stdout.o)
    0x20000194        -       0x00002668   Zero   RW         4859    .bss                app.o
    0x200027fc        -       0x00001000   Zero   RW         5524    .bss                w25qxx.o
    0x200037fc        -       0x00000010   Zero   RW         5652    .bss                cpu_core.o
    0x2000380c        -       0x00000c14   Zero   RW         6022    .bss                lib_mem.o
    0x20004420        -       0x00001050   Zero   RW         6330    .bss                os_cfg_app.o
    0x20005470        -       0x000005b8   Zero   RW         7480    .bss                os_var.o
    0x20005a28        -       0x00000400   Zero   RW            1    STACK               startup_stm32f40xx.o


==============================================================================

Image component sizes


      Code (inc. data)   RO Data    RW Data    ZI Data      Debug   Object Name

      1468        462         28         17       9832      34565   app.o
       102         14          0          0          0       2137   bsp.o
       246         14          0          0          0       1925   bsp_debug_usart.o
       284         24          0          0          0       1377   bsp_i2c.o
       138          6          0          0          0       2117   bsp_key.o
        80          4          0          0          0        590   bsp_led.o
       602         18       2072         91          0       8532   bsp_oled.o
       292         18          0          0          0       1905   bsp_spi.o
       350         50          0          0          0       3327   bsp_stmflash.o
        52          0          0          0          0        352   cpu_a.o
         0          0          0          0          0       7840   cpu_c.o
       544         98          0         28         16       9851   cpu_core.o
       292         26          0          4       3092      15373   lib_mem.o
       140         24          0          0          0       1815   misc.o
         0          0          0          0          0      40246   os_app_hooks.o
         2          0        148          0       4176      20791   os_cfg_app.o
      3098        406          0          0          0      22300   os_core.o
       268         14          0          0          0        436   os_cpu_a.o
      1204        170          0          4          0      28591   os_cpu_c.o
       428        280        364          0          0       4797   os_dbg.o
      2936         98          0          0          0       8681   os_flag.o
      1172        202          0          0          0       3682   os_int.o
        24         10          0          0          0        921   os_mem.o
       466         26          0          0          0       3417   os_msg.o
      1792         76          0          0          0       7783   os_mutex.o
       136         16          0          4          0       3018   os_prio.o
       416         20          0          0          0       2302   os_q.o
       432         14          0          0          0       2326   os_sem.o
      1768        212          0          0          0       4243   os_stat.o
      5996        290          0          0          0      17366   os_task.o
      1596        110          0          0          0       6814   os_tick.o
       948         42          0          0          0       3229   os_time.o
       570        142          0          0          0       4215   os_tmr.o
         0          0          0        232       1464      19420   os_var.o
        76         16        392          0       1024       1008   startup_stm32f40xx.o
       426         40          0          0          0       5184   stm32f4xx_flash.o
       240          0          0          0          0       4039   stm32f4xx_gpio.o
       424         14          0          0          0       6314   stm32f4xx_i2c.o
        58          4          0          0          0       5219   stm32f4xx_it.o
       328         36          0         16          0       5139   stm32f4xx_rcc.o
       112          0          0          0          0       4006   stm32f4xx_spi.o
       438          8          0          0          0       6161   stm32f4xx_usart.o
       340         32          0          0          0     299301   system_stm32f4xx.o
       714         42          0          2       4096       7780   w25qxx.o

    ----------------------------------------------------------------------
     31034       3078       3038        400      23700     640435   Object Totals
         0          0         32          0          0          0   (incl. Generated)
        36          0          2          2          0          0   (incl. Padding)

    ----------------------------------------------------------------------

      Code (inc. data)   RO Data    RW Data    ZI Data      Debug   Library Member Name

        86          0          0          0          0          0   __dczerorl2.o
         0          0          0          0          0          0   entry.o
         0          0          0          0          0          0   entry10a.o
         0          0          0          0          0          0   entry11a.o
         8          4          0          0          0          0   entry2.o
         4          0          0          0          0          0   entry5.o
         0          0          0          0          0          0   entry7b.o
         0          0          0          0          0          0   entry8b.o
         8          4          0          0          0          0   entry9a.o
        30          0          0          0          0          0   handlers.o
        36          8          0          0          0         68   init.o
        30          0          0          0          0         68   llshl.o
        32          0          0          0          0         68   llushr.o
        36          0          0          0          0         68   memcpya.o
        36          0          0          0          0        108   memseta.o
      1204         60          0          0          0        504   printf8.o
         0          0          0          4          0          0   stdout.o
        98          0          0          0          0         92   uldiv.o

    ----------------------------------------------------------------------
      1612         76          0          4          0        976   Library Totals
         4          0          0          0          0          0   (incl. Padding)

    ----------------------------------------------------------------------

      Code (inc. data)   RO Data    RW Data    ZI Data      Debug   Library Name

      1608         76          0          4          0        976   mc_w.l

    ----------------------------------------------------------------------
      1612         76          0          4          0        976   Library Totals

    ----------------------------------------------------------------------

==============================================================================


      Code (inc. data)   RO Data    RW Data    ZI Data      Debug   

     32646       3154       3038        404      23700     618827   Grand Totals
     32646       3154       3038        100      23700     618827   ELF Image Totals (compressed)
     32646       3154       3038        100          0          0   ROM Totals

==============================================================================

    Total RO  Size (Code + RO Data)                35684 (  34.85kB)
    Total RW  Size (RW Data + ZI Data)             24104 (  23.54kB)
    Total ROM Size (Code + RO Data + RW Data)      35784 (  34.95kB)

==============================================================================

