Component: ARM Compiler 5.06 update 6 (build 750) Tool: armlink [4d35ed]

==============================================================================

Section Cross References

    startup_stm32f40xx.o(RESET) refers to startup_stm32f40xx.o(STACK) for __initial_sp
    startup_stm32f40xx.o(RESET) refers to startup_stm32f40xx.o(.text) for Reset_Handler
    startup_stm32f40xx.o(RESET) refers to stm32f4xx_it.o(i.NMI_Handler) for NMI_Handler
    startup_stm32f40xx.o(RESET) refers to stm32f4xx_it.o(i.HardFault_Handler) for HardFault_Handler
    startup_stm32f40xx.o(RESET) refers to stm32f4xx_it.o(i.MemManage_Handler) for MemManage_Handler
    startup_stm32f40xx.o(RESET) refers to stm32f4xx_it.o(i.BusFault_Handler) for BusFault_Handler
    startup_stm32f40xx.o(RESET) refers to stm32f4xx_it.o(i.UsageFault_Handler) for UsageFault_Handler
    startup_stm32f40xx.o(RESET) refers to stm32f4xx_it.o(i.SVC_Handler) for SVC_Handler
    startup_stm32f40xx.o(RESET) refers to stm32f4xx_it.o(i.DebugMon_Handler) for DebugMon_Handler
    startup_stm32f40xx.o(RESET) refers to os_cpu_a.o(CODE) for OS_CPU_PendSVHandler
    startup_stm32f40xx.o(RESET) refers to os_cpu_c.o(i.OS_CPU_SysTickHandler) for OS_CPU_SysTickHandler
    startup_stm32f40xx.o(RESET) refers to stm32f4xx_it.o(i.USART1_IRQHandler) for USART1_IRQHandler
    startup_stm32f40xx.o(.text) refers to system_stm32f4xx.o(i.SystemInit) for SystemInit
    startup_stm32f40xx.o(.text) refers to entry.o(.ARM.Collect$$$$00000000) for __main
    system_stm32f4xx.o(i.SystemCoreClockUpdate) refers to system_stm32f4xx.o(.data) for SystemCoreClock
    system_stm32f4xx.o(i.SystemInit) refers to system_stm32f4xx.o(i.SetSysClock) for SetSysClock
    stm32f4xx_adc.o(i.ADC_DeInit) refers to stm32f4xx_rcc.o(i.RCC_APB2PeriphResetCmd) for RCC_APB2PeriphResetCmd
    stm32f4xx_can.o(i.CAN_DeInit) refers to stm32f4xx_rcc.o(i.RCC_APB1PeriphResetCmd) for RCC_APB1PeriphResetCmd
    stm32f4xx_can.o(i.CAN_GetITStatus) refers to stm32f4xx_can.o(i.CheckITStatus) for CheckITStatus
    stm32f4xx_cryp.o(i.CRYP_DeInit) refers to stm32f4xx_rcc.o(i.RCC_AHB2PeriphResetCmd) for RCC_AHB2PeriphResetCmd
    stm32f4xx_cryp_aes.o(i.CRYP_AES_CBC) refers to stm32f4xx_cryp.o(i.CRYP_KeyStructInit) for CRYP_KeyStructInit
    stm32f4xx_cryp_aes.o(i.CRYP_AES_CBC) refers to stm32f4xx_cryp.o(i.CRYP_FIFOFlush) for CRYP_FIFOFlush
    stm32f4xx_cryp_aes.o(i.CRYP_AES_CBC) refers to stm32f4xx_cryp.o(i.CRYP_Init) for CRYP_Init
    stm32f4xx_cryp_aes.o(i.CRYP_AES_CBC) refers to stm32f4xx_cryp.o(i.CRYP_KeyInit) for CRYP_KeyInit
    stm32f4xx_cryp_aes.o(i.CRYP_AES_CBC) refers to stm32f4xx_cryp.o(i.CRYP_Cmd) for CRYP_Cmd
    stm32f4xx_cryp_aes.o(i.CRYP_AES_CBC) refers to stm32f4xx_cryp.o(i.CRYP_GetFlagStatus) for CRYP_GetFlagStatus
    stm32f4xx_cryp_aes.o(i.CRYP_AES_CBC) refers to stm32f4xx_cryp.o(i.CRYP_IVInit) for CRYP_IVInit
    stm32f4xx_cryp_aes.o(i.CRYP_AES_CBC) refers to stm32f4xx_cryp.o(i.CRYP_GetCmdStatus) for CRYP_GetCmdStatus
    stm32f4xx_cryp_aes.o(i.CRYP_AES_CBC) refers to stm32f4xx_cryp.o(i.CRYP_DataIn) for CRYP_DataIn
    stm32f4xx_cryp_aes.o(i.CRYP_AES_CBC) refers to stm32f4xx_cryp.o(i.CRYP_DataOut) for CRYP_DataOut
    stm32f4xx_cryp_aes.o(i.CRYP_AES_CCM) refers to stm32f4xx_cryp.o(i.CRYP_KeyStructInit) for CRYP_KeyStructInit
    stm32f4xx_cryp_aes.o(i.CRYP_AES_CCM) refers to stm32f4xx_cryp.o(i.CRYP_FIFOFlush) for CRYP_FIFOFlush
    stm32f4xx_cryp_aes.o(i.CRYP_AES_CCM) refers to stm32f4xx_cryp.o(i.CRYP_KeyInit) for CRYP_KeyInit
    stm32f4xx_cryp_aes.o(i.CRYP_AES_CCM) refers to stm32f4xx_cryp.o(i.CRYP_IVInit) for CRYP_IVInit
    stm32f4xx_cryp_aes.o(i.CRYP_AES_CCM) refers to stm32f4xx_cryp.o(i.CRYP_Init) for CRYP_Init
    stm32f4xx_cryp_aes.o(i.CRYP_AES_CCM) refers to stm32f4xx_cryp.o(i.CRYP_PhaseConfig) for CRYP_PhaseConfig
    stm32f4xx_cryp_aes.o(i.CRYP_AES_CCM) refers to stm32f4xx_cryp.o(i.CRYP_DataIn) for CRYP_DataIn
    stm32f4xx_cryp_aes.o(i.CRYP_AES_CCM) refers to stm32f4xx_cryp.o(i.CRYP_Cmd) for CRYP_Cmd
    stm32f4xx_cryp_aes.o(i.CRYP_AES_CCM) refers to stm32f4xx_cryp.o(i.CRYP_GetCmdStatus) for CRYP_GetCmdStatus
    stm32f4xx_cryp_aes.o(i.CRYP_AES_CCM) refers to stm32f4xx_cryp.o(i.CRYP_GetFlagStatus) for CRYP_GetFlagStatus
    stm32f4xx_cryp_aes.o(i.CRYP_AES_CCM) refers to stm32f4xx_cryp.o(i.CRYP_DataOut) for CRYP_DataOut
    stm32f4xx_cryp_aes.o(i.CRYP_AES_CTR) refers to stm32f4xx_cryp.o(i.CRYP_KeyStructInit) for CRYP_KeyStructInit
    stm32f4xx_cryp_aes.o(i.CRYP_AES_CTR) refers to stm32f4xx_cryp.o(i.CRYP_KeyInit) for CRYP_KeyInit
    stm32f4xx_cryp_aes.o(i.CRYP_AES_CTR) refers to stm32f4xx_cryp.o(i.CRYP_Init) for CRYP_Init
    stm32f4xx_cryp_aes.o(i.CRYP_AES_CTR) refers to stm32f4xx_cryp.o(i.CRYP_IVInit) for CRYP_IVInit
    stm32f4xx_cryp_aes.o(i.CRYP_AES_CTR) refers to stm32f4xx_cryp.o(i.CRYP_FIFOFlush) for CRYP_FIFOFlush
    stm32f4xx_cryp_aes.o(i.CRYP_AES_CTR) refers to stm32f4xx_cryp.o(i.CRYP_Cmd) for CRYP_Cmd
[...]
    i.UsageFault_Handler                     0x080074fe   Section        0  stm32f4xx_it.o(i.UsageFault_Handler)
    i.__0printf$1                            0x08007504   Section        0  printf1.o(i.__0printf$1)
    i.__scatterload_copy                     0x08007524   Section       14  handlers.o(i.__scatterload_copy)
    i.__scatterload_null                     0x08007532   Section        2  handlers.o(i.__scatterload_null)
    i.__scatterload_zeroinit                 0x08007534   Section       14  handlers.o(i.__scatterload_zeroinit)
    i._printf_core                           0x08007544   Section        0  printf1.o(i._printf_core)
    _printf_core                             0x08007545   Thumb Code   336  printf1.o(i._printf_core)
    i.fputc                                  0x08007698   Section        0  bsp_debug_usart.o(i.fputc)
    i.main                                   0x080076bc   Section        0  app.o(i.main)
    .constdata                               0x0800771c   Section       28  app.o(.constdata)
    .constdata                               0x08007738   Section     2072  bsp_oled.o(.constdata)
    .constdata                               0x08007f50   Section      148  os_cfg_app.o(.constdata)
    .constdata                               0x08007fe4   Section      364  os_dbg.o(.constdata)
    .data                                    0x20000000   Section       16  stm32f4xx_rcc.o(.data)
    APBAHBPrescTable                         0x20000000   Data          16  stm32f4xx_rcc.o(.data)
    .data                                    0x20000010   Section       13  app.o(.data)
    k0                                       0x2000001c   Data           1  app.o(.data)
    .data                                    0x2000001d   Section       91  bsp_oled.o(.data)
    .data                                    0x20000078   Section       28  cpu_core.o(.data)
    .data                                    0x20000094   Section        4  lib_mem.o(.data)
    .data                                    0x20000098   Section        4  os_prio.o(.data)
    .data                                    0x2000009c   Section      232  os_var.o(.data)
    .data                                    0x20000184   Section        4  os_cpu_c.o(.data)
    .data                                    0x20000188   Section        4  stdout.o(.data)
    .bss                                     0x2000018c   Section     9792  app.o(.bss)
    AppTaskStartTCB                          0x2000018c   Data         204  app.o(.bss)
    AppTaskLed2TCB                           0x20000258   Data         204  app.o(.bss)
    AppTaskLed3TCB                           0x20000324   Data         204  app.o(.bss)
    AppTaskKeyTCB                            0x200003f0   Data         204  app.o(.bss)
    AppTaskFlagTCB                           0x200004bc   Data         204  app.o(.bss)
    AppTaskStartStk                          0x20000588   Data         512  app.o(.bss)
    AppTaskLed2Stk                           0x20000788   Data        2048  app.o(.bss)
    AppTaskLed3Stk                           0x20000f88   Data        2048  app.o(.bss)
    AppTaskKeyStk                            0x20001788   Data        2048  app.o(.bss)
    AppTaskFlagStk                           0x20001f88   Data        2048  app.o(.bss)
    .bss                                     0x200027cc   Section       16  cpu_core.o(.bss)
    .bss                                     0x200027dc   Section     3092  lib_mem.o(.bss)
    .bss                                     0x200033f0   Section     4176  os_cfg_app.o(.bss)
    .bss                                     0x20004440   Section     1464  os_var.o(.bss)
    STACK                                    0x200049f8   Section     1024  startup_stm32f40xx.o(STACK)

    Global Symbols

    Symbol Name                              Value     Ov Type        Size  Object(Section)

    BuildAttributes$$THM_ISAv4$E$P$D$K$B$S$7EM$VFPi3$EXTD16$VFPS$VFMA$PE$A:L22UL41UL21$X:L11$S22US41US21$IEEE1$IW$USESV6$~STKCKD$USESV7$~SHL$OSPACE$ROPI$EBA8$MICROLIB$REQ8$PRES8$EABIv2 0x00000000   Number         0  anon$$obj.o ABSOLUTE
    __ARM_use_no_argv                        0x00000000   Number         0  app.o ABSOLUTE
    _printf_a                                0x00000000   Number         0  stubs.o ABSOLUTE
    _printf_c                                0x00000000   Number         0  stubs.o ABSOLUTE
    _printf_charcount                        0x00000000   Number         0  stubs.o ABSOLUTE
    _printf_d                                0x00000000   Number         0  stubs.o ABSOLUTE
    _printf_e                                0x00000000   Number         0  stubs.o ABSOLUTE
    _printf_f                                0x00000000   Number         0  stubs.o ABSOLUTE
    _printf_flags                            0x00000000   Number         0  stubs.o ABSOLUTE
    _printf_fp_dec                           0x00000000   Number         0  stubs.o ABSOLUTE
    _printf_fp_hex                           0x00000000   Number         0  stubs.o ABSOLUTE
    _printf_g                                0x00000000   Number         0  stubs.o ABSOLUTE
    _printf_i                                0x00000000   Number         0  stubs.o ABSOLUTE
    _printf_int_dec                          0x00000000   Number         0  stubs.o ABSOLUTE
    _printf_l                                0x00000000   Number         0  stubs.o ABSOLUTE
    _printf_lc                               0x00000000   Number         0  stubs.o ABSOLUTE
    _printf_ll                               0x00000000   Number         0  stubs.o ABSOLUTE
    _printf_lld                              0x00000000   Number         0  stubs.o ABSOLUTE
    _printf_lli                              0x00000000   Number         0  stubs.o ABSOLUTE
    _printf_llo                              0x00000000   Number         0  stubs.o ABSOLUTE
    _printf_llu                              0x00000000   Number         0  stubs.o ABSOLUTE
    _printf_llx                              0x00000000   Number         0  stubs.o ABSOLUTE
    _printf_longlong_dec                     0x00000000   Number         0  stubs.o ABSOLUTE
    _printf_longlong_hex                     0x00000000   Number         0  stubs.o ABSOLUTE
    _printf_longlong_oct                     0x00000000   Number         0  stubs.o ABSOLUTE
    _printf_ls                               0x00000000   Number         0  stubs.o ABSOLUTE
    _printf_mbtowc                           0x00000000   Number         0  stubs.o ABSOLUTE
    _printf_n                                0x00000000   Number         0  stubs.o ABSOLUTE
    _printf_o                                0x00000000   Number         0  stubs.o ABSOLUTE
    _printf_p                                0x00000000   Number         0  stubs.o ABSOLUTE
    _printf_percent                          0x00000000   Number         0  stubs.o ABSOLUTE
    _printf_pre_padding                      0x00000000   Number         0  stubs.o ABSOLUTE
    _printf_return_value                     0x00000000   Number         0  stubs.o ABSOLUTE
    _printf_s                                0x00000000   Number         0  stubs.o ABSOLUTE
    _printf_sizespec                         0x00000000   Number         0  stubs.o ABSOLUTE
    _printf_str                              0x00000000   Number         0  stubs.o ABSOLUTE
    _printf_truncate_signed                  0x00000000   Number         0  stubs.o ABSOLUTE
    _printf_truncate_unsigned                0x00000000   Number         0  stubs.o ABSOLUTE
    _printf_u                                0x00000000   Number         0  stubs.o ABSOLUTE
    _printf_wc                               0x00000000   Number         0  stubs.o ABSOLUTE
    _printf_wctomb                           0x00000000   Number         0  stubs.o ABSOLUTE
    _printf_widthprec                        0x00000000   Number         0  stubs.o ABSOLUTE
    _printf_x                                0x00000000   Number         0  stubs.o ABSOLUTE
    __cpp_initialize__aeabi_                  - Undefined Weak Reference
    __cxa_finalize                            - Undefined Weak Reference
    _clock_init                               - Undefined Weak Reference
    _microlib_exit                            - Undefined Weak Reference
    __Vectors_Size                           0x00000188   Number         0  startup_stm32f40xx.o ABSOLUTE
    __Vectors                                0x08000000   Data           4  startup_stm32f40xx.o(RESET)
    __Vectors_End                            0x08000188   Data           0  startup_stm32f40xx.o(RESET)
    __main                                   0x08000189   Thumb Code     0  entry.o(.ARM.Collect$$$$00000000)
    _main_stk                                0x08000189   Thumb Code     0  entry2.o(.ARM.Collect$$$$00000001)
    _main_scatterload                        0x0800018d   Thumb Code     0  entry5.o(.ARM.Collect$$$$00000004)
    __main_after_scatterload                 0x08000191   Thumb Code     0  entry5.o(.ARM.Collect$$$$00000004)
    _main_clock                              0x08000191   Thumb Code     0  entry7b.o(.ARM.Collect$$$$00000008)
    _main_cpp_init                           0x08000191   Thumb Code     0  entry8b.o(.ARM.Collect$$$$0000000A)
    _main_init                               0x08000191   Thumb Code     0  entry9a.o(.ARM.Collect$$$$0000000B)
    __rt_final_cpp                           0x08000199   Thumb Code     0  entry10a.o(.ARM.Collect$$$$0000000D)
    __rt_final_exit                          0x08000199   Thumb Code     0  entry11a.o(.ARM.Collect$$$$0000000F)
    Reset_Handler                            0x0800019d   Thumb Code    40  startup_stm32f40xx.o(.text)
    ADC_IRQHandler                           0x080001d7   Thumb Code     0  startup_stm32f40xx.o(.text)
    CAN1_RX0_IRQHandler                      0x080001d7   Thumb Code     0  startup_stm32f40xx.o(.text)
    CAN1_RX1_IRQHandler                      0x080001d7   Thumb Code     0  startup_stm32f40xx.o(.text)
    CAN1_SCE_IRQHandler                      0x080001d7   Thumb Code     0  startup_stm32f40xx.o(.text)
    CAN1_TX_IRQHandler                       0x080001d7   Thumb Code     0  startup_stm32f40xx.o(.text)
    CAN2_RX0_IRQHandler                      0x080001d7   Thumb Code     0  startup_stm32f40xx.o(.text)
    CAN2_RX1_IRQHandler                      0x080001d7   Thumb Code     0  startup_stm32f40xx.o(.text)
    CAN2_SCE_IRQHandler                      0x080001d7   Thumb Code     0  startup_stm32f40xx.o(.text)
    CAN2_TX_IRQHandler                       0x080001d7   Thumb Code     0  startup_stm32f40xx.o(.text)
    CRYP_IRQHandler                          0x080001d7   Thumb Code     0  startup_stm32f40xx.o(.text)
    DCMI_IRQHandler                          0x080001d7   Thumb Code     0  startup_stm32f40xx.o(.text)
    DMA1_Stream0_IRQHandler                  0x080001d7   Thumb Code     0  startup_stm32f40xx.o(.text)
    DMA1_Stream1_IRQHandler                  0x080001d7   Thumb Code     0  startup_stm32f40xx.o(.text)
    DMA1_Stream2_IRQHandler                  0x080001d7   Thumb Code     0  startup_stm32f40xx.o(.text)
    DMA1_Stream3_IRQHandler                  0x080001d7   Thumb Code     0  startup_stm32f40xx.o(.text)
    DMA1_Stream4_IRQHandler                  0x080001d7   Thumb Code     0  startup_stm32f40xx.o(.text)
    DMA1_Stream5_IRQHandler                  0x080001d7   Thumb Code     0  startup_stm32f40xx.o(.text)
    DMA1_Stream6_IRQHandler                  0x080001d7   Thumb Code     0  startup_stm32f40xx.o(.text)
    DMA1_Stream7_IRQHandler                  0x080001d7   Thumb Code     0  startup_stm32f40xx.o(.text)
    DMA2_Stream0_IRQHandler                  0x080001d7   Thumb Code     0  startup_stm32f40xx.o(.text)
    DMA2_Stream1_IRQHandler                  0x080001d7   Thumb Code     0  startup_stm32f40xx.o(.text)
    DMA2_Stream2_IRQHandler                  0x080001d7   Thumb Code     0  startup_stm32f40xx.o(.text)
    DMA2_Stream3_IRQHandler                  0x080001d7   Thumb Code     0  startup_stm32f40xx.o(.text)
    DMA2_Stream4_IRQHandler                  0x080001d7   Thumb Code     0  startup_stm32f40xx.o(.text)
    DMA2_Stream5_IRQHandler                  0x080001d7   Thumb Code     0  startup_stm32f40xx.o(.text)
    DMA2_Stream6_IRQHandler                  0x080001d7   Thumb Code     0  startup_stm32f40xx.o(.text)
    DMA2_Stream7_IRQHandler                  0x080001d7   Thumb Code     0  startup_stm32f40xx.o(.text)
    ETH_IRQHandler                           0x080001d7   Thumb Code     0  startup_stm32f40xx.o(.text)
    ETH_WKUP_IRQHandler                      0x080001d7   Thumb Code     0  startup_stm32f40xx.o(.text)
    EXTI0_IRQHandler                         0x080001d7   Thumb Code     0  startup_stm32f40xx.o(.text)
    EXTI15_10_IRQHandler                     0x080001d7   Thumb Code     0  startup_stm32f40xx.o(.text)
    EXTI1_IRQHandler                         0x080001d7   Thumb Code     0  startup_stm32f40xx.o(.text)
    EXTI2_IRQHandler                         0x080001d7   Thumb Code     0  startup_stm32f40xx.o(.text)
    EXTI3_IRQHandler                         0x080001d7   Thumb Code     0  startup_stm32f40xx.o(.text)
    EXTI4_IRQHandler                         0x080001d7   Thumb Code     0  startup_stm32f40xx.o(.text)
    EXTI9_5_IRQHandler                       0x080001d7   Thumb Code     0  startup_stm32f40xx.o(.text)
    FLASH_IRQHandler                         0x080001d7   Thumb Code     0  startup_stm32f40xx.o(.text)
    FPU_IRQHandler                           0x080001d7   Thumb Code     0  startup_stm32f40xx.o(.text)
    FSMC_IRQHandler                          0x080001d7   Thumb Code     0  startup_stm32f40xx.o(.text)
    HASH_RNG_IRQHandler                      0x080001d7   Thumb Code     0  startup_stm32f40xx.o(.text)
    I2C1_ER_IRQHandler                       0x080001d7   Thumb Code     0  startup_stm32f40xx.o(.text)
    I2C1_EV_IRQHandler                       0x080001d7   Thumb Code     0  startup_stm32f40xx.o(.text)
    I2C2_ER_IRQHandler                       0x080001d7   Thumb Code     0  startup_stm32f40xx.o(.text)
    I2C2_EV_IRQHandler                       0x080001d7   Thumb Code     0  startup_stm32f40xx.o(.text)
    I2C3_ER_IRQHandler                       0x080001d7   Thumb Code     0  startup_stm32f40xx.o(.text)
    I2C3_EV_IRQHandler                       0x080001d7   Thumb Code     0  startup_stm32f40xx.o(.text)
    OTG_FS_IRQHandler                        0x080001d7   Thumb Code     0  startup_stm32f40xx.o(.text)
    OTG_FS_WKUP_IRQHandler                   0x080001d7   Thumb Code     0  startup_stm32f40xx.o(.text)
    OTG_HS_EP1_IN_IRQHandler                 0x080001d7   Thumb Code     0  startup_stm32f40xx.o(.text)
    OTG_HS_EP1_OUT_IRQHandler                0x080001d7   Thumb Code     0  startup_stm32f40xx.o(.text)
    OTG_HS_IRQHandler                        0x080001d7   Thumb Code     0  startup_stm32f40xx.o(.text)
    OTG_HS_WKUP_IRQHandler                   0x080001d7   Thumb Code     0  startup_stm32f40xx.o(.text)
    PVD_IRQHandler                           0x080001d7   Thumb Code     0  startup_stm32f40xx.o(.text)
    RCC_IRQHandler                           0x080001d7   Thumb Code     0  startup_stm32f40xx.o(.text)
    RTC_Alarm_IRQHandler                     0x080001d7   Thumb Code     0  startup_stm32f40xx.o(.text)
    RTC_WKUP_IRQHandler                      0x080001d7   Thumb Code     0  startup_stm32f40xx.o(.text)
    SDIO_IRQHandler                          0x080001d7   Thumb Code     0  startup_stm32f40xx.o(.text)
    SPI1_IRQHandler                          0x080001d7   Thumb Code     0  startup_stm32f40xx.o(.text)
    SPI2_IRQHandler                          0x080001d7   Thumb Code     0  startup_stm32f40xx.o(.text)
    SPI3_IRQHandler                          0x080001d7   Thumb Code     0  startup_stm32f40xx.o(.text)
    TAMP_STAMP_IRQHandler                    0x080001d7   Thumb Code     0  startup_stm32f40xx.o(.text)
    TIM1_BRK_TIM9_IRQHandler                 0x080001d7   Thumb Code     0  startup_stm32f40xx.o(.text)
    TIM1_CC_IRQHandler                       0x080001d7   Thumb Code     0  startup_stm32f40xx.o(.text)
    TIM1_TRG_COM_TIM11_IRQHandler            0x080001d7   Thumb Code     0  startup_stm32f40xx.o(.text)
    TIM1_UP_TIM10_IRQHandler                 0x080001d7   Thumb Code     0  startup_stm32f40xx.o(.text)
    TIM2_IRQHandler                          0x080001d7   Thumb Code     0  startup_stm32f40xx.o(.text)
    TIM3_IRQHandler                          0x080001d7   Thumb Code     0  startup_stm32f40xx.o(.text)
    TIM4_IRQHandler                          0x080001d7   Thumb Code     0  startup_stm32f40xx.o(.text)
    TIM5_IRQHandler                          0x080001d7   Thumb Code     0  startup_stm32f40xx.o(.text)
    TIM6_DAC_IRQHandler                      0x080001d7   Thumb Code     0  startup_stm32f40xx.o(.text)
    TIM7_IRQHandler                          0x080001d7   Thumb Code     0  startup_stm32f40xx.o(.text)
    TIM8_BRK_TIM12_IRQHandler                0x080001d7   Thumb Code     0  startup_stm32f40xx.o(.text)
    TIM8_CC_IRQHandler                       0x080001d7   Thumb Code     0  startup_stm32f40xx.o(.text)
    TIM8_TRG_COM_TIM14_IRQHandler            0x080001d7   Thumb Code     0  startup_stm32f40xx.o(.text)
    TIM8_UP_TIM13_IRQHandler                 0x080001d7   Thumb Code     0  startup_stm32f40xx.o(.text)
    UART4_IRQHandler                         0x080001d7   Thumb Code     0  startup_stm32f40xx.o(.text)
    UART5_IRQHandler                         0x080001d7   Thumb Code     0  startup_stm32f40xx.o(.text)
    USART2_IRQHandler                        0x080001d7   Thumb Code     0  startup_stm32f40xx.o(.text)
    USART3_IRQHandler                        0x080001d7   Thumb Code     0  startup_stm32f40xx.o(.text)
    USART6_IRQHandler                        0x080001d7   Thumb Code     0  startup_stm32f40xx.o(.text)
    WWDG_IRQHandler                          0x080001d7   Thumb Code     0  startup_stm32f40xx.o(.text)
    CPU_IntDis                               0x080001e9   Thumb Code     0  cpu_a.o(.text)
    CPU_IntEn                                0x080001ed   Thumb Code     0  cpu_a.o(.text)
    CPU_SR_Save                              0x080001f1   Thumb Code     0  cpu_a.o(.text)
    CPU_SR_Restore                           0x080001f9   Thumb Code     0  cpu_a.o(.text)
    CPU_WaitForInt                           0x080001ff   Thumb Code     0  cpu_a.o(.text)
    CPU_WaitForExcept                        0x08000203   Thumb Code     0  cpu_a.o(.text)
    CPU_CntLeadZeros                         0x08000207   Thumb Code     0  cpu_a.o(.text)
    CPU_CntTrailZeros                        0x0800020d   Thumb Code     0  cpu_a.o(.text)
    CPU_RevBits                              0x08000217   Thumb Code     0  cpu_a.o(.text)
    __aeabi_uidiv                            0x0800021d   Thumb Code     0  uidiv.o(.text)
    __aeabi_uidivmod                         0x0800021d   Thumb Code    44  uidiv.o(.text)
    __scatterload                            0x08000249   Thumb Code    28  init.o(.text)
    __scatterload_rt2                        0x08000249   Thumb Code     0  init.o(.text)
    __decompress                             0x0800026d   Thumb Code     0  __dczerorl2.o(.text)
    __decompress1                            0x0800026d   Thumb Code    86  __dczerorl2.o(.text)
    OS_CPU_FP_Reg_Push                       0x080002c5   Thumb Code     0  os_cpu_a.o(CODE)
    OS_CPU_FP_Reg_Pop                        0x080002df   Thumb Code     0  os_cpu_a.o(CODE)
    OSStartHighRdy                           0x080002f1   Thumb Code     0  os_cpu_a.o(CODE)
    OSCtxSw                                  0x08000361   Thumb Code     0  os_cpu_a.o(CODE)
    OSIntCtxSw                               0x0800036b   Thumb Code     0  os_cpu_a.o(CODE)
    OS_CPU_PendSVHandler                     0x08000375   Thumb Code     0  os_cpu_a.o(CODE)
    BSP_CPU_ClkFreq                          0x08000875   Thumb Code    14  bsp.o(i.BSP_CPU_ClkFreq)
    BSP_Init                                 0x08000883   Thumb Code    20  bsp.o(i.BSP_Init)
    BusFault_Handler                         0x08000897   Thumb Code     4  stm32f4xx_it.o(i.BusFault_Handler)
    CPU_Init                                 0x0800089b   Thumb Code    16  cpu_core.o(i.CPU_Init)
    CPU_IntDisMeasMaxCurGet                  0x0800094d   Thumb Code    40  cpu_core.o(i.CPU_IntDisMeasMaxCurGet)
    CPU_IntDisMeasMaxCurReset                0x08000979   Thumb Code    40  cpu_core.o(i.CPU_IntDisMeasMaxCurReset)
    CPU_IntDisMeasMaxGet                     0x080009a5   Thumb Code    40  cpu_core.o(i.CPU_IntDisMeasMaxGet)
    CPU_IntDisMeasStart                      0x080009d1   Thumb Code    38  cpu_core.o(i.CPU_IntDisMeasStart)
    CPU_IntDisMeasStop                       0x08000a05   Thumb Code    62  cpu_core.o(i.CPU_IntDisMeasStop)
    CPU_NameClr                              0x08000a59   Thumb Code    50  cpu_core.o(i.CPU_NameClr)
    CPU_SW_Exception                         0x08000a99   Thumb Code     4  cpu_core.o(i.CPU_SW_Exception)
    CPU_TS_TmrFreqSet                        0x08000ab1   Thumb Code     6  cpu_core.o(i.CPU_TS_TmrFreqSet)
    CPU_TS_TmrInit                           0x08000abd   Thumb Code    44  bsp.o(i.CPU_TS_TmrInit)
    CPU_TS_TmrRd                             0x08000af1   Thumb Code     6  bsp.o(i.CPU_TS_TmrRd)
    DebugMon_Handler                         0x08000afd   Thumb Code     2  stm32f4xx_it.o(i.DebugMon_Handler)
    Debug_USART_Config                       0x08000b01   Thumb Code   158  bsp_debug_usart.o(i.Debug_USART_Config)
    FLASH_DataCacheCmd                       0x08000ba9   Thumb Code    30  stm32f4xx_flash.o(i.FLASH_DataCacheCmd)
    FLASH_EraseSector                        0x08000bcd   Thumb Code   130  stm32f4xx_flash.o(i.FLASH_EraseSector)
    FLASH_GetStatus                          0x08000c55   Thumb Code    80  stm32f4xx_flash.o(i.FLASH_GetStatus)
    FLASH_Lock                               0x08000ca9   Thumb Code    14  stm32f4xx_flash.o(i.FLASH_Lock)
    FLASH_ProgramWord                        0x08000cbd   Thumb Code    74  stm32f4xx_flash.o(i.FLASH_ProgramWord)
    FLASH_Unlock                             0x08000d0d   Thumb Code    24  stm32f4xx_flash.o(i.FLASH_Unlock)
    FLASH_WaitForLastOperation               0x08000d31   Thumb Code    34  stm32f4xx_flash.o(i.FLASH_WaitForLastOperation)
    GPIO_Init                                0x08000d53   Thumb Code   144  stm32f4xx_gpio.o(i.GPIO_Init)
    GPIO_PinAFConfig                         0x08000de3   Thumb Code    70  stm32f4xx_gpio.o(i.GPIO_PinAFConfig)
    GPIO_ReadInputDataBit                    0x08000e29   Thumb Code    18  stm32f4xx_gpio.o(i.GPIO_ReadInputDataBit)
    GPIO_SetBits                             0x08000e3b   Thumb Code     4  stm32f4xx_gpio.o(i.GPIO_SetBits)
    HardFault_Handler                        0x08000e3f   Thumb Code     4  stm32f4xx_it.o(i.HardFault_Handler)
    I2C2_Init                                0x08000e45   Thumb Code   132  bsp_i2c.o(i.I2C2_Init)
    I2C2_Write                               0x08000ed5   Thumb Code   128  bsp_i2c.o(i.I2C2_Write)
    I2C_CheckEvent                           0x08000f61   Thumb Code    42  stm32f4xx_i2c.o(i.I2C_CheckEvent)
    I2C_Cmd                                  0x08000f8b   Thumb Code    24  stm32f4xx_i2c.o(i.I2C_Cmd)
    I2C_GenerateSTART                        0x08000fa3   Thumb Code    24  stm32f4xx_i2c.o(i.I2C_GenerateSTART)
    I2C_GenerateSTOP                         0x08000fbb   Thumb Code    24  stm32f4xx_i2c.o(i.I2C_GenerateSTOP)
    I2C_GetFlagStatus                        0x08000fd3   Thumb Code    58  stm32f4xx_i2c.o(i.I2C_GetFlagStatus)
    I2C_Init                                 0x0800100d   Thumb Code   218  stm32f4xx_i2c.o(i.I2C_Init)
    I2C_Send7bitAddress                      0x080010f5   Thumb Code    16  stm32f4xx_i2c.o(i.I2C_Send7bitAddress)
    I2C_SendData                             0x08001105   Thumb Code     4  stm32f4xx_i2c.o(i.I2C_SendData)
    Key_Delay                                0x08001109   Thumb Code    18  bsp_key.o(i.Key_Delay)
    Key_GPIO_Config                          0x0800111d   Thumb Code    54  bsp_key.o(i.Key_GPIO_Config)
    Key_Scan                                 0x08001159   Thumb Code    60  bsp_key.o(i.Key_Scan)
    LED_GPIO_Config                          0x08001195   Thumb Code    76  bsp_led.o(i.LED_GPIO_Config)
    MemManage_Handler                        0x080011e5   Thumb Code     4  stm32f4xx_it.o(i.MemManage_Handler)
    Mem_Clr                                  0x080011e9   Thumb Code    18  lib_mem.o(i.Mem_Clr)
    Mem_Init                                 0x080011fd   Thumb Code    54  lib_mem.o(i.Mem_Init)
    Mem_SegCreate                            0x08001249   Thumb Code    82  lib_mem.o(i.Mem_SegCreate)
    Mem_Set                                  0x080012bd   Thumb Code    84  lib_mem.o(i.Mem_Set)
    NMI_Handler                              0x08001311   Thumb Code     2  stm32f4xx_it.o(i.NMI_Handler)
    NVIC_Init                                0x0800133d   Thumb Code   106  misc.o(i.NVIC_Init)
    NVIC_PriorityGroupConfig                 0x080013b5   Thumb Code    10  misc.o(i.NVIC_PriorityGroupConfig)
    OLED_Clear                               0x080013c9   Thumb Code    56  bsp_oled.o(i.OLED_Clear)
    OLED_Display_On                          0x08001401   Thumb Code    22  bsp_oled.o(i.OLED_Display_On)
    OLED_Init                                0x08001419   Thumb Code    28  bsp_oled.o(i.OLED_Init)
    OLED_Set_Pos                             0x08001439   Thumb Code    36  bsp_oled.o(i.OLED_Set_Pos)
    OLED_ShowChar                            0x0800145d   Thumb Code   148  bsp_oled.o(i.OLED_ShowChar)
    OLED_ShowString                          0x080014f9   Thumb Code    58  bsp_oled.o(i.OLED_ShowString)
    OLED_WR_CMD                              0x08001533   Thumb Code    16  bsp_oled.o(i.OLED_WR_CMD)
    OLED_WR_DATA                             0x08001543   Thumb Code    16  bsp_oled.o(i.OLED_WR_DATA)
    OSCfg_Init                               0x08001553   Thumb Code     2  os_cfg_app.o(i.OSCfg_Init)
    OSFlagCreate                             0x08001555   Thumb Code   210  os_flag.o(i.OSFlagCreate)
    OSFlagPend                               0x08001639   Thumb Code  1670  os_flag.o(i.OSFlagPend)
    OSFlagPost                               0x08001cc9   Thumb Code   146  os_flag.o(i.OSFlagPost)
    OSIdleTaskHook                           0x08001d65   Thumb Code    16  os_cpu_c.o(i.OSIdleTaskHook)
    OSInit                                   0x08001d79   Thumb Code   300  os_core.o(i.OSInit)
    OSInitHook                               0x08001f05   Thumb Code    28  os_cpu_c.o(i.OSInitHook)
    OSIntExit                                0x08001f2d   Thumb Code   188  os_core.o(i.OSIntExit)
    OSMutexCreate                            0x08002009   Thumb Code   212  os_mutex.o(i.OSMutexCreate)
    OSMutexPend                              0x080020ed   Thumb Code   584  os_mutex.o(i.OSMutexPend)
    OSMutexPost                              0x08002345   Thumb Code   692  os_mutex.o(i.OSMutexPost)
    OSSched                                  0x08002611   Thumb Code   134  os_core.o(i.OSSched)
    OSSchedLock                              0x080026b5   Thumb Code   112  os_core.o(i.OSSchedLock)
    OSSchedRoundRobinCfg                     0x08002731   Thumb Code    96  os_core.o(i.OSSchedRoundRobinCfg)
    OSSchedUnlock                            0x0800279d   Thumb Code   148  os_core.o(i.OSSchedUnlock)
    OSStart                                  0x0800283d   Thumb Code    78  os_core.o(i.OSStart)
    OSStatReset                              0x080028a5   Thumb Code   316  os_stat.o(i.OSStatReset)
    OSStatTaskCPUUsageInit                   0x08002a0d   Thumb Code   228  os_stat.o(i.OSStatTaskCPUUsageInit)
    OSStatTaskHook                           0x08002b0d   Thumb Code    16  os_cpu_c.o(i.OSStatTaskHook)
    OSTaskCreate                             0x08002b21   Thumb Code   624  os_task.o(i.OSTaskCreate)
    OSTaskCreateHook                         0x08002db5   Thumb Code    20  os_cpu_c.o(i.OSTaskCreateHook)
    OSTaskDel                                0x08002dcd   Thumb Code   608  os_task.o(i.OSTaskDel)
    OSTaskDelHook                            0x08003049   Thumb Code    20  os_cpu_c.o(i.OSTaskDelHook)
    OSTaskRegGet                             0x08003061   Thumb Code    86  os_task.o(i.OSTaskRegGet)
    OSTaskRegSet                             0x080030bd   Thumb Code    86  os_task.o(i.OSTaskRegSet)
    OSTaskResume                             0x08003119   Thumb Code   124  os_task.o(i.OSTaskResume)
    OSTaskReturnHook                         0x080031a1   Thumb Code    20  os_cpu_c.o(i.OSTaskReturnHook)
    OSTaskSemPend                            0x080031b9   Thumb Code   578  os_task.o(i.OSTaskSemPend)
    OSTaskStkChk                             0x08003409   Thumb Code   220  os_task.o(i.OSTaskStkChk)
    OSTaskStkInit                            0x080034ed   Thumb Code   600  os_cpu_c.o(i.OSTaskStkInit)
    OSTaskSuspend                            0x080037b1   Thumb Code    78  os_task.o(i.OSTaskSuspend)
    OSTaskSwHook                             0x08003811   Thumb Code   194  os_cpu_c.o(i.OSTaskSwHook)
    OSTimeDly                                0x080038e5   Thumb Code   312  os_time.o(i.OSTimeDly)
    OSTimeDlyHMSM                            0x08003a29   Thumb Code   540  os_time.o(i.OSTimeDlyHMSM)
    OSTimeTick                               0x08003c55   Thumb Code    54  os_time.o(i.OSTimeTick)
    OSTimeTickHook                           0x08003c99   Thumb Code    16  os_cpu_c.o(i.OSTimeTickHook)
    OS_CPU_SysTickHandler                    0x08003cad   Thumb Code    60  os_cpu_c.o(i.OS_CPU_SysTickHandler)
    OS_CPU_SysTickInit                       0x08003ced   Thumb Code    44  os_cpu_c.o(i.OS_CPU_SysTickInit)
    OS_Dbg_Init                              0x08003d1d   Thumb Code   148  os_dbg.o(i.OS_Dbg_Init)
    OS_FlagBlock                             0x08003ec9   Thumb Code    58  os_flag.o(i.OS_FlagBlock)
    OS_FlagDbgListAdd                        0x08003f09   Thumb Code    38  os_flag.o(i.OS_FlagDbgListAdd)
    OS_FlagInit                              0x08003f39   Thumb Code    14  os_flag.o(i.OS_FlagInit)
    OS_FlagPost                              0x08003f51   Thumb Code   626  os_flag.o(i.OS_FlagPost)
    OS_FlagTaskRdy                           0x080041cd   Thumb Code   100  os_flag.o(i.OS_FlagTaskRdy)
    OS_IdleTask                              0x08004231   Thumb Code    66  os_core.o(i.OS_IdleTask)
    OS_IdleTaskInit                          0x0800427d   Thumb Code    66  os_core.o(i.OS_IdleTaskInit)
    OS_IntQPost                              0x080042ed   Thumb Code   224  os_int.o(i.OS_IntQPost)
    OS_IntQRePost                            0x080043f1   Thumb Code   360  os_int.o(i.OS_IntQRePost)
    OS_IntQTask                              0x08004595   Thumb Code   180  os_int.o(i.OS_IntQTask)
    OS_IntQTaskInit                          0x08004659   Thumb Code   206  os_int.o(i.OS_IntQTaskInit)
    OS_MemInit                               0x08004781   Thumb Code    14  os_mem.o(i.OS_MemInit)
    OS_MsgPoolInit                           0x08004799   Thumb Code   110  os_msg.o(i.OS_MsgPoolInit)
    OS_MsgQFreeAll                           0x08004815   Thumb Code    62  os_msg.o(i.OS_MsgQFreeAll)
    OS_MsgQInit                              0x08004859   Thumb Code    14  os_msg.o(i.OS_MsgQInit)
    OS_MsgQPut                               0x08004869   Thumb Code   254  os_msg.o(i.OS_MsgQPut)
    OS_MutexDbgListAdd                       0x0800496d   Thumb Code    38  os_mutex.o(i.OS_MutexDbgListAdd)
    OS_MutexGrpAdd                           0x0800499d   Thumb Code     8  os_mutex.o(i.OS_MutexGrpAdd)
    OS_MutexGrpPostAll                       0x080049a5   Thumb Code    96  os_mutex.o(i.OS_MutexGrpPostAll)
    OS_MutexGrpPrioFindHighest               0x08004a05   Thumb Code    44  os_mutex.o(i.OS_MutexGrpPrioFindHighest)
    OS_MutexGrpRemove                        0x08004a31   Thumb Code    28  os_mutex.o(i.OS_MutexGrpRemove)
    OS_MutexInit                             0x08004a4d   Thumb Code    14  os_mutex.o(i.OS_MutexInit)
    OS_Pend                                  0x08004a65   Thumb Code   100  os_core.o(i.OS_Pend)
    OS_PendDataInit                          0x08004acd   Thumb Code    40  os_core.o(i.OS_PendDataInit)
    OS_PendDbgNameAdd                        0x08004af5   Thumb Code    66  os_core.o(i.OS_PendDbgNameAdd)
    OS_PendDbgNameRemove                     0x08004b51   Thumb Code    30  os_core.o(i.OS_PendDbgNameRemove)
    OS_PendListChangePrio                    0x08004b75   Thumb Code    58  os_core.o(i.OS_PendListChangePrio)
    OS_PendListInit                          0x08004baf   Thumb Code    10  os_core.o(i.OS_PendListInit)
    OS_PendListInsertPrio                    0x08004bb9   Thumb Code   102  os_core.o(i.OS_PendListInsertPrio)
    OS_PendListRemove                        0x08004c1f   Thumb Code    52  os_core.o(i.OS_PendListRemove)
    OS_PendListRemove1                       0x08004c53   Thumb Code    66  os_core.o(i.OS_PendListRemove1)
    OS_Post                                  0x08004c95   Thumb Code   214  os_core.o(i.OS_Post)
    OS_Post1                                 0x08004d6b   Thumb Code    44  os_core.o(i.OS_Post1)
    OS_PrioGetHighest                        0x08004d99   Thumb Code    36  os_prio.o(i.OS_PrioGetHighest)
    OS_PrioInit                              0x08004dc1   Thumb Code    20  os_prio.o(i.OS_PrioInit)
    OS_PrioInsert                            0x08004dd9   Thumb Code    32  os_prio.o(i.OS_PrioInsert)
    OS_PrioRemove                            0x08004dfd   Thumb Code    32  os_prio.o(i.OS_PrioRemove)
    OS_QInit                                 0x08004e21   Thumb Code    14  os_q.o(i.OS_QInit)
    OS_QPost                                 0x08004e39   Thumb Code   382  os_q.o(i.OS_QPost)
    OS_RdyListInit                           0x08004fc1   Thumb Code    32  os_core.o(i.OS_RdyListInit)
    OS_RdyListInsert                         0x08004fe5   Thumb Code    40  os_core.o(i.OS_RdyListInsert)
    OS_RdyListInsertHead                     0x08005011   Thumb Code    58  os_core.o(i.OS_RdyListInsertHead)
    OS_RdyListInsertTail                     0x08005051   Thumb Code    56  os_core.o(i.OS_RdyListInsertTail)
    OS_RdyListMoveHeadToTail                 0x0800508d   Thumb Code    68  os_core.o(i.OS_RdyListMoveHeadToTail)
    OS_RdyListRemove                         0x080050d1   Thumb Code    86  os_core.o(i.OS_RdyListRemove)
    OS_Sched0                                0x0800512d   Thumb Code    68  os_core.o(i.OS_Sched0)
    OS_SchedLockTimeMeasStart                0x08005181   Thumb Code    20  os_core.o(i.OS_SchedLockTimeMeasStart)
    OS_SchedLockTimeMeasStop                 0x0800519d   Thumb Code    44  os_core.o(i.OS_SchedLockTimeMeasStop)
    OS_SchedRoundRobin                       0x080051d9   Thumb Code   218  os_core.o(i.OS_SchedRoundRobin)
    OS_SemInit                               0x080052c5   Thumb Code    14  os_sem.o(i.OS_SemInit)
    OS_SemPost                               0x080052dd   Thumb Code   404  os_sem.o(i.OS_SemPost)
    OS_StatTask                              0x08005475   Thumb Code   876  os_stat.o(i.OS_StatTask)
    OS_StatTaskInit                          0x08005829   Thumb Code   136  os_stat.o(i.OS_StatTaskInit)
    OS_TaskBlock                             0x080058f5   Thumb Code    40  os_core.o(i.OS_TaskBlock)
    OS_TaskChangePrio                        0x08005921   Thumb Code   232  os_task.o(i.OS_TaskChangePrio)
    OS_TaskDbgListAdd                        0x08005a0d   Thumb Code    42  os_task.o(i.OS_TaskDbgListAdd)
    OS_TaskDbgListRemove                     0x08005a3d   Thumb Code    64  os_task.o(i.OS_TaskDbgListRemove)
    OS_TaskInit                              0x08005a81   Thumb Code    18  os_task.o(i.OS_TaskInit)
    OS_TaskInitTCB                           0x08005aa1   Thumb Code   194  os_task.o(i.OS_TaskInitTCB)
    OS_TaskQPost                             0x08005b71   Thumb Code   606  os_task.o(i.OS_TaskQPost)
    OS_TaskResume                            0x08005ddd   Thumb Code   374  os_task.o(i.OS_TaskResume)
    OS_TaskReturn                            0x08005f59   Thumb Code    20  os_task.o(i.OS_TaskReturn)
    OS_TaskSemPost                           0x08005f71   Thumb Code  1438  os_task.o(i.OS_TaskSemPost)
    OS_TaskSuspend                           0x08006519   Thumb Code   392  os_task.o(i.OS_TaskSuspend)
    OS_TickListInsert                        0x080066a9   Thumb Code   134  os_tick.o(i.OS_TickListInsert)
    OS_TickListInsertDly                     0x08006731   Thumb Code   180  os_tick.o(i.OS_TickListInsertDly)
    OS_TickListRemove                        0x080067ed   Thumb Code    88  os_tick.o(i.OS_TickListRemove)
    OS_TickListResetPeak                     0x08006845   Thumb Code     2  os_tick.o(i.OS_TickListResetPeak)
    OS_TickTask                              0x08006b25   Thumb Code   236  os_tick.o(i.OS_TickTask)
    OS_TickTaskInit                          0x08006c21   Thumb Code   140  os_tick.o(i.OS_TickTaskInit)
    OS_TmrInit                               0x08006ce9   Thumb Code   200  os_tmr.o(i.OS_TmrInit)
    OS_TmrResetPeak                          0x08006e35   Thumb Code     2  os_tmr.o(i.OS_TmrResetPeak)
    OS_TmrTask                               0x08006e39   Thumb Code   134  os_tmr.o(i.OS_TmrTask)
    OS_TmrUnlink                             0x08006ecd   Thumb Code    58  os_tmr.o(i.OS_TmrUnlink)
    RCC_AHB1PeriphClockCmd                   0x08006f25   Thumb Code    26  stm32f4xx_rcc.o(i.RCC_AHB1PeriphClockCmd)
    RCC_APB1PeriphClockCmd                   0x08006f45   Thumb Code    26  stm32f4xx_rcc.o(i.RCC_APB1PeriphClockCmd)
    RCC_APB2PeriphClockCmd                   0x08006f65   Thumb Code    26  stm32f4xx_rcc.o(i.RCC_APB2PeriphClockCmd)
    RCC_GetClocksFreq                        0x08006f85   Thumb Code   214  stm32f4xx_rcc.o(i.RCC_GetClocksFreq)
    STMFLASH_GetFlashSector                  0x0800706d   Thumb Code   116  bsp_stmflash.o(i.STMFLASH_GetFlashSector)
    STMFLASH_Read                            0x0800710d   Thumb Code    32  bsp_stmflash.o(i.STMFLASH_Read)
    STMFLASH_ReadWord                        0x0800712d   Thumb Code     6  bsp_stmflash.o(i.STMFLASH_ReadWord)
    STMFLASH_Write                           0x08007135   Thumb Code   146  bsp_stmflash.o(i.STMFLASH_Write)
    SVC_Handler                              0x080071cd   Thumb Code     2  stm32f4xx_it.o(i.SVC_Handler)
    SystemInit                               0x080072bd   Thumb Code    88  system_stm32f4xx.o(i.SystemInit)
    USART1_IRQHandler                        0x08007325   Thumb Code    32  stm32f4xx_it.o(i.USART1_IRQHandler)
    USART_Cmd                                0x08007349   Thumb Code    24  stm32f4xx_usart.o(i.USART_Cmd)
    USART_GetFlagStatus                      0x08007361   Thumb Code    26  stm32f4xx_usart.o(i.USART_GetFlagStatus)
    USART_GetITStatus                        0x0800737b   Thumb Code    84  stm32f4xx_usart.o(i.USART_GetITStatus)
    USART_ITConfig                           0x080073cf   Thumb Code    74  stm32f4xx_usart.o(i.USART_ITConfig)
    USART_Init                               0x08007419   Thumb Code   204  stm32f4xx_usart.o(i.USART_Init)
    USART_ReceiveData                        0x080074ed   Thumb Code    10  stm32f4xx_usart.o(i.USART_ReceiveData)
    USART_SendData                           0x080074f7   Thumb Code     8  stm32f4xx_usart.o(i.USART_SendData)
    UsageFault_Handler                       0x080074ff   Thumb Code     4  stm32f4xx_it.o(i.UsageFault_Handler)
    __0printf$1                              0x08007505   Thumb Code    22  printf1.o(i.__0printf$1)
    __1printf$1                              0x08007505   Thumb Code     0  printf1.o(i.__0printf$1)
    __2printf                                0x08007505   Thumb Code     0  printf1.o(i.__0printf$1)
    __scatterload_copy                       0x08007525   Thumb Code    14  handlers.o(i.__scatterload_copy)
    __scatterload_null                       0x08007533   Thumb Code     2  handlers.o(i.__scatterload_null)
    __scatterload_zeroinit                   0x08007535   Thumb Code    14  handlers.o(i.__scatterload_zeroinit)
    fputc                                    0x08007699   Thumb Code    32  bsp_debug_usart.o(i.fputc)
    main                                     0x080076bd   Thumb Code    68  app.o(i.main)
    TEXT_Buffer                              0x0800771c   Data          28  app.o(.constdata)
    F6x8                                     0x08007738   Data         552  bsp_oled.o(.constdata)
    F8x16                                    0x08007960   Data        1520  bsp_oled.o(.constdata)
    OSCfg_IdleTaskStkBasePtr                 0x08007f50   Data           4  os_cfg_app.o(.constdata)
    OSCfg_IdleTaskStkLimit                   0x08007f54   Data           4  os_cfg_app.o(.constdata)
    OSCfg_IdleTaskStkSize                    0x08007f58   Data           4  os_cfg_app.o(.constdata)
    OSCfg_IdleTaskStkSizeRAM                 0x08007f5c   Data           4  os_cfg_app.o(.constdata)
    OSCfg_IntQBasePtr                        0x08007f60   Data           4  os_cfg_app.o(.constdata)
    OSCfg_IntQSize                           0x08007f64   Data           2  os_cfg_app.o(.constdata)
    OSCfg_IntQSizeRAM                        0x08007f68   Data           4  os_cfg_app.o(.constdata)
    OSCfg_IntQTaskStkBasePtr                 0x08007f6c   Data           4  os_cfg_app.o(.constdata)
    OSCfg_IntQTaskStkLimit                   0x08007f70   Data           4  os_cfg_app.o(.constdata)
    OSCfg_IntQTaskStkSize                    0x08007f74   Data           4  os_cfg_app.o(.constdata)
    OSCfg_IntQTaskStkSizeRAM                 0x08007f78   Data           4  os_cfg_app.o(.constdata)
    OSCfg_ISRStkBasePtr                      0x08007f7c   Data           4  os_cfg_app.o(.constdata)
    OSCfg_ISRStkSize                         0x08007f80   Data           4  os_cfg_app.o(.constdata)
    OSCfg_ISRStkSizeRAM                      0x08007f84   Data           4  os_cfg_app.o(.constdata)
    OSCfg_MsgPoolSize                        0x08007f88   Data           2  os_cfg_app.o(.constdata)
    OSCfg_MsgPoolSizeRAM                     0x08007f8c   Data           4  os_cfg_app.o(.constdata)
    OSCfg_MsgPoolBasePtr                     0x08007f90   Data           4  os_cfg_app.o(.constdata)
    OSCfg_StatTaskPrio                       0x08007f94   Data           1  os_cfg_app.o(.constdata)
    OSCfg_StatTaskRate_Hz                    0x08007f98   Data           4  os_cfg_app.o(.constdata)
    OSCfg_StatTaskStkBasePtr                 0x08007f9c   Data           4  os_cfg_app.o(.constdata)
    OSCfg_StatTaskStkLimit                   0x08007fa0   Data           4  os_cfg_app.o(.constdata)
    OSCfg_StatTaskStkSize                    0x08007fa4   Data           4  os_cfg_app.o(.constdata)
    OSCfg_StatTaskStkSizeRAM                 0x08007fa8   Data           4  os_cfg_app.o(.constdata)
    OSCfg_StkSizeMin                         0x08007fac   Data           4  os_cfg_app.o(.constdata)
    OSCfg_TickRate_Hz                        0x08007fb0   Data           4  os_cfg_app.o(.constdata)
    OSCfg_TickTaskPrio                       0x08007fb4   Data           1  os_cfg_app.o(.constdata)
    OSCfg_TickTaskStkBasePtr                 0x08007fb8   Data           4  os_cfg_app.o(.constdata)
    OSCfg_TickTaskStkLimit                   0x08007fbc   Data           4  os_cfg_app.o(.constdata)
    OSCfg_TickTaskStkSize                    0x08007fc0   Data           4  os_cfg_app.o(.constdata)
    OSCfg_TickTaskStkSizeRAM                 0x08007fc4   Data           4  os_cfg_app.o(.constdata)
    OSCfg_TmrTaskPrio                        0x08007fc8   Data           1  os_cfg_app.o(.constdata)
    OSCfg_TmrTaskRate_Hz                     0x08007fcc   Data           4  os_cfg_app.o(.constdata)
    OSCfg_TmrTaskStkBasePtr                  0x08007fd0   Data           4  os_cfg_app.o(.constdata)
    OSCfg_TmrTaskStkLimit                    0x08007fd4   Data           4  os_cfg_app.o(.constdata)
    OSCfg_TmrTaskStkSize                     0x08007fd8   Data           4  os_cfg_app.o(.constdata)
    OSCfg_TmrTaskStkSizeRAM                  0x08007fdc   Data           4  os_cfg_app.o(.constdata)
    OSCfg_DataSizeRAM                        0x08007fe0   Data           4  os_cfg_app.o(.constdata)
    OSDbg_DbgEn                              0x08007fe4   Data           1  os_dbg.o(.constdata)
    OSDbg_ArgChkEn                           0x08007fe5   Data           1  os_dbg.o(.constdata)
    OSDbg_AppHooksEn                         0x08007fe6   Data           1  os_dbg.o(.constdata)
    OSDbg_EndiannessTest                     0x08007fe8   Data           4  os_dbg.o(.constdata)
    OSDbg_CalledFromISRChkEn                 0x08007fec   Data           1  os_dbg.o(.constdata)
    OSDbg_FlagEn                             0x08007fed   Data           1  os_dbg.o(.constdata)
    OSDbg_FlagGrp                            0x08007ff0   Data          40  os_dbg.o(.constdata)
    OSDbg_FlagDelEn                          0x08008018   Data           1  os_dbg.o(.constdata)
    OSDbg_FlagModeClrEn                      0x08008019   Data           1  os_dbg.o(.constdata)
    OSDbg_FlagPendAbortEn                    0x0800801a   Data           1  os_dbg.o(.constdata)
    OSDbg_FlagGrpSize                        0x0800801c   Data           2  os_dbg.o(.constdata)
    OSDbg_FlagWidth                          0x0800801e   Data           2  os_dbg.o(.constdata)
    OSDbg_IntQ                               0x08008020   Data           2  os_dbg.o(.constdata)
    OSDbg_ISRPostDeferredEn                  0x08008022   Data           1  os_dbg.o(.constdata)
    OSDbg_Mem                                0x08008024   Data          32  os_dbg.o(.constdata)
    OSDbg_MemEn                              0x08008044   Data           1  os_dbg.o(.constdata)
    OSDbg_MemSize                            0x08008046   Data           2  os_dbg.o(.constdata)
    OSDbg_MsgEn                              0x08008048   Data           1  os_dbg.o(.constdata)
    OSDbg_MsgSize                            0x0800804a   Data           2  os_dbg.o(.constdata)
    OSDbg_MsgPoolSize                        0x0800804c   Data           2  os_dbg.o(.constdata)
    OSDbg_MsgQSize                           0x0800804e   Data           2  os_dbg.o(.constdata)
    OSDbg_Mutex                              0x08008050   Data          48  os_dbg.o(.constdata)
    OSDbg_MutexEn                            0x08008080   Data           1  os_dbg.o(.constdata)
    OSDbg_MutexDelEn                         0x08008081   Data           1  os_dbg.o(.constdata)
    OSDbg_MutexPendAbortEn                   0x08008082   Data           1  os_dbg.o(.constdata)
    OSDbg_MutexSize                          0x08008084   Data           2  os_dbg.o(.constdata)
    OSDbg_ObjTypeChkEn                       0x08008086   Data           1  os_dbg.o(.constdata)
    OSDbg_PendMultiEn                        0x08008087   Data           1  os_dbg.o(.constdata)
    OSDbg_PendDataSize                       0x08008088   Data           2  os_dbg.o(.constdata)
    OSDbg_PendListSize                       0x0800808a   Data           2  os_dbg.o(.constdata)
    OSDbg_PendObjSize                        0x0800808c   Data           2  os_dbg.o(.constdata)
    OSDbg_PrioMax                            0x0800808e   Data           2  os_dbg.o(.constdata)
    OSDbg_PrioTblSize                        0x08008090   Data           2  os_dbg.o(.constdata)
    OSDbg_PtrSize                            0x08008092   Data           2  os_dbg.o(.constdata)
    OSDbg_Q                                  0x08008094   Data          48  os_dbg.o(.constdata)
    OSDbg_QEn                                0x080080c4   Data           1  os_dbg.o(.constdata)
    OSDbg_QDelEn                             0x080080c5   Data           1  os_dbg.o(.constdata)
    OSDbg_QFlushEn                           0x080080c6   Data           1  os_dbg.o(.constdata)
    OSDbg_QPendAbortEn                       0x080080c7   Data           1  os_dbg.o(.constdata)
    OSDbg_QSize                              0x080080c8   Data           2  os_dbg.o(.constdata)
    OSDbg_SchedRoundRobinEn                  0x080080ca   Data           1  os_dbg.o(.constdata)
    OSDbg_Sem                                0x080080cc   Data          40  os_dbg.o(.constdata)
    OSDbg_SemEn                              0x080080f4   Data           1  os_dbg.o(.constdata)
    OSDbg_SemDelEn                           0x080080f5   Data           1  os_dbg.o(.constdata)
    OSDbg_SemPendAbortEn                     0x080080f6   Data           1  os_dbg.o(.constdata)
    OSDbg_SemSetEn                           0x080080f7   Data           1  os_dbg.o(.constdata)
    OSDbg_SemSize                            0x080080f8   Data           2  os_dbg.o(.constdata)
    OSDbg_RdyList                            0x080080fa   Data           2  os_dbg.o(.constdata)
    OSDbg_RdyListSize                        0x080080fc   Data           4  os_dbg.o(.constdata)
    OSDbg_StkWidth                           0x08008100   Data           1  os_dbg.o(.constdata)
    OSDbg_StatTaskEn                         0x08008101   Data           1  os_dbg.o(.constdata)
    OSDbg_StatTaskStkChkEn                   0x08008102   Data           1  os_dbg.o(.constdata)
    OSDbg_TaskChangePrioEn                   0x08008103   Data           1  os_dbg.o(.constdata)
    OSDbg_TaskDelEn                          0x08008104   Data           1  os_dbg.o(.constdata)
    OSDbg_TaskQEn                            0x08008105   Data           1  os_dbg.o(.constdata)
    OSDbg_TaskQPendAbortEn                   0x08008106   Data           1  os_dbg.o(.constdata)
    OSDbg_TaskProfileEn                      0x08008107   Data           1  os_dbg.o(.constdata)
    OSDbg_TaskRegTblSize                     0x08008108   Data           2  os_dbg.o(.constdata)
    OSDbg_TaskSemPendAbortEn                 0x0800810a   Data           1  os_dbg.o(.constdata)
    OSDbg_TaskSuspendEn                      0x0800810b   Data           1  os_dbg.o(.constdata)
    OSDbg_TCBSize                            0x0800810c   Data           2  os_dbg.o(.constdata)
    OSDbg_TickListSize                       0x0800810e   Data           2  os_dbg.o(.constdata)
    OSDbg_TimeDlyHMSMEn                      0x08008110   Data           1  os_dbg.o(.constdata)
    OSDbg_TimeDlyResumeEn                    0x08008111   Data           1  os_dbg.o(.constdata)
    OSDbg_TLS_TblSize                        0x08008112   Data           2  os_dbg.o(.constdata)
    OSDbg_Tmr                                0x08008114   Data          48  os_dbg.o(.constdata)
    OSDbg_TmrEn                              0x08008144   Data           1  os_dbg.o(.constdata)
    OSDbg_TmrDelEn                           0x08008145   Data           1  os_dbg.o(.constdata)
    OSDbg_TmrSize                            0x08008146   Data           2  os_dbg.o(.constdata)
    OSDbg_VersionNbr                         0x08008148   Data           2  os_dbg.o(.constdata)
    OSDbg_DataSize                           0x0800814c   Data           4  os_dbg.o(.constdata)
    Region$$Table$$Base                      0x08008150   Number         0  anon$$obj.o(Region$$Table)
    Region$$Table$$Limit                     0x08008170   Number         0  anon$$obj.o(Region$$Table)
    TimeStart                                0x20000010   Data           4  app.o(.data)
    TimeEnd                                  0x20000014   Data           4  app.o(.data)
    TimeUse                                  0x20000018   Data           4  app.o(.data)
    Hzk                                      0x2000001d   Data          64  bsp_oled.o(.data)
    CMD_Data                                 0x2000005d   Data          27  bsp_oled.o(.data)
    CPU_TS_TmrFreq_Hz                        0x20000078   Data           4  cpu_core.o(.data)
    CPU_IntDisMeasCtr                        0x2000007c   Data           2  cpu_core.o(.data)
    CPU_IntDisNestCtr                        0x2000007e   Data           2  cpu_core.o(.data)
    CPU_IntDisMeasStart_cnts                 0x20000080   Data           4  cpu_core.o(.data)
    CPU_IntDisMeasStop_cnts                  0x20000084   Data           4  cpu_core.o(.data)
    CPU_IntDisMeasOvrhd_cnts                 0x20000088   Data           4  cpu_core.o(.data)
    CPU_IntDisMeasMaxCur_cnts                0x2000008c   Data           4  cpu_core.o(.data)
    CPU_IntDisMeasMax_cnts                   0x20000090   Data           4  cpu_core.o(.data)
    Mem_SegHeadPtr                           0x20000094   Data           4  lib_mem.o(.data)
    OSPrioTbl                                0x20000098   Data           4  os_prio.o(.data)
    OS_AppTaskCreateHookPtr                  0x2000009c   Data           4  os_var.o(.data)
    OS_AppTaskDelHookPtr                     0x200000a0   Data           4  os_var.o(.data)
    OS_AppTaskReturnHookPtr                  0x200000a4   Data           4  os_var.o(.data)
    OS_AppIdleTaskHookPtr                    0x200000a8   Data           4  os_var.o(.data)
    OS_AppStatTaskHookPtr                    0x200000ac   Data           4  os_var.o(.data)
    OS_AppTaskSwHookPtr                      0x200000b0   Data           4  os_var.o(.data)
    OS_AppTimeTickHookPtr                    0x200000b4   Data           4  os_var.o(.data)
    OSIdleTaskCtr                            0x200000b8   Data           4  os_var.o(.data)
    OSIntNestingCtr                          0x200000bc   Data           1  os_var.o(.data)
    OSIntDisTimeMax                          0x200000c0   Data           4  os_var.o(.data)
    OSRunning                                0x200000c4   Data           1  os_var.o(.data)
    OSIntQInPtr                              0x200000c8   Data           4  os_var.o(.data)
    OSIntQOutPtr                             0x200000cc   Data           4  os_var.o(.data)
    OSIntQNbrEntries                         0x200000d0   Data           2  os_var.o(.data)
    OSIntQNbrEntriesMax                      0x200000d2   Data           2  os_var.o(.data)
    OSIntQOvfCtr                             0x200000d4   Data           2  os_var.o(.data)
    OSIntQTaskTimeMax                        0x200000d8   Data           4  os_var.o(.data)
    OSFlagDbgListPtr                         0x200000dc   Data           4  os_var.o(.data)
    OSFlagQty                                0x200000e0   Data           2  os_var.o(.data)
    OSMemDbgListPtr                          0x200000e4   Data           4  os_var.o(.data)
    OSMemQty                                 0x200000e8   Data           2  os_var.o(.data)
    OSMutexDbgListPtr                        0x200000ec   Data           4  os_var.o(.data)
    OSMutexQty                               0x200000f0   Data           2  os_var.o(.data)
    OSPrioCur                                0x200000f2   Data           1  os_var.o(.data)
    OSPrioHighRdy                            0x200000f3   Data           1  os_var.o(.data)
    OSPrioSaved                              0x200000f4   Data           1  os_var.o(.data)
    OSQDbgListPtr                            0x200000f8   Data           4  os_var.o(.data)
    OSQQty                                   0x200000fc   Data           2  os_var.o(.data)
    OSSchedLockTimeBegin                     0x20000100   Data           4  os_var.o(.data)
    OSSchedLockTimeMax                       0x20000104   Data           4  os_var.o(.data)
    OSSchedLockTimeMaxCur                    0x20000108   Data           4  os_var.o(.data)
    OSSchedLockNestingCtr                    0x2000010c   Data           1  os_var.o(.data)
    OSSchedRoundRobinDfltTimeQuanta          0x20000110   Data           4  os_var.o(.data)
    OSSchedRoundRobinEn                      0x20000114   Data           1  os_var.o(.data)
    OSSemDbgListPtr                          0x20000118   Data           4  os_var.o(.data)
    OSSemQty                                 0x2000011c   Data           2  os_var.o(.data)
    OSStatResetFlag                          0x2000011e   Data           1  os_var.o(.data)
    OSStatTaskCPUUsage                       0x20000120   Data           2  os_var.o(.data)
    OSStatTaskCPUUsageMax                    0x20000122   Data           2  os_var.o(.data)
    OSStatTaskCtr                            0x20000124   Data           4  os_var.o(.data)
    OSStatTaskCtrMax                         0x20000128   Data           4  os_var.o(.data)
    OSStatTaskCtrRun                         0x2000012c   Data           4  os_var.o(.data)
    OSStatTaskRdy                            0x20000130   Data           1  os_var.o(.data)
    OSStatTaskTimeMax                        0x20000134   Data           4  os_var.o(.data)
    OSTaskCtxSwCtr                           0x20000138   Data           4  os_var.o(.data)
    OSTaskDbgListPtr                         0x2000013c   Data           4  os_var.o(.data)
    OSTaskQty                                0x20000140   Data           2  os_var.o(.data)
    OSTaskRegNextAvailID                     0x20000142   Data           1  os_var.o(.data)
    OSTickCtr                                0x20000144   Data           4  os_var.o(.data)
    OSTickTaskTimeMax                        0x20000148   Data           4  os_var.o(.data)
    OSTickListDly                            0x2000014c   Data           8  os_var.o(.data)
    OSTickListTimeout                        0x20000154   Data           8  os_var.o(.data)
    OSTmrDbgListPtr                          0x2000015c   Data           4  os_var.o(.data)
    OSTmrListEntries                         0x20000160   Data           2  os_var.o(.data)
    OSTmrListPtr                             0x20000164   Data           4  os_var.o(.data)
    OSTmrQty                                 0x20000168   Data           2  os_var.o(.data)
    OSTmrTaskTimeMax                         0x2000016c   Data           4  os_var.o(.data)
    OSTmrTickCtr                             0x20000170   Data           4  os_var.o(.data)
    OSTmrUpdateCnt                           0x20000174   Data           4  os_var.o(.data)
    OSTmrUpdateCtr                           0x20000178   Data           4  os_var.o(.data)
    OSTCBCurPtr                              0x2000017c   Data           4  os_var.o(.data)
    OSTCBHighRdyPtr                          0x20000180   Data           4  os_var.o(.data)
    OS_CPU_ExceptStkBase                     0x20000184   Data           4  os_cpu_c.o(.data)
    __stdout                                 0x20000188   Data           4  stdout.o(.data)
    flag_grp                                 0x20002788   Data          40  app.o(.bss)
    datatemp                                 0x200027b0   Data          28  app.o(.bss)
    CPU_Name                                 0x200027cc   Data          16  cpu_core.o(.bss)
    Mem_Heap                                 0x200027dc   Data        3072  lib_mem.o(.bss)
    Mem_SegHeap                              0x200033dc   Data          20  lib_mem.o(.bss)
    OSCfg_IdleTaskStk                        0x200033f0   Data         256  os_cfg_app.o(.bss)
    OSCfg_IntQ                               0x200034f0   Data         320  os_cfg_app.o(.bss)
    OSCfg_IntQTaskStk                        0x20003630   Data         400  os_cfg_app.o(.bss)
    OSCfg_ISRStk                             0x200037c0   Data         400  os_cfg_app.o(.bss)
    OSCfg_MsgPool                            0x20003950   Data        1600  os_cfg_app.o(.bss)
    OSCfg_StatTaskStk                        0x20003f90   Data         400  os_cfg_app.o(.bss)
    OSCfg_TickTaskStk                        0x20004120   Data         400  os_cfg_app.o(.bss)
    OSCfg_TmrTaskStk                         0x200042b0   Data         400  os_cfg_app.o(.bss)
    OSIdleTaskTCB                            0x20004440   Data         204  os_var.o(.bss)
    OSIntQTaskTCB                            0x2000450c   Data         204  os_var.o(.bss)
    OSMsgPool                                0x200045d8   Data          12  os_var.o(.bss)
    OSRdyList                                0x200045e4   Data         384  os_var.o(.bss)
    OSStatTaskTCB                            0x20004764   Data         204  os_var.o(.bss)
    OSTickTaskTCB                            0x20004830   Data         204  os_var.o(.bss)
    OSTmrMutex                               0x200048fc   Data          48  os_var.o(.bss)
    OSTmrTaskTCB                             0x2000492c   Data         204  os_var.o(.bss)
    __initial_sp                             0x20004df8   Data           0  startup_stm32f40xx.o(STACK)



==============================================================================

Memory Map of the image

  Image Entry point : 0x08000189

  Load Region LR_IROM1 (Base: 0x08000000, Size: 0x000082fc, Max: 0x00080000, ABSOLUTE, COMPRESSED[0x000081d4])

    Execution Region ER_IROM1 (Exec base: 0x08000000, Load base: 0x08000000, Size: 0x00008170, Max: 0x00080000, ABSOLUTE)

    Exec Addr    Load Addr    Size         Type   Attr      Idx    E Section Name        Object

    0x08000000   0x08000000   0x00000188   Data   RO            3    RESET               startup_stm32f40xx.o
    0x08000188   0x08000188   0x00000000   Code   RO         7543  * .ARM.Collect$$$$00000000  mc_w.l(entry.o)
    0x08000188   0x08000188   0x00000004   Code   RO         7809    .ARM.Collect$$$$00000001  mc_w.l(entry2.o)
    0x0800018c   0x0800018c   0x00000004   Code   RO         7812    .ARM.Collect$$$$00000004  mc_w.l(entry5.o)
    0x08000190   0x08000190   0x00000000   Code   RO         7814    .ARM.Collect$$$$00000008  mc_w.l(entry7b.o)
    0x08000190   0x08000190   0x00000000   Code   RO         7816    .ARM.Collect$$$$0000000A  mc_w.l(entry8b.o)
    0x08000190   0x08000190   0x00000008   Code   RO         7817    .ARM.Collect$$$$0000000B  mc_w.l(entry9a.o)
    0x08000198   0x08000198   0x00000000   Code   RO         7819    .ARM.Collect$$$$0000000D  mc_w.l(entry10a.o)
    0x08000198   0x08000198   0x00000000   Code   RO         7821    .ARM.Collect$$$$0000000F  mc_w.l(entry11a.o)
    0x08000198   0x08000198   0x00000004   Code   RO         7810    .ARM.Collect$$$$00002712  mc_w.l(entry2.o)
    0x0800019c   0x0800019c   0x0000004c   Code   RO            4    .text               startup_stm32f40xx.o
    0x080001e8   0x080001e8   0x00000034   Code   RO         5753    .text               cpu_a.o
    0x0800021c   0x0800021c   0x0000002c   Code   RO         7824    .text               mc_w.l(uidiv.o)
    0x08000248   0x08000248   0x00000024   Code   RO         7841    .text               mc_w.l(init.o)
    0x0800026c   0x0800026c   0x00000056   Code   RO         7855    .text               mc_w.l(__dczerorl2.o)
    0x080002c2   0x080002c2   0x00000002   PAD
    0x080002c4   0x080002c4   0x0000010c   Code   RO         7455    CODE                os_cpu_a.o
    0x080003d0   0x080003d0   0x00000120   Code   RO         4853    i.AppTaskKey        app.o
    0x080004f0   0x080004f0   0x000000c0   Code   RO         4854    i.AppTaskLed2       app.o
    0x080005b0   0x080005b0   0x0000007c   Code   RO         4855    i.AppTaskLed3       app.o
    0x0800062c   0x0800062c   0x00000048   Code   RO         4856    i.AppTaskPend       app.o
    0x08000674   0x08000674   0x00000200   Code   RO         4857    i.AppTaskStart      app.o
    0x08000874   0x08000874   0x0000000e   Code   RO         5238    i.BSP_CPU_ClkFreq   bsp.o
    0x08000882   0x08000882   0x00000014   Code   RO         5239    i.BSP_Init          bsp.o
    0x08000896   0x08000896   0x00000004   Code   RO         4765    i.BusFault_Handler  stm32f4xx_it.o
    0x0800089a   0x0800089a   0x00000010   Code   RO         5595    i.CPU_Init          cpu_core.o
    0x080008aa   0x080008aa   0x00000002   PAD
    0x080008ac   0x080008ac   0x00000084   Code   RO         5596    i.CPU_IntDisMeasInit  cpu_core.o
    0x08000930   0x08000930   0x0000001c   Code   RO         5597    i.CPU_IntDisMeasMaxCalc  cpu_core.o
    0x0800094c   0x0800094c   0x0000002c   Code   RO         5598    i.CPU_IntDisMeasMaxCurGet  cpu_core.o
    0x08000978   0x08000978   0x0000002c   Code   RO         5599    i.CPU_IntDisMeasMaxCurReset  cpu_core.o
    0x080009a4   0x080009a4   0x0000002c   Code   RO         5600    i.CPU_IntDisMeasMaxGet  cpu_core.o
    0x080009d0   0x080009d0   0x00000034   Code   RO         5601    i.CPU_IntDisMeasStart  cpu_core.o
    0x08000a04   0x08000a04   0x00000054   Code   RO         5602    i.CPU_IntDisMeasStop  cpu_core.o
    0x08000a58   0x08000a58   0x00000038   Code   RO         5603    i.CPU_NameClr       cpu_core.o
    0x08000a90   0x08000a90   0x00000008   Code   RO         5605    i.CPU_NameInit      cpu_core.o
    0x08000a98   0x08000a98   0x00000004   Code   RO         5607    i.CPU_SW_Exception  cpu_core.o
    0x08000a9c   0x08000a9c   0x00000014   Code   RO         5609    i.CPU_TS_Init       cpu_core.o
    0x08000ab0   0x08000ab0   0x0000000c   Code   RO         5611    i.CPU_TS_TmrFreqSet  cpu_core.o
    0x08000abc   0x08000abc   0x00000034   Code   RO         5242    i.CPU_TS_TmrInit    bsp.o
    0x08000af0   0x08000af0   0x0000000c   Code   RO         5243    i.CPU_TS_TmrRd      bsp.o
    0x08000afc   0x08000afc   0x00000002   Code   RO         4766    i.DebugMon_Handler  stm32f4xx_it.o
    0x08000afe   0x08000afe   0x00000002   PAD
    0x08000b00   0x08000b00   0x000000a8   Code   RO         5305    i.Debug_USART_Config  bsp_debug_usart.o
    0x08000ba8   0x08000ba8   0x00000024   Code   RO         1410    i.FLASH_DataCacheCmd  stm32f4xx_flash.o
    0x08000bcc   0x08000bcc   0x00000088   Code   RO         1415    i.FLASH_EraseSector  stm32f4xx_flash.o
    0x08000c54   0x08000c54   0x00000054   Code   RO         1417    i.FLASH_GetStatus   stm32f4xx_flash.o
    0x08000ca8   0x08000ca8   0x00000014   Code   RO         1421    i.FLASH_Lock        stm32f4xx_flash.o
    0x08000cbc   0x08000cbc   0x00000050   Code   RO         1445    i.FLASH_ProgramWord  stm32f4xx_flash.o
    0x08000d0c   0x08000d0c   0x00000024   Code   RO         1447    i.FLASH_Unlock      stm32f4xx_flash.o
    0x08000d30   0x08000d30   0x00000022   Code   RO         1448    i.FLASH_WaitForLastOperation  stm32f4xx_flash.o
    0x08000d52   0x08000d52   0x00000090   Code   RO         1857    i.GPIO_Init         stm32f4xx_gpio.o
    0x08000de2   0x08000de2   0x00000046   Code   RO         1858    i.GPIO_PinAFConfig  stm32f4xx_gpio.o
    0x08000e28   0x08000e28   0x00000012   Code   RO         1861    i.GPIO_ReadInputDataBit  stm32f4xx_gpio.o
    0x08000e3a   0x08000e3a   0x00000004   Code   RO         1865    i.GPIO_SetBits      stm32f4xx_gpio.o
    0x08000e3e   0x08000e3e   0x00000004   Code   RO         4767    i.HardFault_Handler  stm32f4xx_it.o
    0x08000e42   0x08000e42   0x00000002   PAD
    0x08000e44   0x08000e44   0x00000090   Code   RO         5403    i.I2C2_Init         bsp_i2c.o
    0x08000ed4   0x08000ed4   0x0000008c   Code   RO         5404    i.I2C2_Write        bsp_i2c.o
    0x08000f60   0x08000f60   0x0000002a   Code   RO         2148    i.I2C_CheckEvent    stm32f4xx_i2c.o
    0x08000f8a   0x08000f8a   0x00000018   Code   RO         2151    i.I2C_Cmd           stm32f4xx_i2c.o
    0x08000fa2   0x08000fa2   0x00000018   Code   RO         2159    i.I2C_GenerateSTART  stm32f4xx_i2c.o
    0x08000fba   0x08000fba   0x00000018   Code   RO         2160    i.I2C_GenerateSTOP  stm32f4xx_i2c.o
    0x08000fd2   0x08000fd2   0x0000003a   Code   RO         2161    i.I2C_GetFlagStatus  stm32f4xx_i2c.o
    0x0800100c   0x0800100c   0x000000e8   Code   RO         2166    i.I2C_Init          stm32f4xx_i2c.o
    0x080010f4   0x080010f4   0x00000010   Code   RO         2173    i.I2C_Send7bitAddress  stm32f4xx_i2c.o
    0x08001104   0x08001104   0x00000004   Code   RO         2174    i.I2C_SendData      stm32f4xx_i2c.o
    0x08001108   0x08001108   0x00000012   Code   RO         5364    i.Key_Delay         bsp_key.o
    0x0800111a   0x0800111a   0x00000002   PAD
    0x0800111c   0x0800111c   0x0000003c   Code   RO         5365    i.Key_GPIO_Config   bsp_key.o
    0x08001158   0x08001158   0x0000003c   Code   RO         5366    i.Key_Scan          bsp_key.o
    0x08001194   0x08001194   0x00000050   Code   RO         5211    i.LED_GPIO_Config   bsp_led.o
    0x080011e4   0x080011e4   0x00000004   Code   RO         4768    i.MemManage_Handler  stm32f4xx_it.o
    0x080011e8   0x080011e8   0x00000012   Code   RO         5955    i.Mem_Clr           lib_mem.o
    0x080011fa   0x080011fa   0x00000002   PAD
    0x080011fc   0x080011fc   0x0000004c   Code   RO         5965    i.Mem_Init          lib_mem.o
    0x08001248   0x08001248   0x00000052   Code   RO         5978    i.Mem_SegCreate     lib_mem.o
    0x0800129a   0x0800129a   0x00000002   PAD
    0x0800129c   0x0800129c   0x00000020   Code   RO         5979    i.Mem_SegCreateCritical  lib_mem.o
    0x080012bc   0x080012bc   0x00000054   Code   RO         5982    i.Mem_Set           lib_mem.o
    0x08001310   0x08001310   0x00000002   Code   RO         4769    i.NMI_Handler       stm32f4xx_it.o
    0x08001312   0x08001312   0x0000002a   Code   RO         5306    i.NVIC_Configuration  bsp_debug_usart.o
    0x0800133c   0x0800133c   0x00000078   Code   RO          155    i.NVIC_Init         misc.o
    0x080013b4   0x080013b4   0x00000014   Code   RO          156    i.NVIC_PriorityGroupConfig  misc.o
    0x080013c8   0x080013c8   0x00000038   Code   RO         5437    i.OLED_Clear        bsp_oled.o
    0x08001400   0x08001400   0x00000016   Code   RO         5439    i.OLED_Display_On   bsp_oled.o
    0x08001416   0x08001416   0x00000002   PAD
    0x08001418   0x08001418   0x00000020   Code   RO         5440    i.OLED_Init         bsp_oled.o
    0x08001438   0x08001438   0x00000024   Code   RO         5442    i.OLED_Set_Pos      bsp_oled.o
    0x0800145c   0x0800145c   0x0000009c   Code   RO         5444    i.OLED_ShowChar     bsp_oled.o
    0x080014f8   0x080014f8   0x0000003a   Code   RO         5446    i.OLED_ShowString   bsp_oled.o
    0x08001532   0x08001532   0x00000010   Code   RO         5447    i.OLED_WR_CMD       bsp_oled.o
    0x08001542   0x08001542   0x00000010   Code   RO         5448    i.OLED_WR_DATA      bsp_oled.o
    0x08001552   0x08001552   0x00000002   Code   RO         6290    i.OSCfg_Init        os_cfg_app.o
    0x08001554   0x08001554   0x000000e4   Code   RO         6568    i.OSFlagCreate      os_flag.o
    0x08001638   0x08001638   0x00000690   Code   RO         6570    i.OSFlagPend        os_flag.o
    0x08001cc8   0x08001cc8   0x0000009c   Code   RO         6573    i.OSFlagPost        os_flag.o
    0x08001d64   0x08001d64   0x00000014   Code   RO         7458    i.OSIdleTaskHook    os_cpu_c.o
    0x08001d78   0x08001d78   0x0000018c   Code   RO         6313    i.OSInit            os_core.o
    0x08001f04   0x08001f04   0x00000028   Code   RO         7459    i.OSInitHook        os_cpu_c.o
    0x08001f2c   0x08001f2c   0x000000dc   Code   RO         6315    i.OSIntExit         os_core.o
    0x08002008   0x08002008   0x000000e4   Code   RO         6754    i.OSMutexCreate     os_mutex.o
    0x080020ec   0x080020ec   0x00000258   Code   RO         6756    i.OSMutexPend       os_mutex.o
    0x08002344   0x08002344   0x000002cc   Code   RO         6758    i.OSMutexPost       os_mutex.o
    0x08002610   0x08002610   0x000000a4   Code   RO         6316    i.OSSched           os_core.o
    0x080026b4   0x080026b4   0x0000007c   Code   RO         6317    i.OSSchedLock       os_core.o
    0x08002730   0x08002730   0x0000006c   Code   RO         6318    i.OSSchedRoundRobinCfg  os_core.o
    0x0800279c   0x0800279c   0x000000a0   Code   RO         6320    i.OSSchedUnlock     os_core.o
    0x0800283c   0x0800283c   0x00000068   Code   RO         6321    i.OSStart           os_core.o
    0x080028a4   0x080028a4   0x00000168   Code   RO         7049    i.OSStatReset       os_stat.o
    0x08002a0c   0x08002a0c   0x00000100   Code   RO         7050    i.OSStatTaskCPUUsageInit  os_stat.o
    0x08002b0c   0x08002b0c   0x00000014   Code   RO         7460    i.OSStatTaskHook    os_cpu_c.o
    0x08002b20   0x08002b20   0x00000294   Code   RO         7080    i.OSTaskCreate      os_task.o
    0x08002db4   0x08002db4   0x00000018   Code   RO         7461    i.OSTaskCreateHook  os_cpu_c.o
    0x08002dcc   0x08002dcc   0x0000027c   Code   RO         7081    i.OSTaskDel         os_task.o
    0x08003048   0x08003048   0x00000018   Code   RO         7462    i.OSTaskDelHook     os_cpu_c.o
    0x08003060   0x08003060   0x0000005c   Code   RO         7086    i.OSTaskRegGet      os_task.o
    0x080030bc   0x080030bc   0x0000005c   Code   RO         7088    i.OSTaskRegSet      os_task.o
    0x08003118   0x08003118   0x00000088   Code   RO         7089    i.OSTaskResume      os_task.o
    0x080031a0   0x080031a0   0x00000018   Code   RO         7463    i.OSTaskReturnHook  os_cpu_c.o
    0x080031b8   0x080031b8   0x00000250   Code   RO         7090    i.OSTaskSemPend     os_task.o
    0x08003408   0x08003408   0x000000e4   Code   RO         7094    i.OSTaskStkChk      os_task.o
    0x080034ec   0x080034ec   0x000002c4   Code   RO         7464    i.OSTaskStkInit     os_cpu_c.o
    0x080037b0   0x080037b0   0x00000060   Code   RO         7095    i.OSTaskSuspend     os_task.o
    0x08003810   0x08003810   0x000000d4   Code   RO         7465    i.OSTaskSwHook      os_cpu_c.o
    0x080038e4   0x080038e4   0x00000144   Code   RO         7305    i.OSTimeDly         os_time.o
    0x08003a28   0x08003a28   0x0000022c   Code   RO         7306    i.OSTimeDlyHMSM     os_time.o
    0x08003c54   0x08003c54   0x00000044   Code   RO         7310    i.OSTimeTick        os_time.o
    0x08003c98   0x08003c98   0x00000014   Code   RO         7466    i.OSTimeTickHook    os_cpu_c.o
    0x08003cac   0x08003cac   0x00000040   Code   RO         7467    i.OS_CPU_SysTickHandler  os_cpu_c.o
    0x08003cec   0x08003cec   0x00000030   Code   RO         7468    i.OS_CPU_SysTickInit  os_cpu_c.o
    0x08003d1c   0x08003d1c   0x000001ac   Code   RO         6553    i.OS_Dbg_Init       os_dbg.o
    0x08003ec8   0x08003ec8   0x00000040   Code   RO         6574    i.OS_FlagBlock      os_flag.o
    0x08003f08   0x08003f08   0x00000030   Code   RO         6576    i.OS_FlagDbgListAdd  os_flag.o
    0x08003f38   0x08003f38   0x00000018   Code   RO         6578    i.OS_FlagInit       os_flag.o
    0x08003f50   0x08003f50   0x0000027c   Code   RO         6579    i.OS_FlagPost       os_flag.o
    0x080041cc   0x080041cc   0x00000064   Code   RO         6580    i.OS_FlagTaskRdy    os_flag.o
    0x08004230   0x08004230   0x0000004c   Code   RO         6323    i.OS_IdleTask       os_core.o
    0x0800427c   0x0800427c   0x00000070   Code   RO         6324    i.OS_IdleTaskInit   os_core.o
    0x080042ec   0x080042ec   0x00000104   Code   RO         6652    i.OS_IntQPost       os_int.o
    0x080043f0   0x080043f0   0x000001a4   Code   RO         6653    i.OS_IntQRePost     os_int.o
    0x08004594   0x08004594   0x000000c4   Code   RO         6654    i.OS_IntQTask       os_int.o
    0x08004658   0x08004658   0x00000128   Code   RO         6655    i.OS_IntQTaskInit   os_int.o
    0x08004780   0x08004780   0x00000018   Code   RO         6686    i.OS_MemInit        os_mem.o
    0x08004798   0x08004798   0x0000007c   Code   RO         6718    i.OS_MsgPoolInit    os_msg.o
    0x08004814   0x08004814   0x00000044   Code   RO         6719    i.OS_MsgQFreeAll    os_msg.o
    0x08004858   0x08004858   0x0000000e   Code   RO         6721    i.OS_MsgQInit       os_msg.o
    0x08004866   0x08004866   0x00000002   PAD
    0x08004868   0x08004868   0x00000104   Code   RO         6722    i.OS_MsgQPut        os_msg.o
    0x0800496c   0x0800496c   0x00000030   Code   RO         6760    i.OS_MutexDbgListAdd  os_mutex.o
    0x0800499c   0x0800499c   0x00000008   Code   RO         6762    i.OS_MutexGrpAdd    os_mutex.o
    0x080049a4   0x080049a4   0x00000060   Code   RO         6763    i.OS_MutexGrpPostAll  os_mutex.o
    0x08004a04   0x08004a04   0x0000002c   Code   RO         6764    i.OS_MutexGrpPrioFindHighest  os_mutex.o
    0x08004a30   0x08004a30   0x0000001c   Code   RO         6765    i.OS_MutexGrpRemove  os_mutex.o
    0x08004a4c   0x08004a4c   0x00000018   Code   RO         6766    i.OS_MutexInit      os_mutex.o
    0x08004a64   0x08004a64   0x00000068   Code   RO         6325    i.OS_Pend           os_core.o
    0x08004acc   0x08004acc   0x00000028   Code   RO         6328    i.OS_PendDataInit   os_core.o
    0x08004af4   0x08004af4   0x0000005c   Code   RO         6329    i.OS_PendDbgNameAdd  os_core.o
    0x08004b50   0x08004b50   0x00000024   Code   RO         6330    i.OS_PendDbgNameRemove  os_core.o
    0x08004b74   0x08004b74   0x0000003a   Code   RO         6331    i.OS_PendListChangePrio  os_core.o
    0x08004bae   0x08004bae   0x0000000a   Code   RO         6332    i.OS_PendListInit   os_core.o
    0x08004bb8   0x08004bb8   0x00000066   Code   RO         6334    i.OS_PendListInsertPrio  os_core.o
    0x08004c1e   0x08004c1e   0x00000034   Code   RO         6335    i.OS_PendListRemove  os_core.o
    0x08004c52   0x08004c52   0x00000042   Code   RO         6336    i.OS_PendListRemove1  os_core.o
    0x08004c94   0x08004c94   0x000000d6   Code   RO         6339    i.OS_Post           os_core.o
    0x08004d6a   0x08004d6a   0x0000002c   Code   RO         6340    i.OS_Post1          os_core.o
    0x08004d96   0x08004d96   0x00000002   PAD
    0x08004d98   0x08004d98   0x00000028   Code   RO         6868    i.OS_PrioGetHighest  os_prio.o
    0x08004dc0   0x08004dc0   0x00000018   Code   RO         6869    i.OS_PrioInit       os_prio.o
    0x08004dd8   0x08004dd8   0x00000024   Code   RO         6870    i.OS_PrioInsert     os_prio.o
    0x08004dfc   0x08004dfc   0x00000024   Code   RO         6871    i.OS_PrioRemove     os_prio.o
    0x08004e20   0x08004e20   0x00000018   Code   RO         6914    i.OS_QInit          os_q.o
    0x08004e38   0x08004e38   0x00000188   Code   RO         6915    i.OS_QPost          os_q.o
    0x08004fc0   0x08004fc0   0x00000024   Code   RO         6341    i.OS_RdyListInit    os_core.o
    0x08004fe4   0x08004fe4   0x0000002c   Code   RO         6342    i.OS_RdyListInsert  os_core.o
    0x08005010   0x08005010   0x00000040   Code   RO         6343    i.OS_RdyListInsertHead  os_core.o
    0x08005050   0x08005050   0x0000003c   Code   RO         6344    i.OS_RdyListInsertTail  os_core.o
    0x0800508c   0x0800508c   0x00000044   Code   RO         6345    i.OS_RdyListMoveHeadToTail  os_core.o
    0x080050d0   0x080050d0   0x0000005c   Code   RO         6346    i.OS_RdyListRemove  os_core.o
    0x0800512c   0x0800512c   0x00000054   Code   RO         6347    i.OS_Sched0         os_core.o
    0x08005180   0x08005180   0x0000001c   Code   RO         6348    i.OS_SchedLockTimeMeasStart  os_core.o
    0x0800519c   0x0800519c   0x0000003c   Code   RO         6349    i.OS_SchedLockTimeMeasStop  os_core.o
    0x080051d8   0x080051d8   0x000000ec   Code   RO         6350    i.OS_SchedRoundRobin  os_core.o
    0x080052c4   0x080052c4   0x00000018   Code   RO         6986    i.OS_SemInit        os_sem.o
    0x080052dc   0x080052dc   0x00000198   Code   RO         6987    i.OS_SemPost        os_sem.o
    0x08005474   0x08005474   0x000003b4   Code   RO         7051    i.OS_StatTask       os_stat.o
    0x08005828   0x08005828   0x000000cc   Code   RO         7052    i.OS_StatTaskInit   os_stat.o
    0x080058f4   0x080058f4   0x0000002c   Code   RO         6351    i.OS_TaskBlock      os_core.o
    0x08005920   0x08005920   0x000000ec   Code   RO         7097    i.OS_TaskChangePrio  os_task.o
    0x08005a0c   0x08005a0c   0x00000030   Code   RO         7098    i.OS_TaskDbgListAdd  os_task.o
    0x08005a3c   0x08005a3c   0x00000044   Code   RO         7099    i.OS_TaskDbgListRemove  os_task.o
    0x08005a80   0x08005a80   0x00000020   Code   RO         7100    i.OS_TaskInit       os_task.o
    0x08005aa0   0x08005aa0   0x000000d0   Code   RO         7101    i.OS_TaskInitTCB    os_task.o
    0x08005b70   0x08005b70   0x0000026c   Code   RO         7102    i.OS_TaskQPost      os_task.o
    0x08005ddc   0x08005ddc   0x0000017c   Code   RO         7103    i.OS_TaskResume     os_task.o
    0x08005f58   0x08005f58   0x00000018   Code   RO         7104    i.OS_TaskReturn     os_task.o
    0x08005f70   0x08005f70   0x000005a8   Code   RO         7105    i.OS_TaskSemPost    os_task.o
    0x08006518   0x08006518   0x00000190   Code   RO         7106    i.OS_TaskSuspend    os_task.o
    0x080066a8   0x080066a8   0x00000086   Code   RO         7253    i.OS_TickListInsert  os_tick.o
    0x0800672e   0x0800672e   0x00000002   PAD
    0x08006730   0x08006730   0x000000bc   Code   RO         7254    i.OS_TickListInsertDly  os_tick.o
    0x080067ec   0x080067ec   0x00000058   Code   RO         7255    i.OS_TickListRemove  os_tick.o
    0x08006844   0x08006844   0x00000002   Code   RO         7256    i.OS_TickListResetPeak  os_tick.o
    0x08006846   0x08006846   0x00000002   PAD
    0x08006848   0x08006848   0x00000130   Code   RO         7257    i.OS_TickListUpdateDly  os_tick.o
    0x08006978   0x08006978   0x000001ac   Code   RO         7258    i.OS_TickListUpdateTimeout  os_tick.o
    0x08006b24   0x08006b24   0x000000fc   Code   RO         7259    i.OS_TickTask       os_tick.o
    0x08006c20   0x08006c20   0x000000c8   Code   RO         7260    i.OS_TickTaskInit   os_tick.o
    0x08006ce8   0x08006ce8   0x00000134   Code   RO         7356    i.OS_TmrInit        os_tmr.o
    0x08006e1c   0x08006e1c   0x00000018   Code   RO         7357    i.OS_TmrLock        os_tmr.o
    0x08006e34   0x08006e34   0x00000002   Code   RO         7358    i.OS_TmrResetPeak   os_tmr.o
    0x08006e36   0x08006e36   0x00000002   PAD
    0x08006e38   0x08006e38   0x00000094   Code   RO         7359    i.OS_TmrTask        os_tmr.o
    0x08006ecc   0x08006ecc   0x00000044   Code   RO         7360    i.OS_TmrUnlink      os_tmr.o
    0x08006f10   0x08006f10   0x00000014   Code   RO         7361    i.OS_TmrUnlock      os_tmr.o
    0x08006f24   0x08006f24   0x00000020   Code   RO         2561    i.RCC_AHB1PeriphClockCmd  stm32f4xx_rcc.o
    0x08006f44   0x08006f44   0x00000020   Code   RO         2570    i.RCC_APB1PeriphClockCmd  stm32f4xx_rcc.o
    0x08006f64   0x08006f64   0x00000020   Code   RO         2573    i.RCC_APB2PeriphClockCmd  stm32f4xx_rcc.o
    0x08006f84   0x08006f84   0x000000e8   Code   RO         2582    i.RCC_GetClocksFreq  stm32f4xx_rcc.o
    0x0800706c   0x0800706c   0x000000a0   Code   RO         5548    i.STMFLASH_GetFlashSector  bsp_stmflash.o
    0x0800710c   0x0800710c   0x00000020   Code   RO         5549    i.STMFLASH_Read     bsp_stmflash.o
    0x0800712c   0x0800712c   0x00000006   Code   RO         5550    i.STMFLASH_ReadWord  bsp_stmflash.o
    0x08007132   0x08007132   0x00000002   PAD
    0x08007134   0x08007134   0x00000098   Code   RO         5551    i.STMFLASH_Write    bsp_stmflash.o
    0x080071cc   0x080071cc   0x00000002   Code   RO         4771    i.SVC_Handler       stm32f4xx_it.o
    0x080071ce   0x080071ce   0x00000002   PAD
    0x080071d0   0x080071d0   0x000000ec   Code   RO           13    i.SetSysClock       system_stm32f4xx.o
    0x080072bc   0x080072bc   0x00000068   Code   RO           15    i.SystemInit        system_stm32f4xx.o
    0x08007324   0x08007324   0x00000024   Code   RO         4773    i.USART1_IRQHandler  stm32f4xx_it.o
    0x08007348   0x08007348   0x00000018   Code   RO         4511    i.USART_Cmd         stm32f4xx_usart.o
    0x08007360   0x08007360   0x0000001a   Code   RO         4514    i.USART_GetFlagStatus  stm32f4xx_usart.o
    0x0800737a   0x0800737a   0x00000054   Code   RO         4515    i.USART_GetITStatus  stm32f4xx_usart.o
    0x080073ce   0x080073ce   0x0000004a   Code   RO         4517    i.USART_ITConfig    stm32f4xx_usart.o
    0x08007418   0x08007418   0x000000d4   Code   RO         4518    i.USART_Init        stm32f4xx_usart.o
    0x080074ec   0x080074ec   0x0000000a   Code   RO         4525    i.USART_ReceiveData  stm32f4xx_usart.o
    0x080074f6   0x080074f6   0x00000008   Code   RO         4528    i.USART_SendData    stm32f4xx_usart.o
    0x080074fe   0x080074fe   0x00000004   Code   RO         4774    i.UsageFault_Handler  stm32f4xx_it.o
    0x08007502   0x08007502   0x00000002   PAD
    0x08007504   0x08007504   0x00000020   Code   RO         7593    i.__0printf$1       mc_w.l(printf1.o)
    0x08007524   0x08007524   0x0000000e   Code   RO         7849    i.__scatterload_copy  mc_w.l(handlers.o)
    0x08007532   0x08007532   0x00000002   Code   RO         7850    i.__scatterload_null  mc_w.l(handlers.o)
    0x08007534   0x08007534   0x0000000e   Code   RO         7851    i.__scatterload_zeroinit  mc_w.l(handlers.o)
    0x08007542   0x08007542   0x00000002   PAD
    0x08007544   0x08007544   0x00000154   Code   RO         7600    i._printf_core      mc_w.l(printf1.o)
    0x08007698   0x08007698   0x00000024   Code   RO         5311    i.fputc             bsp_debug_usart.o
    0x080076bc   0x080076bc   0x00000060   Code   RO         4858    i.main              app.o
    0x0800771c   0x0800771c   0x0000001c   Data   RO         4860    .constdata          app.o
    0x08007738   0x08007738   0x00000818   Data   RO         5450    .constdata          bsp_oled.o
    0x08007f50   0x08007f50   0x00000094   Data   RO         6292    .constdata          os_cfg_app.o
    0x08007fe4   0x08007fe4   0x0000016c   Data   RO         6554    .constdata          os_dbg.o
    0x08008150   0x08008150   0x00000020   Data   RO         7847    Region$$Table       anon$$obj.o


    Execution Region RW_IRAM1 (Exec base: 0x20000000, Load base: 0x08008170, Size: 0x00004df8, Max: 0x00020000, ABSOLUTE, COMPRESSED[0x00000064])

    Exec Addr    Load Addr    Size         Type   Attr      Idx    E Section Name        Object

    0x20000000   COMPRESSED   0x00000010   Data   RW         2614    .data               stm32f4xx_rcc.o
    0x20000010   COMPRESSED   0x0000000d   Data   RW         4861    .data               app.o
    0x2000001d   COMPRESSED   0x0000005b   Data   RW         5451    .data               bsp_oled.o
    0x20000078   COMPRESSED   0x0000001c   Data   RW         5615    .data               cpu_core.o
    0x20000094   COMPRESSED   0x00000004   Data   RW         5984    .data               lib_mem.o
    0x20000098   COMPRESSED   0x00000004   Data   RW         6872    .data               os_prio.o
    0x2000009c   COMPRESSED   0x000000e8   Data   RW         7442    .data               os_var.o
    0x20000184   COMPRESSED   0x00000004   Data   RW         7469    .data               os_cpu_c.o
    0x20000188   COMPRESSED   0x00000004   Data   RW         7823    .data               mc_w.l(stdout.o)
    0x2000018c        -       0x00002640   Zero   RW         4859    .bss                app.o
    0x200027cc        -       0x00000010   Zero   RW         5613    .bss                cpu_core.o
    0x200027dc        -       0x00000c14   Zero   RW         5983    .bss                lib_mem.o
    0x200033f0        -       0x00001050   Zero   RW         6291    .bss                os_cfg_app.o
    0x20004440        -       0x000005b8   Zero   RW         7441    .bss                os_var.o
    0x200049f8        -       0x00000400   Zero   RW            1    STACK               startup_stm32f40xx.o


==============================================================================

Image component sizes


      Code (inc. data)   RO Data    RW Data    ZI Data      Debug   Object Name

      1284        438         28         13       9792     295679   app.o
        98         14          0          0          0       2133   bsp.o
       246         14          0          0          0       1925   bsp_debug_usart.o
       284         24          0          0          0       1377   bsp_i2c.o
       138          6          0          0          0       2117   bsp_key.o
        80          4          0          0          0        590   bsp_led.o
       392         12       2072         91          0       6427   bsp_oled.o
       350         50          0          0          0       3327   bsp_stmflash.o
        52          0          0          0          0        352   cpu_a.o
         0          0          0          0          0       7840   cpu_c.o
       544         98          0         28         16       9851   cpu_core.o
       292         26          0          4       3092      15373   lib_mem.o
       140         24          0          0          0       1815   misc.o
         0          0          0          0          0      40246   os_app_hooks.o
         2          0        148          0       4176      20791   os_cfg_app.o
      3098        406          0          0          0      22300   os_core.o
       268         14          0          0          0        436   os_cpu_a.o
      1204        170          0          4          0      28591   os_cpu_c.o
       428        280        364          0          0       4797   os_dbg.o
      2936         98          0          0          0       8681   os_flag.o
      1172        202          0          0          0       3682   os_int.o
        24         10          0          0          0        921   os_mem.o
       466         26          0          0          0       3417   os_msg.o
      1792         76          0          0          0       7783   os_mutex.o
       136         16          0          4          0       3018   os_prio.o
       416         20          0          0          0       2302   os_q.o
       432         14          0          0          0       2326   os_sem.o
      1768        212          0          0          0       4243   os_stat.o
      5996        290          0          0          0      17366   os_task.o
      1596        110          0          0          0       6814   os_tick.o
       948         42          0          0          0       3229   os_time.o
       570        142          0          0          0       4215   os_tmr.o
         0          0          0        232       1464      19420   os_var.o
        76         16        392          0       1024       1008   startup_stm32f40xx.o
       426         40          0          0          0       5184   stm32f4xx_flash.o
       236          0          0          0          0       3402   stm32f4xx_gpio.o
       424         14          0          0          0       6314   stm32f4xx_i2c.o
        58          4          0          0          0       5219   stm32f4xx_it.o
       328         36          0         16          0       5139   stm32f4xx_rcc.o
       438          8          0          0          0       6161   stm32f4xx_usart.o
       340         32          0          0          0     291009   system_stm32f4xx.o

    ----------------------------------------------------------------------
     29508       2988       3036        392      19564     876820   Object Totals
         0          0         32          0          0          0   (incl. Generated)
        30          0          0          0          0          0   (incl. Padding)

    ----------------------------------------------------------------------

      Code (inc. data)   RO Data    RW Data    ZI Data      Debug   Library Member Name

        86          0          0          0          0          0   __dczerorl2.o
         0          0          0          0          0          0   entry.o
         0          0          0          0          0          0   entry10a.o
         0          0          0          0          0          0   entry11a.o
         8          4          0          0          0          0   entry2.o
         4          0          0          0          0          0   entry5.o
         0          0          0          0          0          0   entry7b.o
         0          0          0          0          0          0   entry8b.o
         8          4          0          0          0          0   entry9a.o
        30          0          0          0          0          0   handlers.o
        36          8          0          0          0         68   init.o
       372         14          0          0          0        184   printf1.o
         0          0          0          4          0          0   stdout.o
        44          0          0          0          0         80   uidiv.o

    ----------------------------------------------------------------------
       592         30          0          4          0        332   Library Totals
         4          0          0          0          0          0   (incl. Padding)

    ----------------------------------------------------------------------

      Code (inc. data)   RO Data    RW Data    ZI Data      Debug   Library Name

       588         30          0          4          0        332   mc_w.l

    ----------------------------------------------------------------------
       592         30          0          4          0        332   Library Totals

    ----------------------------------------------------------------------

==============================================================================


      Code (inc. data)   RO Data    RW Data    ZI Data      Debug   

     30100       3018       3036        396      19564     857284   Grand Totals
     30100       3018       3036        100      19564     857284   ELF Image Totals (compressed)
     30100       3018       3036        100          0          0   ROM Totals

==============================================================================

    Total RO  Size (Code + RO Data)                33136 (  32.36kB)
    Total RW  Size (RW Data + ZI Data)             19960 (  19.49kB)
    Total ROM Size (Code + RO Data + RW Data)      33236 (  32.46kB)

==============================================================================

